  FCIDUMP file : FCIDUMP/FCIDUMP_AO_Cyclobutadiene
  NORB         : 4
  NELEC        : 4  (nalpha=2, nbeta=2)
  Scalar pot.  :  38.1119021109
===============================================
 Testing CSF optimisation method
===============================================

************************************************
 Testing 'gwh' initial guess method
************************************************

  Initializing L-BFGS optimisation...
    > Num. MOs       =      4
    > Num. params    =      5
    > Max subspace   =     20
    > Max step size   =  0.500
    > Backtracking   =  0.100
    > Parallel tr.   = True
    > Pseudo-canon.  = True
    > Canon interval = 10
    > Hybrid prec.   = True
  ================================================================
           Energy / Eh     Step Len    Max(|G_i|)
  ================================================================
     0    21.4833204235                 7.78e+00
     1    15.5056309604    5.00e-01     7.50e+00    rescaled  
     2    15.3839040565    5.00e-01     1.04e+01    rescaled  
     3    13.7246928847    2.70e-01     2.22e+00              
     4    13.3625518026    9.24e-02     1.73e+00              
     5    12.7981354092    2.52e-01     7.71e-01              
     6    12.7218577155    1.09e-01     1.78e-01              
     7    12.7165802272    3.66e-02     1.63e-02              
     8    12.7164929674    5.02e-03     1.06e-02              
     9    12.7164888266    8.31e-04     7.63e-03              
    10    12.7164876537    2.09e-04     5.35e-04              
    11    12.7164876489    1.46e-05     4.39e-06              
    12    12.7164876489    7.12e-07     7.06e-07              
  ================================================================
  L-BFGS converged in     12 iterations (  0.08 seconds)

  Initializing Davidson diagonalisation...
    > Max iterations =   1000
    > Target states  =      5
    > Convergence    =  1.000e-04
    > Basis per root =      4
    > Max basis size =     20
  Davidson diagonalisation converged in      0 iterations (  0.03 seconds)

   --------------------------
    Converged eigenvalues:   
   --------------------------
       0        2.43792424   
       1        2.43792424   
       2       13.12615563   
       3       13.12615563   
       4       39.00650245   
   --------------------------

 ---------------------------------------------
         Total Energy =    12.71648765 Eh
              Nuclear =    38.11190211 Eh
         One Electron =   -50.32249036 Eh
              Coulomb =    38.11190211 Eh
        ROHF Exchange =   -13.18482621 Eh
 ---------------------------------------------
           <Sz> =  1.00
           <S2> =  2.00
  Spin Coupling = ++

 -----------------------------------------------------------------------------------------------
  Open-Shell Exchange Matrix <Ψ|Êpq Êqp|Ψ> - Np
 -----------------------------------------------------------------------------------------------
           1              2        
   1   0.00000000    -1.00000000   
   2  -1.00000000     0.00000000   

 -----------------------------------------------------------------------------------------------
  Open-Shell Exchange Integrals <pq|qp>
 -----------------------------------------------------------------------------------------------
           1              2        
   1   5.74878060     0.00000000   
   2   0.00000000     5.74878060   

 -----------------------------------------------------------------------------------------------
  Occupied Orbital Coefficients
 -----------------------------------------------------------------------------------------------
           1              2              3        
   1   0.49999994    -0.70710684    -0.00000042   
   2   0.50000004     0.00000039    -0.70710672   
   3   0.50000005     0.70710672     0.00000039   
   4   0.49999998    -0.00000042     0.70710684   

 -----------------------------------------------------------------------------------------------
  Virtual Orbital Coefficients
 -----------------------------------------------------------------------------------------------
           4        
   1  -0.49999998   
   2   0.50000005   
   3  -0.50000004   
   4   0.49999994   

 -----------------------------------------------------------------------------------------------
  Generalised Fock Matrix (MO basis)
 -----------------------------------------------------------------------------------------------
           1              2              3        
   1  -3.14039641     0.00000052    -0.00000030   
   2   0.00000070     1.33602890     0.00000000   
   3  -0.00000028     0.00000000     1.33602895   
   4   0.00000035    -0.00000002     0.00000017   

[[ 0.5      -0.707107 -0.       -0.5     ]
 [ 0.5       0.       -0.707107  0.5     ]
 [ 0.5       0.707107  0.       -0.5     ]
 [ 0.5      -0.        0.707107  0.5     ]]
 Saved MO coefficients to FCIDUMP/FCIDUMP_AO_Cyclobutadiene_gwh_mo_coeff.npy

************************************************
 Testing 'core' initial guess method
************************************************

  Initializing L-BFGS optimisation...
    > Num. MOs       =      4
    > Num. params    =      5
    > Max subspace   =     20
    > Max step size   =  0.500
    > Backtracking   =  0.100
    > Parallel tr.   = True
    > Pseudo-canon.  = True
    > Canon interval = 10
    > Hybrid prec.   = True
  ================================================================
           Energy / Eh     Step Len    Max(|G_i|)
  ================================================================
     0    12.7164876489                 5.37e-15
  ================================================================
  L-BFGS converged in      0 iterations (  0.00 seconds)

  Initializing Davidson diagonalisation...
    > Max iterations =   1000
    > Target states  =      5
    > Convergence    =  1.000e-04
    > Basis per root =      4
    > Max basis size =     20
  Davidson diagonalisation converged in      0 iterations (  0.03 seconds)

   --------------------------
    Converged eigenvalues:   
   --------------------------
       0        2.43792424   
       1        2.43792424   
       2       13.12615563   
       3       13.12615563   
       4       39.00650245   
   --------------------------

 ---------------------------------------------
         Total Energy =    12.71648765 Eh
              Nuclear =    38.11190211 Eh
         One Electron =   -50.32249036 Eh
              Coulomb =    38.11190211 Eh
        ROHF Exchange =   -13.18482621 Eh
 ---------------------------------------------
           <Sz> =  1.00
           <S2> =  2.00
  Spin Coupling = ++

 -----------------------------------------------------------------------------------------------
  Open-Shell Exchange Matrix <Ψ|Êpq Êqp|Ψ> - Np
 -----------------------------------------------------------------------------------------------
           1              2        
   1   0.00000000    -1.00000000   
   2  -1.00000000     0.00000000   

 -----------------------------------------------------------------------------------------------
  Open-Shell Exchange Integrals <pq|qp>
 -----------------------------------------------------------------------------------------------
           1              2        
   1   5.74878060     0.00000000   
   2   0.00000000     5.74878060   

 -----------------------------------------------------------------------------------------------
  Occupied Orbital Coefficients
 -----------------------------------------------------------------------------------------------
           1              2              3        
   1  -0.50000000     0.00000000     0.70710678   
   2  -0.50000000    -0.70710678    -0.00000000   
   3  -0.50000000    -0.00000000    -0.70710678   
   4  -0.50000000     0.70710678    -0.00000000   

 -----------------------------------------------------------------------------------------------
  Virtual Orbital Coefficients
 -----------------------------------------------------------------------------------------------
           4        
   1   0.50000000   
   2  -0.50000000   
   3   0.50000000   
   4  -0.50000000   

 -----------------------------------------------------------------------------------------------
  Generalised Fock Matrix (MO basis)
 -----------------------------------------------------------------------------------------------
           1              2              3        
   1  -3.14039641    -0.00000000    -0.00000000   
   2  -0.00000000     1.33602892    -0.00000000   
   3  -0.00000000     0.00000000     1.33602892   
   4   0.00000000    -0.00000000     0.00000000   

[[-0.5       0.        0.707107  0.5     ]
 [-0.5      -0.707107 -0.       -0.5     ]
 [-0.5      -0.       -0.707107  0.5     ]
 [-0.5       0.707107 -0.       -0.5     ]]
 Saved MO coefficients to FCIDUMP/FCIDUMP_AO_Cyclobutadiene_core_mo_coeff.npy
===============================================
 Testing CSF optimisation with random coefficients
===============================================

************************************************
 Testing random coefficient initial guess method, Trial 0
************************************************

  Initializing L-BFGS optimisation...
    > Num. MOs       =      4
    > Num. params    =      5
    > Max subspace   =     20
    > Max step size   =  0.500
    > Backtracking   =  0.100
    > Parallel tr.   = True
    > Pseudo-canon.  = True
    > Canon interval = 10
    > Hybrid prec.   = True
  ================================================================
           Energy / Eh     Step Len    Max(|G_i|)
  ================================================================
     0    24.4675635186                 3.50e+00
     1    22.7524333318    5.00e-01     4.04e+00    rescaled  
  Step has positive overlap with gradient - reversing direction
     2    20.7253552349    5.00e-01     4.05e+00    reset L-BFGS
     3    18.2875989885    5.00e-01     4.74e+00    rescaled  
     4    18.2875989885    5.00e-01     4.74e+00    understep 
  Step has positive overlap with gradient - reversing direction
     5    16.8233880140    5.00e-01     2.55e+00    reset L-BFGS
     6    15.8663719092    3.81e-01     2.77e+00              
     7    15.5030367720    5.00e-01     3.06e+00    understep 
     8    15.5030367720    5.00e-01     3.06e+00    understep 
  Step has positive overlap with gradient - reversing direction
     9    14.9003681679    5.00e-01     5.16e+00    reset L-BFGS
    10    12.9676306749    3.15e-01     1.62e+00              
    11    12.8009430034    2.04e-01     1.00e+00              
    12    12.7466445201    6.44e-02     3.82e-01              
    13    12.7252674701    5.83e-02     1.96e-01              
    14    12.7171599844    4.56e-02     8.59e-02              
    15    12.7171201506    2.23e-02     1.78e-01              
    16    12.7164881420    5.09e-03     1.75e-03              
    17    12.7164877117    3.74e-04     5.03e-04              
    18    12.7164876714    8.39e-05     3.04e-04              
    19    12.7164876504    1.03e-04     1.87e-04              
    20    12.7164876489    9.30e-06     4.28e-05              
    21    12.7164876489    3.65e-06     1.79e-06              
    22    12.7164876489    2.70e-07     2.02e-07              
  ================================================================
  L-BFGS converged in     22 iterations (  0.07 seconds)

  Initializing Davidson diagonalisation...
    > Max iterations =   1000
    > Target states  =      5
    > Convergence    =  1.000e-04
    > Basis per root =      4
    > Max basis size =     20
  Davidson diagonalisation converged in      0 iterations (  0.01 seconds)

   --------------------------
    Converged eigenvalues:   
   --------------------------
       0        2.43792424   
       1        2.43792424   
       2       13.12615563   
       3       13.12615563   
       4       39.00650245   
   --------------------------

 ---------------------------------------------
         Total Energy =    12.71648765 Eh
              Nuclear =    38.11190211 Eh
         One Electron =   -50.32249036 Eh
              Coulomb =    38.11190211 Eh
        ROHF Exchange =   -13.18482621 Eh
 ---------------------------------------------
           <Sz> =  1.00
           <S2> =  2.00
  Spin Coupling = ++

 -----------------------------------------------------------------------------------------------
  Open-Shell Exchange Matrix <Ψ|Êpq Êqp|Ψ> - Np
 -----------------------------------------------------------------------------------------------
           1              2        
   1   0.00000000    -1.00000000   
   2  -1.00000000     0.00000000   

 -----------------------------------------------------------------------------------------------
  Open-Shell Exchange Integrals <pq|qp>
 -----------------------------------------------------------------------------------------------
           1              2        
   1   5.74878060     0.00000000   
   2   0.00000000     5.74878060   

 -----------------------------------------------------------------------------------------------
  Occupied Orbital Coefficients
 -----------------------------------------------------------------------------------------------
           1              2              3        
   1  -0.50000000     0.70710677    -0.00000110   
   2  -0.50000000    -0.00000110    -0.70710679   
   3  -0.50000000    -0.70710679     0.00000112   
   4  -0.50000000     0.00000112     0.70710678   


************************************************
 Testing random coefficient initial guess method, Trial 1
************************************************

  Initializing L-BFGS optimisation...
    > Num. MOs       =      4
    > Num. params    =      5
    > Max subspace   =     20
    > Max step size   =  0.500
    > Backtracking   =  0.100
    > Parallel tr.   = True
    > Pseudo-canon.  = True
    > Canon interval = 10
    > Hybrid prec.   = True
  ================================================================
           Energy / Eh     Step Len    Max(|G_i|)
  ================================================================
     0    20.0757912892                 7.00e+00
     1    16.2736128095    5.00e-01     3.94e+00    rescaled  
     2    13.7062787842    5.00e-01     3.15e+00    rescaled  
     3    13.1205627839    5.00e-01     2.25e+00    rescaled  
     4    12.7749299260    2.21e-01     5.05e-01              
     5    12.7418448378    5.23e-02     3.01e-01              
     6    12.7213813357    5.50e-02     2.06e-01              
     7    12.7198378002    5.30e-02     4.16e-01              
     8    12.7168270454    1.18e-02     4.21e-02              
     9    12.7166757687    2.65e-03     2.30e-02              
    10    12.7165254953    5.34e-03     1.27e-02              
    11    12.7164888360    2.81e-03     6.28e-03              
    12    12.7164876584    5.09e-04     6.76e-04              
    13    12.7164876489    2.28e-05     1.28e-05              
    14    12.7164876489    3.05e-06     5.91e-07              
  ================================================================
  L-BFGS converged in     14 iterations (  0.03 seconds)

  Initializing Davidson diagonalisation...
    > Max iterations =   1000
    > Target states  =      5
    > Convergence    =  1.000e-04
    > Basis per root =      4
    > Max basis size =     20
  Davidson diagonalisation converged in      0 iterations (  0.00 seconds)

   --------------------------
    Converged eigenvalues:   
   --------------------------
       0        2.43792424   
       1        2.43792424   
       2       13.12615563   
       3       13.12615563   
       4       39.00650245   
   --------------------------

 ---------------------------------------------
         Total Energy =    12.71648765 Eh
              Nuclear =    38.11190211 Eh
         One Electron =   -50.32249036 Eh
              Coulomb =    38.11190211 Eh
        ROHF Exchange =   -13.18482621 Eh
 ---------------------------------------------
           <Sz> =  1.00
           <S2> =  2.00
  Spin Coupling = ++

 -----------------------------------------------------------------------------------------------
  Open-Shell Exchange Matrix <Ψ|Êpq Êqp|Ψ> - Np
 -----------------------------------------------------------------------------------------------
           1              2        
   1   0.00000000    -1.00000000   
   2  -1.00000000     0.00000000   

 -----------------------------------------------------------------------------------------------
  Open-Shell Exchange Integrals <pq|qp>
 -----------------------------------------------------------------------------------------------
           1              2        
   1   5.74878060     0.00000000   
   2   0.00000000     5.74878060   

 -----------------------------------------------------------------------------------------------
  Occupied Orbital Coefficients
 -----------------------------------------------------------------------------------------------
           1              2              3        
   1   0.49999997     0.00000105    -0.70710684   
   2   0.49999990     0.70710689     0.00000103   
   3   0.50000005    -0.00000101     0.70710673   
   4   0.50000009    -0.70710667    -0.00000103   


************************************************
 Testing random coefficient initial guess method, Trial 2
************************************************

  Initializing L-BFGS optimisation...
    > Num. MOs       =      4
    > Num. params    =      5
    > Max subspace   =     20
    > Max step size   =  0.500
    > Backtracking   =  0.100
    > Parallel tr.   = True
    > Pseudo-canon.  = True
    > Canon interval = 10
    > Hybrid prec.   = True
  ================================================================
           Energy / Eh     Step Len    Max(|G_i|)
  ================================================================
     0    18.9721686137                 8.24e+00
     1    13.9552730740    5.00e-01     3.05e+00    rescaled  
     2    13.5906560328    5.00e-01     5.61e+00    rescaled  
     3    12.7831790399    1.51e-01     5.58e-01              
     4    12.7397576233    5.07e-02     2.61e-01              
     5    12.7250579560    3.79e-02     1.80e-01              
     6    12.7174162911    5.59e-02     1.17e-01              
     7    12.7176796562    3.03e-02     1.28e-01              
     8    12.7172132309    2.66e-02     9.89e-02    overstep  
     9    12.7164930416    1.23e-02     4.19e-03              
    10    12.7164906246    4.52e-04     3.14e-03              
    11    12.7164876953    1.06e-03     1.36e-03              
    12    12.7164876532    7.32e-05     5.37e-04              
    13    12.7164876489    1.34e-05     1.36e-05              
    14    12.7164876489    1.65e-06     8.55e-07              
  ================================================================
  L-BFGS converged in     14 iterations (  0.01 seconds)

  Initializing Davidson diagonalisation...
    > Max iterations =   1000
    > Target states  =      5
    > Convergence    =  1.000e-04
    > Basis per root =      4
    > Max basis size =     20
  Davidson diagonalisation converged in      0 iterations (  0.01 seconds)

   --------------------------
    Converged eigenvalues:   
   --------------------------
       0        2.43792424   
       1        2.43792424   
       2       13.12615563   
       3       13.12615563   
       4       39.00650245   
   --------------------------

 ---------------------------------------------
         Total Energy =    12.71648765 Eh
              Nuclear =    38.11190211 Eh
         One Electron =   -50.32249036 Eh
              Coulomb =    38.11190211 Eh
        ROHF Exchange =   -13.18482621 Eh
 ---------------------------------------------
           <Sz> =  1.00
           <S2> =  2.00
  Spin Coupling = ++

 -----------------------------------------------------------------------------------------------
  Open-Shell Exchange Matrix <Ψ|Êpq Êqp|Ψ> - Np
 -----------------------------------------------------------------------------------------------
           1              2        
   1   0.00000000    -1.00000000   
   2  -1.00000000     0.00000000   

 -----------------------------------------------------------------------------------------------
  Open-Shell Exchange Integrals <pq|qp>
 -----------------------------------------------------------------------------------------------
           1              2        
   1   5.74878060     0.00000000   
   2   0.00000000     5.74878060   

 -----------------------------------------------------------------------------------------------
  Occupied Orbital Coefficients
 -----------------------------------------------------------------------------------------------
           1              2              3        
   1   0.49999999    -0.70710673    -0.00000048   
   2   0.49999998    -0.00000057     0.70710678   
   3   0.50000000     0.70710683     0.00000054   
   4   0.50000003     0.00000045    -0.70710678   


************************************************
 Testing random coefficient initial guess method, Trial 3
************************************************

  Initializing L-BFGS optimisation...
    > Num. MOs       =      4
    > Num. params    =      5
    > Max subspace   =     20
    > Max step size   =  0.500
    > Backtracking   =  0.100
    > Parallel tr.   = True
    > Pseudo-canon.  = True
    > Canon interval = 10
    > Hybrid prec.   = True
  ================================================================
           Energy / Eh     Step Len    Max(|G_i|)
  ================================================================
     0    18.8499826758                 1.16e+01
     1    14.9755092567    5.00e-01     3.39e+00    rescaled  
     2    13.2398774689    4.88e-01     3.36e+00              
     3    13.0023529419    5.00e-01     1.66e+00    rescaled  
     4    12.7526809121    2.11e-01     1.63e+00              
     5    12.7195232822    4.77e-02     2.26e-01              
     6    12.7173370330    1.94e-02     7.17e-02              
     7    12.7167936826    8.35e-03     4.10e-02              
     8    12.7165081176    1.02e-02     1.31e-02              
     9    12.7165071346    2.41e-03     1.40e-02              
    10    12.7164887358    1.55e-03     1.81e-03              
    11    12.7164882602    1.39e-04     1.40e-03              
    12    12.7164876490    3.95e-04     4.07e-05              
    13    12.7164876489    5.64e-06     5.51e-07              
  ================================================================
  L-BFGS converged in     13 iterations (  0.01 seconds)

  Initializing Davidson diagonalisation...
    > Max iterations =   1000
    > Target states  =      5
    > Convergence    =  1.000e-04
    > Basis per root =      4
    > Max basis size =     20
  Davidson diagonalisation converged in      0 iterations (  0.00 seconds)

   --------------------------
    Converged eigenvalues:   
   --------------------------
       0        2.43792424   
       1        2.43792424   
       2       13.12615563   
       3       13.12615563   
       4       39.00650245   
   --------------------------

 ---------------------------------------------
         Total Energy =    12.71648765 Eh
              Nuclear =    38.11190211 Eh
         One Electron =   -50.32249036 Eh
              Coulomb =    38.11190211 Eh
        ROHF Exchange =   -13.18482621 Eh
 ---------------------------------------------
           <Sz> =  1.00
           <S2> =  2.00
  Spin Coupling = ++

 -----------------------------------------------------------------------------------------------
  Open-Shell Exchange Matrix <Ψ|Êpq Êqp|Ψ> - Np
 -----------------------------------------------------------------------------------------------
           1              2        
   1   0.00000000    -1.00000000   
   2  -1.00000000     0.00000000   

 -----------------------------------------------------------------------------------------------
  Open-Shell Exchange Integrals <pq|qp>
 -----------------------------------------------------------------------------------------------
           1              2        
   1   5.74878060     0.00000000   
   2   0.00000000     5.74878060   

 -----------------------------------------------------------------------------------------------
  Occupied Orbital Coefficients
 -----------------------------------------------------------------------------------------------
           1              2              3        
   1   0.50000000     0.00000034     0.70710677   
   2   0.50000003    -0.70710678     0.00000031   
   3   0.50000000    -0.00000026    -0.70710679   
   4   0.49999997     0.70710679    -0.00000029   


************************************************
 Testing random coefficient initial guess method, Trial 4
************************************************

  Initializing L-BFGS optimisation...
    > Num. MOs       =      4
    > Num. params    =      5
    > Max subspace   =     20
    > Max step size   =  0.500
    > Backtracking   =  0.100
    > Parallel tr.   = True
    > Pseudo-canon.  = True
    > Canon interval = 10
    > Hybrid prec.   = True
  ================================================================
           Energy / Eh     Step Len    Max(|G_i|)
  ================================================================
     0    24.4554107539                 8.82e+00
     1    17.8795785040    5.00e-01     8.39e+00    rescaled  
     2    16.4485203362    5.00e-01     6.22e+00    rescaled  
     3    14.3284364532    3.53e-01     3.86e+00              
     4    13.0398111329    5.00e-01     3.45e+00    rescaled  
     5    12.7497786357    3.47e-01     5.91e-01              
     6    12.7259735669    5.34e-02     4.86e-01              
     7    12.7201017693    4.31e-02     2.06e-01              
     8    12.7175510633    9.95e-03     1.27e-01              
     9    12.7164993147    1.13e-02     5.39e-03              
    10    12.7164909389    1.40e-03     3.68e-03              
    11    12.7164882356    8.80e-04     2.30e-03              
    12    12.7164876690    3.77e-04     5.99e-04              
    13    12.7164876490    6.39e-05     2.85e-05              
    14    12.7164876489    6.37e-06     3.63e-07              
  ================================================================
  L-BFGS converged in     14 iterations (  0.01 seconds)

  Initializing Davidson diagonalisation...
    > Max iterations =   1000
    > Target states  =      5
    > Convergence    =  1.000e-04
    > Basis per root =      4
    > Max basis size =     20
  Davidson diagonalisation converged in      0 iterations (  0.00 seconds)

   --------------------------
    Converged eigenvalues:   
   --------------------------
       0        2.43792424   
       1        2.43792424   
       2       13.12615563   
       3       13.12615563   
       4       39.00650245   
   --------------------------

 ---------------------------------------------
         Total Energy =    12.71648765 Eh
              Nuclear =    38.11190211 Eh
         One Electron =   -50.32249036 Eh
              Coulomb =    38.11190211 Eh
        ROHF Exchange =   -13.18482621 Eh
 ---------------------------------------------
           <Sz> =  1.00
           <S2> =  2.00
  Spin Coupling = ++

 -----------------------------------------------------------------------------------------------
  Open-Shell Exchange Matrix <Ψ|Êpq Êqp|Ψ> - Np
 -----------------------------------------------------------------------------------------------
           1              2        
   1   0.00000000    -1.00000000   
   2  -1.00000000     0.00000000   

 -----------------------------------------------------------------------------------------------
  Open-Shell Exchange Integrals <pq|qp>
 -----------------------------------------------------------------------------------------------
           1              2        
   1   5.74878060     0.00000000   
   2   0.00000000     5.74878060   

 -----------------------------------------------------------------------------------------------
  Occupied Orbital Coefficients
 -----------------------------------------------------------------------------------------------
           1              2              3        
   1   0.49999998    -0.70710680    -0.00000005   
   2   0.50000002     0.00000005    -0.70710677   
   3   0.50000001     0.70710676     0.00000006   
   4   0.49999999    -0.00000006     0.70710679   


************************************************
 Testing random coefficient initial guess method, Trial 5
************************************************

  Initializing L-BFGS optimisation...
    > Num. MOs       =      4
    > Num. params    =      5
    > Max subspace   =     20
    > Max step size   =  0.500
    > Backtracking   =  0.100
    > Parallel tr.   = True
    > Pseudo-canon.  = True
    > Canon interval = 10
    > Hybrid prec.   = True
  ================================================================
           Energy / Eh     Step Len    Max(|G_i|)
  ================================================================
     0    20.0253166462                 8.16e+00
     1    15.0483517966    5.00e-01     4.28e+00    rescaled  
     2    13.9481175479    5.00e-01     8.16e+00    rescaled  
     3    12.7776341308    2.01e-01     5.74e-01              
     4    12.7319828681    9.02e-02     3.16e-01              
     5    12.7185557040    7.59e-02     2.08e-01              
     6    12.7167105906    2.81e-02     4.35e-02              
     7    12.7165200069    6.67e-03     1.48e-02              
     8    12.7165046368    1.35e-03     6.32e-03              
     9    12.7164923421    1.55e-03     4.34e-03              
    10    12.7164877005    1.26e-03     1.31e-03              
    11    12.7164876493    9.05e-05     8.34e-05              
    12    12.7164876489    9.81e-06     5.01e-06              
    13    12.7164876489    9.96e-07     2.98e-07              
  ================================================================
  L-BFGS converged in     13 iterations (  0.01 seconds)

  Initializing Davidson diagonalisation...
    > Max iterations =   1000
    > Target states  =      5
    > Convergence    =  1.000e-04
    > Basis per root =      4
    > Max basis size =     20
  Davidson diagonalisation converged in      0 iterations (  0.00 seconds)

   --------------------------
    Converged eigenvalues:   
   --------------------------
       0        2.43792424   
       1        2.43792424   
       2       13.12615563   
       3       13.12615563   
       4       39.00650245   
   --------------------------

 ---------------------------------------------
         Total Energy =    12.71648765 Eh
              Nuclear =    38.11190211 Eh
         One Electron =   -50.32249036 Eh
              Coulomb =    38.11190211 Eh
        ROHF Exchange =   -13.18482621 Eh
 ---------------------------------------------
           <Sz> =  1.00
           <S2> =  2.00
  Spin Coupling = ++

 -----------------------------------------------------------------------------------------------
  Open-Shell Exchange Matrix <Ψ|Êpq Êqp|Ψ> - Np
 -----------------------------------------------------------------------------------------------
           1              2        
   1   0.00000000    -1.00000000   
   2  -1.00000000     0.00000000   

 -----------------------------------------------------------------------------------------------
  Open-Shell Exchange Integrals <pq|qp>
 -----------------------------------------------------------------------------------------------
           1              2        
   1   5.74878060     0.00000000   
   2   0.00000000     5.74878060   

 -----------------------------------------------------------------------------------------------
  Occupied Orbital Coefficients
 -----------------------------------------------------------------------------------------------
           1              2              3        
   1  -0.50000002    -0.00000002    -0.70710675   
   2  -0.50000000    -0.70710678     0.00000002   
   3  -0.49999999     0.00000002     0.70710681   
   4  -0.49999999     0.70710679    -0.00000003   


************************************************
 Testing random coefficient initial guess method, Trial 6
************************************************

  Initializing L-BFGS optimisation...
    > Num. MOs       =      4
    > Num. params    =      5
    > Max subspace   =     20
    > Max step size   =  0.500
    > Backtracking   =  0.100
    > Parallel tr.   = True
    > Pseudo-canon.  = True
    > Canon interval = 10
    > Hybrid prec.   = True
  ================================================================
           Energy / Eh     Step Len    Max(|G_i|)
  ================================================================
     0    24.4247759031                 2.09e+00
     1    22.3144103580    4.96e-01     5.93e+00              
     2    22.2928826317    5.00e-01     5.94e+00    understep 
  Step has positive overlap with gradient - reversing direction
     3    20.5420135168    5.00e-01     5.11e+00    reset L-BFGS
     4    17.2747938122    5.00e-01     3.44e+00    rescaled  
     5    15.6781270438    5.00e-01     8.61e+00    rescaled  
     6    13.7983633077    3.61e-01     4.67e+00              
     7    12.9517450193    5.00e-01     1.62e+00    rescaled  
     8    12.7522816219    1.77e-01     5.31e-01              
     9    12.7332487455    4.80e-02     1.88e-01              
    10    12.7234613810    3.79e-02     1.78e-01              
    11    12.7180509633    3.74e-02     1.30e-01              
    12    12.7178905223    2.51e-02     1.33e-01              
    13    12.7164937493    1.46e-02     9.25e-03              
    14    12.7164883999    6.45e-04     2.57e-03              
    15    12.7164877508    3.73e-04     7.79e-04              
    16    12.7164876569    1.60e-04     3.44e-04              
    17    12.7164876489    4.41e-05     5.68e-05              
    18    12.7164876489    1.43e-06     8.46e-07              
  ================================================================
  L-BFGS converged in     18 iterations (  0.01 seconds)

  Initializing Davidson diagonalisation...
    > Max iterations =   1000
    > Target states  =      5
    > Convergence    =  1.000e-04
    > Basis per root =      4
    > Max basis size =     20
  Davidson diagonalisation converged in      0 iterations (  0.00 seconds)

   --------------------------
    Converged eigenvalues:   
   --------------------------
       0        2.43792424   
       1        2.43792424   
       2       13.12615563   
       3       13.12615563   
       4       39.00650245   
   --------------------------

 ---------------------------------------------
         Total Energy =    12.71648765 Eh
              Nuclear =    38.11190211 Eh
         One Electron =   -50.32249036 Eh
              Coulomb =    38.11190211 Eh
        ROHF Exchange =   -13.18482621 Eh
 ---------------------------------------------
           <Sz> =  1.00
           <S2> =  2.00
  Spin Coupling = ++

 -----------------------------------------------------------------------------------------------
  Open-Shell Exchange Matrix <Ψ|Êpq Êqp|Ψ> - Np
 -----------------------------------------------------------------------------------------------
           1              2        
   1   0.00000000    -1.00000000   
   2  -1.00000000     0.00000000   

 -----------------------------------------------------------------------------------------------
  Open-Shell Exchange Integrals <pq|qp>
 -----------------------------------------------------------------------------------------------
           1              2        
   1   5.74878060     0.00000000   
   2   0.00000000     5.74878060   

 -----------------------------------------------------------------------------------------------
  Occupied Orbital Coefficients
 -----------------------------------------------------------------------------------------------
           1              2              3        
   1  -0.50000009     0.00000032    -0.70710667   
   2  -0.49999998    -0.70710684    -0.00000026   
   3  -0.49999993    -0.00000021     0.70710690   
   4  -0.49999999     0.70710672     0.00000026   


************************************************
 Testing random coefficient initial guess method, Trial 7
************************************************

  Initializing L-BFGS optimisation...
    > Num. MOs       =      4
    > Num. params    =      5
    > Max subspace   =     20
    > Max step size   =  0.500
    > Backtracking   =  0.100
    > Parallel tr.   = True
    > Pseudo-canon.  = True
    > Canon interval = 10
    > Hybrid prec.   = True
  ================================================================
           Energy / Eh     Step Len    Max(|G_i|)
  ================================================================
     0    23.6103146721                 5.23e+00
     1    19.8363682590    5.00e-01     6.06e+00    rescaled  
  Step has positive overlap with gradient - reversing direction
     2    16.0916530754    5.00e-01     3.11e+00    reset L-BFGS
     3    14.1823341004    5.00e-01     3.75e+00    rescaled  
  Step has positive overlap with gradient - reversing direction
     4    12.9142616164    5.00e-01     1.27e+00    reset L-BFGS
     5    12.7487946594    9.00e-02     4.24e-01              
     6    12.7329604817    4.24e-02     2.27e-01              
     7    12.7212782037    4.45e-02     1.86e-01              
     8    12.7165611434    3.56e-02     3.02e-02              
     9    12.7166177053    6.43e-03     4.11e-02              
    10    12.7165297813    4.79e-03     2.29e-02    overstep  
    11    12.7164877527    1.50e-03     7.00e-04              
    12    12.7164876985    6.24e-05     3.86e-04              
    13    12.7164876668    7.29e-05     2.29e-04              
    14    12.7164876507    5.76e-05     1.32e-04              
    15    12.7164876489    2.45e-05     6.70e-05              
    16    12.7164876489    2.91e-06     4.61e-05              
    17    12.7164876489    1.60e-06     8.53e-08              
  ================================================================
  L-BFGS converged in     17 iterations (  0.01 seconds)

  Initializing Davidson diagonalisation...
    > Max iterations =   1000
    > Target states  =      5
    > Convergence    =  1.000e-04
    > Basis per root =      4
    > Max basis size =     20
  Davidson diagonalisation converged in      0 iterations (  0.00 seconds)

   --------------------------
    Converged eigenvalues:   
   --------------------------
       0        2.43792424   
       1        2.43792424   
       2       13.12615563   
       3       13.12615563   
       4       39.00650245   
   --------------------------

 ---------------------------------------------
         Total Energy =    12.71648765 Eh
              Nuclear =    38.11190211 Eh
         One Electron =   -50.32249036 Eh
              Coulomb =    38.11190211 Eh
        ROHF Exchange =   -13.18482621 Eh
 ---------------------------------------------
           <Sz> =  1.00
           <S2> =  2.00
  Spin Coupling = ++

 -----------------------------------------------------------------------------------------------
  Open-Shell Exchange Matrix <Ψ|Êpq Êqp|Ψ> - Np
 -----------------------------------------------------------------------------------------------
           1              2        
   1   0.00000000    -1.00000000   
   2  -1.00000000     0.00000000   

 -----------------------------------------------------------------------------------------------
  Open-Shell Exchange Integrals <pq|qp>
 -----------------------------------------------------------------------------------------------
           1              2        
   1   5.74878060     0.00000000   
   2   0.00000000     5.74878060   

 -----------------------------------------------------------------------------------------------
  Occupied Orbital Coefficients
 -----------------------------------------------------------------------------------------------
           1              2              3        
   1   0.50000002     0.00000012    -0.70710676   
   2   0.50000000     0.70710678     0.00000013   
   3   0.49999998    -0.00000013     0.70710680   
   4   0.50000000    -0.70710678    -0.00000012   


************************************************
 Testing random coefficient initial guess method, Trial 8
************************************************

  Initializing L-BFGS optimisation...
    > Num. MOs       =      4
    > Num. params    =      5
    > Max subspace   =     20
    > Max step size   =  0.500
    > Backtracking   =  0.100
    > Parallel tr.   = True
    > Pseudo-canon.  = True
    > Canon interval = 10
    > Hybrid prec.   = True
  ================================================================
           Energy / Eh     Step Len    Max(|G_i|)
  ================================================================
     0    27.6857772315                 3.43e+00
     1    24.6693331325    5.00e-01     4.01e+00    rescaled  
  Step has positive overlap with gradient - reversing direction
     2    20.9763447423    5.00e-01     5.22e+00    reset L-BFGS
     3    17.7899195995    5.00e-01     6.26e+00    rescaled  
  Step has positive overlap with gradient - reversing direction
     4    16.1154503345    5.00e-01     8.43e+00    reset L-BFGS
     5    13.1983559853    5.00e-01     1.78e+00    rescaled  
     6    12.8187627030    2.12e-01     7.70e-01              
     7    12.7537681928    1.42e-01     6.62e-01              
     8    12.7199927043    8.15e-02     1.46e-01              
     9    12.7167151653    2.74e-02     5.36e-02              
    10    12.7165163853    7.99e-03     1.33e-02              
    11    12.7164979933    1.61e-03     5.21e-03              
    12    12.7164913608    1.11e-03     4.82e-03              
    13    12.7164877876    1.04e-03     1.26e-03              
    14    12.7164876502    1.53e-04     1.40e-04              
    15    12.7164876489    1.04e-05     7.59e-06              
    16    12.7164876489    1.54e-06     2.97e-07              
  ================================================================
  L-BFGS converged in     16 iterations (  0.01 seconds)

  Initializing Davidson diagonalisation...
    > Max iterations =   1000
    > Target states  =      5
    > Convergence    =  1.000e-04
    > Basis per root =      4
    > Max basis size =     20
  Davidson diagonalisation converged in      0 iterations (  0.00 seconds)

   --------------------------
    Converged eigenvalues:   
   --------------------------
       0        2.43792424   
       1        2.43792424   
       2       13.12615563   
       3       13.12615563   
       4       39.00650245   
   --------------------------

 ---------------------------------------------
         Total Energy =    12.71648765 Eh
              Nuclear =    38.11190211 Eh
         One Electron =   -50.32249036 Eh
              Coulomb =    38.11190211 Eh
        ROHF Exchange =   -13.18482621 Eh
 ---------------------------------------------
           <Sz> =  1.00
           <S2> =  2.00
  Spin Coupling = ++

 -----------------------------------------------------------------------------------------------
  Open-Shell Exchange Matrix <Ψ|Êpq Êqp|Ψ> - Np
 -----------------------------------------------------------------------------------------------
           1              2        
   1   0.00000000    -1.00000000   
   2  -1.00000000     0.00000000   

 -----------------------------------------------------------------------------------------------
  Open-Shell Exchange Integrals <pq|qp>
 -----------------------------------------------------------------------------------------------
           1              2        
   1   5.74878060     0.00000000   
   2   0.00000000     5.74878060   

 -----------------------------------------------------------------------------------------------
  Occupied Orbital Coefficients
 -----------------------------------------------------------------------------------------------
           1              2              3        
   1   0.49999996     0.00000092     0.70710683   
   2   0.49999995     0.70710684    -0.00000091   
   3   0.50000004    -0.00000092    -0.70710673   
   4   0.50000004    -0.70710672     0.00000093   


************************************************
 Testing random coefficient initial guess method, Trial 9
************************************************

  Initializing L-BFGS optimisation...
    > Num. MOs       =      4
    > Num. params    =      5
    > Max subspace   =     20
    > Max step size   =  0.500
    > Backtracking   =  0.100
    > Parallel tr.   = True
    > Pseudo-canon.  = True
    > Canon interval = 10
    > Hybrid prec.   = True
  ================================================================
           Energy / Eh     Step Len    Max(|G_i|)
  ================================================================
     0    24.3184471665                 2.10e+00
     1    22.1683613153    5.00e-01     3.52e+00    rescaled  
  Step has positive overlap with gradient - reversing direction
     2    20.1785851147    5.00e-01     2.27e+00    reset L-BFGS
     3    18.3368501004    5.00e-01     3.45e+00    rescaled  
  Step has positive overlap with gradient - reversing direction
     4    16.9041662774    5.00e-01     3.52e+00    reset L-BFGS
     5    15.2141518228    5.00e-01     3.73e+00    rescaled  
  Step has positive overlap with gradient - reversing direction
     6    13.9815010156    5.00e-01     6.85e+00    reset L-BFGS
     7    12.8217072089    2.19e-01     8.86e-01              
     8    12.7529474909    9.98e-02     4.35e-01              
     9    12.7334251610    4.02e-02     2.90e-01              
    10    12.7171377676    7.52e-02     7.99e-02              
    11    12.7187714270    2.58e-02     1.74e-01              
    12    12.7166849778    1.36e-02     4.95e-02    overstep  
    13    12.7164884318    4.17e-03     1.89e-03              
    14    12.7164880802    1.21e-04     8.26e-04              
    15    12.7164877852    1.87e-04     8.99e-04              
    16    12.7164876557    1.68e-04     3.14e-04              
    17    12.7164876490    4.82e-05     1.05e-04              
    18    12.7164876489    2.92e-06     8.37e-06              
    19    12.7164876489    4.02e-07     1.67e-07              
  ================================================================
  L-BFGS converged in     19 iterations (  0.01 seconds)

  Initializing Davidson diagonalisation...
    > Max iterations =   1000
    > Target states  =      5
    > Convergence    =  1.000e-04
    > Basis per root =      4
    > Max basis size =     20
  Davidson diagonalisation converged in      0 iterations (  0.00 seconds)

   --------------------------
    Converged eigenvalues:   
   --------------------------
       0        2.43792424   
       1        2.43792424   
       2       13.12615563   
       3       13.12615563   
       4       39.00650245   
   --------------------------

 ---------------------------------------------
         Total Energy =    12.71648765 Eh
              Nuclear =    38.11190211 Eh
         One Electron =   -50.32249036 Eh
              Coulomb =    38.11190211 Eh
        ROHF Exchange =   -13.18482621 Eh
 ---------------------------------------------
           <Sz> =  1.00
           <S2> =  2.00
  Spin Coupling = ++

 -----------------------------------------------------------------------------------------------
  Open-Shell Exchange Matrix <Ψ|Êpq Êqp|Ψ> - Np
 -----------------------------------------------------------------------------------------------
           1              2        
   1   0.00000000    -1.00000000   
   2  -1.00000000     0.00000000   

 -----------------------------------------------------------------------------------------------
  Open-Shell Exchange Integrals <pq|qp>
 -----------------------------------------------------------------------------------------------
           1              2        
   1   5.74878060     0.00000000   
   2   0.00000000     5.74878060   

 -----------------------------------------------------------------------------------------------
  Occupied Orbital Coefficients
 -----------------------------------------------------------------------------------------------
           1              2              3        
   1   0.50000002    -0.00000178     0.70710676   
   2   0.49999998     0.70710681     0.00000177   
   3   0.49999998     0.00000178    -0.70710680   
   4   0.50000002    -0.70710675    -0.00000179   

