  FCIDUMP file : FCIDUMP/FCIDUMP_AO_Cyclobutadiene
  NORB         : 4
  NELEC        : 4  (nalpha=2, nbeta=2)
  Scalar pot.  :  38.1119021109
===============================================
 Testing CSF optimisation method
===============================================

************************************************
 Testing 'gwh' initial guess method
************************************************

  Initializing L-BFGS optimisation...
    > Num. MOs       =      4
    > Num. params    =      6
    > Max subspace   =     20
    > Max step size   =  0.500
    > Backtracking   =  0.100
    > Parallel tr.   = True
    > Pseudo-canon.  = True
    > Canon interval = 10
    > Hybrid prec.   = True
  ================================================================
           Energy / Eh     Step Len    Max(|G_i|)
  ================================================================
     0    21.4833204235                 7.78e+00
     1    16.1063090316    5.00e-01     7.24e+00    rescaled  
     2    16.0438397750    5.00e-01     9.37e+00    rescaled  
     3    14.3094305894    2.75e-01     3.00e+00              
     4    13.7385539088    8.85e-02     2.38e+00              
     5    12.9548407013    2.30e-01     1.38e+00              
     6    12.7351738632    1.32e-01     4.48e-01              
     7    12.7542472100    8.35e-02     6.41e-01              
     8    12.7267635337    5.50e-02     3.48e-01    overstep  
     9    12.7180594423    1.22e-02     1.11e-01              
    10    12.7172476373    5.98e-03     9.48e-02              
    11    12.7165072971    9.68e-03     1.94e-02              
    12    12.7164881135    1.01e-03     5.67e-03              
    13    12.7164876539    1.31e-04     5.44e-04              
    14    12.7164876489    1.35e-05     2.64e-05              
    15    12.7164876489    1.66e-06     1.38e-06              
    16    12.7164876489    1.34e-07     7.32e-08              
  ================================================================
  L-BFGS converged in     16 iterations (  0.17 seconds)

  Initializing Davidson diagonalisation...
    > Max iterations =   1000
    > Target states  =      5
    > Convergence    =  1.000e-04
    > Basis per root =      4
    > Max basis size =     20
  Davidson diagonalisation converged in      1 iterations (  0.04 seconds)

   --------------------------
    Converged eigenvalues:   
   --------------------------
       0        2.43792424   
       1        2.43792424   
       2       15.75668540   
       3       23.81438703   
       4       23.81438703   
   --------------------------

 ---------------------------------------------
         Total Energy =    12.71648765 Eh
              Nuclear =    38.11190211 Eh
         One Electron =   -50.32249036 Eh
              Coulomb =    38.11190211 Eh
        ROHF Exchange =   -13.18482621 Eh
 ---------------------------------------------
           <Sz> =  0.00
           <S2> =  0.00
  Spin Coupling = +-

 -----------------------------------------------------------------------------------------------
  Open-Shell Exchange Matrix <Ψ|Êpq Êqp|Ψ> - Np
 -----------------------------------------------------------------------------------------------
           1              2        
   1   0.00000000     1.00000000   
   2   1.00000000     0.00000000   

 -----------------------------------------------------------------------------------------------
  Open-Shell Exchange Integrals <pq|qp>
 -----------------------------------------------------------------------------------------------
           1              2        
   1   5.74878060     0.00000000   
   2   0.00000000     5.74878060   

 -----------------------------------------------------------------------------------------------
  Occupied Orbital Coefficients
 -----------------------------------------------------------------------------------------------
           1              2              3        
   1   0.50000000    -0.00000000    -0.70710678   
   2   0.50000000     0.70710678     0.00000000   
   3   0.50000000    -0.00000000     0.70710678   
   4   0.50000000    -0.70710678     0.00000000   

 -----------------------------------------------------------------------------------------------
  Virtual Orbital Coefficients
 -----------------------------------------------------------------------------------------------
           4        
   1  -0.50000000   
   2   0.50000000   
   3  -0.50000000   
   4   0.50000000   

 -----------------------------------------------------------------------------------------------
  Generalised Fock Matrix (MO basis)
 -----------------------------------------------------------------------------------------------
           1              2              3        
   1  -3.14039641    -0.00000002    -0.00000002   
   2  -0.00000003     1.33602892     0.00000000   
   3  -0.00000003    -0.00000000     1.33602893   
   4  -0.00000004     0.00000001    -0.00000000   

[[ 0.5      -0.       -0.707107 -0.5     ]
 [ 0.5       0.707107  0.        0.5     ]
 [ 0.5      -0.        0.707107 -0.5     ]
 [ 0.5      -0.707107  0.        0.5     ]]
 Saved MO coefficients to FCIDUMP/FCIDUMP_AO_Cyclobutadiene_gwh_mo_coeff.npy

************************************************
 Testing 'core' initial guess method
************************************************

  Initializing L-BFGS optimisation...
    > Num. MOs       =      4
    > Num. params    =      6
    > Max subspace   =     20
    > Max step size   =  0.500
    > Backtracking   =  0.100
    > Parallel tr.   = True
    > Pseudo-canon.  = True
    > Canon interval = 10
    > Hybrid prec.   = True
  ================================================================
           Energy / Eh     Step Len    Max(|G_i|)
  ================================================================
     0    12.7164876489                 4.18e-15
  ================================================================
  L-BFGS converged in      0 iterations (  0.00 seconds)

  Initializing Davidson diagonalisation...
    > Max iterations =   1000
    > Target states  =      5
    > Convergence    =  1.000e-04
    > Basis per root =      4
    > Max basis size =     20
  Davidson diagonalisation converged in      1 iterations (  0.04 seconds)

   --------------------------
    Converged eigenvalues:   
   --------------------------
       0        2.43792424   
       1        2.43792424   
       2       15.75668540   
       3       23.81438703   
       4       23.81438703   
   --------------------------

 ---------------------------------------------
         Total Energy =    12.71648765 Eh
              Nuclear =    38.11190211 Eh
         One Electron =   -50.32249036 Eh
              Coulomb =    38.11190211 Eh
        ROHF Exchange =   -13.18482621 Eh
 ---------------------------------------------
           <Sz> =  0.00
           <S2> =  0.00
  Spin Coupling = +-

 -----------------------------------------------------------------------------------------------
  Open-Shell Exchange Matrix <Ψ|Êpq Êqp|Ψ> - Np
 -----------------------------------------------------------------------------------------------
           1              2        
   1   0.00000000     1.00000000   
   2   1.00000000     0.00000000   

 -----------------------------------------------------------------------------------------------
  Open-Shell Exchange Integrals <pq|qp>
 -----------------------------------------------------------------------------------------------
           1              2        
   1   5.74878060     0.00000000   
   2   0.00000000     5.74878060   

 -----------------------------------------------------------------------------------------------
  Occupied Orbital Coefficients
 -----------------------------------------------------------------------------------------------
           1              2              3        
   1  -0.50000000     0.00000000     0.70710678   
   2  -0.50000000    -0.70710678    -0.00000000   
   3  -0.50000000    -0.00000000    -0.70710678   
   4  -0.50000000     0.70710678    -0.00000000   

 -----------------------------------------------------------------------------------------------
  Virtual Orbital Coefficients
 -----------------------------------------------------------------------------------------------
           4        
   1   0.50000000   
   2  -0.50000000   
   3   0.50000000   
   4  -0.50000000   

 -----------------------------------------------------------------------------------------------
  Generalised Fock Matrix (MO basis)
 -----------------------------------------------------------------------------------------------
           1              2              3        
   1  -3.14039641    -0.00000000    -0.00000000   
   2  -0.00000000     1.33602892    -0.00000000   
   3  -0.00000000     0.00000000     1.33602892   
   4  -0.00000000    -0.00000000     0.00000000   

[[-0.5       0.        0.707107  0.5     ]
 [-0.5      -0.707107 -0.       -0.5     ]
 [-0.5      -0.       -0.707107  0.5     ]
 [-0.5       0.707107 -0.       -0.5     ]]
 Saved MO coefficients to FCIDUMP/FCIDUMP_AO_Cyclobutadiene_core_mo_coeff.npy
===============================================
 Testing CSF optimisation with random coefficients
===============================================

************************************************
 Testing random coefficient initial guess method, Trial 0
************************************************

  Initializing L-BFGS optimisation...
    > Num. MOs       =      4
    > Num. params    =      5
    > Max subspace   =     20
    > Max step size   =  0.500
    > Backtracking   =  0.100
    > Parallel tr.   = True
    > Pseudo-canon.  = True
    > Canon interval = 10
    > Hybrid prec.   = True
  ================================================================
           Energy / Eh     Step Len    Max(|G_i|)
  ================================================================
     0    21.2991629698                 9.51e+00
     1    17.0676060902    5.00e-01     4.20e+00    rescaled  
     2    16.0443813657    5.00e-01     7.30e+00    rescaled  
     3    13.8826651106    3.53e-01     5.81e+00              
     4    12.8689574003    5.00e-01     1.23e+00    rescaled  
     5    12.9156367348    2.38e-01     2.98e+00              
     6    12.8384754456    1.97e-01     2.47e+00    overstep  
     7    12.7328945720    7.33e-02     3.77e-01              
     8    12.7251409465    3.09e-02     1.64e-01              
     9    12.7201682205    1.87e-02     1.19e-01              
    10    12.7167828934    2.98e-02     4.55e-02              
    11    12.7165302610    1.07e-02     2.14e-02              
    12    12.7164901838    3.51e-03     4.16e-03              
    13    12.7164877760    6.77e-04     8.26e-04              
    14    12.7164876552    1.53e-04     2.65e-04              
    15    12.7164876489    3.66e-05     1.74e-05              
    16    12.7164876489    1.57e-06     8.62e-07              
  ================================================================
  L-BFGS converged in     16 iterations (  0.05 seconds)

  Initializing Davidson diagonalisation...
    > Max iterations =   1000
    > Target states  =      5
    > Convergence    =  1.000e-04
    > Basis per root =      4
    > Max basis size =     20
  Davidson diagonalisation converged in      0 iterations (  0.01 seconds)

   --------------------------
    Converged eigenvalues:   
   --------------------------
       0        2.43792424   
       1        2.43792424   
       2       13.12615563   
       3       13.12615563   
       4       39.00650245   
   --------------------------

 ---------------------------------------------
         Total Energy =    12.71648765 Eh
              Nuclear =    38.11190211 Eh
         One Electron =   -50.32249036 Eh
              Coulomb =    38.11190211 Eh
        ROHF Exchange =   -13.18482621 Eh
 ---------------------------------------------
           <Sz> =  1.00
           <S2> =  2.00
  Spin Coupling = ++

 -----------------------------------------------------------------------------------------------
  Open-Shell Exchange Matrix <Ψ|Êpq Êqp|Ψ> - Np
 -----------------------------------------------------------------------------------------------
           1              2        
   1   0.00000000    -1.00000000   
   2  -1.00000000     0.00000000   

 -----------------------------------------------------------------------------------------------
  Open-Shell Exchange Integrals <pq|qp>
 -----------------------------------------------------------------------------------------------
           1              2        
   1   5.74878060     0.00000000   
   2   0.00000000     5.74878060   

 -----------------------------------------------------------------------------------------------
  Occupied Orbital Coefficients
 -----------------------------------------------------------------------------------------------
           1              2              3        
   1  -0.49999999    -0.00000038     0.70710679   
   2  -0.50000007     0.70710668     0.00000039   
   3  -0.50000003     0.00000034    -0.70710677   
   4  -0.49999991    -0.70710688    -0.00000034   


************************************************
 Testing random coefficient initial guess method, Trial 1
************************************************

  Initializing L-BFGS optimisation...
    > Num. MOs       =      4
    > Num. params    =      5
    > Max subspace   =     20
    > Max step size   =  0.500
    > Backtracking   =  0.100
    > Parallel tr.   = True
    > Pseudo-canon.  = True
    > Canon interval = 10
    > Hybrid prec.   = True
  ================================================================
           Energy / Eh     Step Len    Max(|G_i|)
  ================================================================
     0    17.4096660689                 4.85e+00
     1    16.3349863106    2.25e-01     1.64e+00              
     2    14.8244863737    5.00e-01     3.70e+00    rescaled  
  Step has positive overlap with gradient - reversing direction
     3    13.3787571110    5.00e-01     2.34e+00    reset L-BFGS
     4    12.8212298796    1.79e-01     8.56e-01              
     5    12.7522258005    1.01e-01     5.12e-01              
     6    12.7273277490    5.59e-02     2.75e-01              
     7    12.7189670040    6.28e-02     1.80e-01              
     8    12.7166500797    1.72e-02     3.64e-02              
     9    12.7164880894    4.62e-03     2.36e-03              
    10    12.7164878782    8.19e-05     7.97e-04              
    11    12.7164877266    1.44e-04     9.31e-04              
    12    12.7164876501    1.63e-04     1.21e-04              
    13    12.7164876489    2.71e-05     4.38e-05              
    14    12.7164876489    4.37e-06     4.13e-06              
    15    12.7164876489    1.31e-07     3.75e-07              
  ================================================================
  L-BFGS converged in     15 iterations (  0.04 seconds)

  Initializing Davidson diagonalisation...
    > Max iterations =   1000
    > Target states  =      5
    > Convergence    =  1.000e-04
    > Basis per root =      4
    > Max basis size =     20
  Davidson diagonalisation converged in      0 iterations (  0.01 seconds)

   --------------------------
    Converged eigenvalues:   
   --------------------------
       0        2.43792424   
       1        2.43792424   
       2       13.12615563   
       3       13.12615563   
       4       39.00650245   
   --------------------------

 ---------------------------------------------
         Total Energy =    12.71648765 Eh
              Nuclear =    38.11190211 Eh
         One Electron =   -50.32249036 Eh
              Coulomb =    38.11190211 Eh
        ROHF Exchange =   -13.18482621 Eh
 ---------------------------------------------
           <Sz> =  1.00
           <S2> =  2.00
  Spin Coupling = ++

 -----------------------------------------------------------------------------------------------
  Open-Shell Exchange Matrix <Ψ|Êpq Êqp|Ψ> - Np
 -----------------------------------------------------------------------------------------------
           1              2        
   1   0.00000000    -1.00000000   
   2  -1.00000000     0.00000000   

 -----------------------------------------------------------------------------------------------
  Open-Shell Exchange Integrals <pq|qp>
 -----------------------------------------------------------------------------------------------
           1              2        
   1   5.74878060     0.00000000   
   2   0.00000000     5.74878060   

 -----------------------------------------------------------------------------------------------
  Occupied Orbital Coefficients
 -----------------------------------------------------------------------------------------------
           1              2              3        
   1  -0.50000001    -0.00000008     0.70710677   
   2  -0.50000001    -0.70710676    -0.00000007   
   3  -0.50000000     0.00000007    -0.70710679   
   4  -0.49999998     0.70710681     0.00000007   


************************************************
 Testing random coefficient initial guess method, Trial 2
************************************************

  Initializing L-BFGS optimisation...
    > Num. MOs       =      4
    > Num. params    =      5
    > Max subspace   =     20
    > Max step size   =  0.500
    > Backtracking   =  0.100
    > Parallel tr.   = True
    > Pseudo-canon.  = True
    > Canon interval = 10
    > Hybrid prec.   = True
  ================================================================
           Energy / Eh     Step Len    Max(|G_i|)
  ================================================================
     0    17.2711969565                 3.67e+00
     1    15.7220028329    5.00e-01     4.24e+00    rescaled  
  Step has positive overlap with gradient - reversing direction
     2    14.1301426249    5.00e-01     7.08e+00    reset L-BFGS
     3    12.8934983024    2.06e-01     1.21e+00              
     4    12.7857144998    1.30e-01     6.07e-01              
     5    12.7358942830    7.89e-02     3.63e-01              
     6    12.7178653747    8.57e-02     1.19e-01              
     7    12.7187245899    2.12e-02     1.55e-01              
     8    12.7173445011    1.64e-02     9.56e-02    overstep  
     9    12.7164922141    7.26e-03     3.41e-03              
    10    12.7164904150    2.69e-04     2.72e-03              
    11    12.7164877192    9.58e-04     6.47e-04              
    12    12.7164876497    1.59e-04     1.86e-04              
    13    12.7164876490    1.17e-05     8.54e-05              
    14    12.7164876489    2.40e-06     1.74e-06              
    15    12.7164876489    3.06e-07     2.54e-08              
  ================================================================
  L-BFGS converged in     15 iterations (  0.06 seconds)

  Initializing Davidson diagonalisation...
    > Max iterations =   1000
    > Target states  =      5
    > Convergence    =  1.000e-04
    > Basis per root =      4
    > Max basis size =     20
  Davidson diagonalisation converged in      0 iterations (  0.05 seconds)

   --------------------------
    Converged eigenvalues:   
   --------------------------
       0        2.43792424   
       1        2.43792424   
       2       13.12615563   
       3       13.12615563   
       4       39.00650245   
   --------------------------

 ---------------------------------------------
         Total Energy =    12.71648765 Eh
              Nuclear =    38.11190211 Eh
         One Electron =   -50.32249036 Eh
              Coulomb =    38.11190211 Eh
        ROHF Exchange =   -13.18482621 Eh
 ---------------------------------------------
           <Sz> =  1.00
           <S2> =  2.00
  Spin Coupling = ++

 -----------------------------------------------------------------------------------------------
  Open-Shell Exchange Matrix <Ψ|Êpq Êqp|Ψ> - Np
 -----------------------------------------------------------------------------------------------
           1              2        
   1   0.00000000    -1.00000000   
   2  -1.00000000     0.00000000   

 -----------------------------------------------------------------------------------------------
  Open-Shell Exchange Integrals <pq|qp>
 -----------------------------------------------------------------------------------------------
           1              2        
   1   5.74878060     0.00000000   
   2   0.00000000     5.74878060   

 -----------------------------------------------------------------------------------------------
  Occupied Orbital Coefficients
 -----------------------------------------------------------------------------------------------
           1              2              3        
   1  -0.50000000     0.70710678    -0.00000003   
   2  -0.50000000     0.00000003     0.70710678   
   3  -0.50000000    -0.70710679     0.00000003   
   4  -0.50000000    -0.00000003    -0.70710678   


************************************************
 Testing random coefficient initial guess method, Trial 3
************************************************

  Initializing L-BFGS optimisation...
    > Num. MOs       =      4
    > Num. params    =      5
    > Max subspace   =     20
    > Max step size   =  0.500
    > Backtracking   =  0.100
    > Parallel tr.   = True
    > Pseudo-canon.  = True
    > Canon interval = 10
    > Hybrid prec.   = True
  ================================================================
           Energy / Eh     Step Len    Max(|G_i|)
  ================================================================
     0    24.0028417218                 4.56e+00
     1    21.1015367287    5.00e-01     5.60e+00    rescaled  
  Step has positive overlap with gradient - reversing direction
     2    19.1006331785    5.00e-01     5.36e+00    reset L-BFGS
     3    15.5348880302    5.00e-01     3.93e+00    rescaled  
     4    14.1207071940    5.00e-01     8.09e+00    rescaled  
     5    12.9126190564    1.85e-01     1.77e+00              
     6    12.7550539511    1.25e-01     6.45e-01              
     7    12.7352639999    2.50e-02     2.25e-01              
     8    12.7210840980    4.47e-02     1.07e-01              
     9    12.7166798059    3.34e-02     4.22e-02              
    10    12.7166084192    1.09e-02     3.56e-02              
    11    12.7164890081    3.32e-03     1.64e-03              
    12    12.7164884480    2.70e-04     1.56e-03              
    13    12.7164877238    3.50e-04     6.48e-04              
    14    12.7164876499    1.78e-04     1.78e-04              
    15    12.7164876493    1.44e-05     8.88e-05              
    16    12.7164876489    6.42e-06     9.72e-07              
  ================================================================
  L-BFGS converged in     16 iterations (  0.05 seconds)

  Initializing Davidson diagonalisation...
    > Max iterations =   1000
    > Target states  =      5
    > Convergence    =  1.000e-04
    > Basis per root =      4
    > Max basis size =     20
  Davidson diagonalisation converged in      0 iterations (  0.00 seconds)

   --------------------------
    Converged eigenvalues:   
   --------------------------
       0        2.43792424   
       1        2.43792424   
       2       13.12615563   
       3       13.12615563   
       4       39.00650245   
   --------------------------

 ---------------------------------------------
         Total Energy =    12.71648765 Eh
              Nuclear =    38.11190211 Eh
         One Electron =   -50.32249036 Eh
              Coulomb =    38.11190211 Eh
        ROHF Exchange =   -13.18482621 Eh
 ---------------------------------------------
           <Sz> =  1.00
           <S2> =  2.00
  Spin Coupling = ++

 -----------------------------------------------------------------------------------------------
  Open-Shell Exchange Matrix <Ψ|Êpq Êqp|Ψ> - Np
 -----------------------------------------------------------------------------------------------
           1              2        
   1   0.00000000    -1.00000000   
   2  -1.00000000     0.00000000   

 -----------------------------------------------------------------------------------------------
  Open-Shell Exchange Integrals <pq|qp>
 -----------------------------------------------------------------------------------------------
           1              2        
   1   5.74878060     0.00000000   
   2   0.00000000     5.74878060   

 -----------------------------------------------------------------------------------------------
  Occupied Orbital Coefficients
 -----------------------------------------------------------------------------------------------
           1              2              3        
   1  -0.49999986     0.00000090     0.70710702   
   2  -0.50000002    -0.70710675     0.00000087   
   3  -0.50000016    -0.00000089    -0.70710654   
   4  -0.49999997     0.70710681    -0.00000093   


************************************************
 Testing random coefficient initial guess method, Trial 4
************************************************

  Initializing L-BFGS optimisation...
    > Num. MOs       =      4
    > Num. params    =      5
    > Max subspace   =     20
    > Max step size   =  0.500
    > Backtracking   =  0.100
    > Parallel tr.   = True
    > Pseudo-canon.  = True
    > Canon interval = 10
    > Hybrid prec.   = True
  ================================================================
           Energy / Eh     Step Len    Max(|G_i|)
  ================================================================
     0    20.1631267358                 1.37e+01
     1    14.3251625211    5.00e-01     3.46e+00    rescaled  
     2    13.4784217005    5.00e-01     6.65e+00    rescaled  
     3    12.8059192066    1.59e-01     6.54e-01              
     4    12.7453677645    8.18e-02     3.16e-01              
     5    12.7184062090    1.03e-01     1.62e-01              
     6    12.7178001158    4.11e-02     1.40e-01              
     7    12.7164919416    1.61e-02     7.92e-03              
     8    12.7164885118    6.10e-04     2.32e-03              
     9    12.7164881426    1.40e-04     1.39e-03              
    10    12.7164877450    2.89e-04     1.47e-03              
    11    12.7164876508    1.29e-04     3.48e-04              
    12    12.7164876489    1.12e-05     2.22e-05              
    13    12.7164876489    7.62e-07     9.05e-07              
  ================================================================
  L-BFGS converged in     13 iterations (  0.01 seconds)

  Initializing Davidson diagonalisation...
    > Max iterations =   1000
    > Target states  =      5
    > Convergence    =  1.000e-04
    > Basis per root =      4
    > Max basis size =     20
  Davidson diagonalisation converged in      0 iterations (  0.00 seconds)

   --------------------------
    Converged eigenvalues:   
   --------------------------
       0        2.43792424   
       1        2.43792424   
       2       13.12615563   
       3       13.12615563   
       4       39.00650245   
   --------------------------

 ---------------------------------------------
         Total Energy =    12.71648765 Eh
              Nuclear =    38.11190211 Eh
         One Electron =   -50.32249036 Eh
              Coulomb =    38.11190211 Eh
        ROHF Exchange =   -13.18482621 Eh
 ---------------------------------------------
           <Sz> =  1.00
           <S2> =  2.00
  Spin Coupling = ++

 -----------------------------------------------------------------------------------------------
  Open-Shell Exchange Matrix <Ψ|Êpq Êqp|Ψ> - Np
 -----------------------------------------------------------------------------------------------
           1              2        
   1   0.00000000    -1.00000000   
   2  -1.00000000     0.00000000   

 -----------------------------------------------------------------------------------------------
  Open-Shell Exchange Integrals <pq|qp>
 -----------------------------------------------------------------------------------------------
           1              2        
   1   5.74878060     0.00000000   
   2   0.00000000     5.74878060   

 -----------------------------------------------------------------------------------------------
  Occupied Orbital Coefficients
 -----------------------------------------------------------------------------------------------
           1              2              3        
   1  -0.50000006     0.70710668    -0.00000099   
   2  -0.50000008     0.00000099     0.70710668   
   3  -0.49999992    -0.70710688     0.00000098   
   4  -0.49999994    -0.00000099    -0.70710688   


************************************************
 Testing random coefficient initial guess method, Trial 5
************************************************

  Initializing L-BFGS optimisation...
    > Num. MOs       =      4
    > Num. params    =      5
    > Max subspace   =     20
    > Max step size   =  0.500
    > Backtracking   =  0.100
    > Parallel tr.   = True
    > Pseudo-canon.  = True
    > Canon interval = 10
    > Hybrid prec.   = True
  ================================================================
           Energy / Eh     Step Len    Max(|G_i|)
  ================================================================
     0    17.1559117657                 4.40e+00
     1    14.2286566169    5.00e-01     3.33e+00    rescaled  
     2    13.0311633641    5.00e-01     1.23e+00    rescaled  
     3    12.8308419251    8.44e-02     7.53e-01              
     4    12.7351605501    1.09e-01     2.17e-01              
     5    12.7175505444    6.59e-02     9.25e-02              
     6    12.7170671274    2.22e-02     1.81e-01              
     7    12.7165122481    4.51e-03     9.27e-03              
     8    12.7164989221    1.02e-03     5.46e-03              
     9    12.7164893432    1.42e-03     3.17e-03              
    10    12.7164876575    6.78e-04     2.52e-04              
    11    12.7164876489    4.08e-05     2.12e-05              
    12    12.7164876489    1.53e-06     2.17e-06              
    13    12.7164876489    2.66e-07     3.09e-08              
  ================================================================
  L-BFGS converged in     13 iterations (  0.02 seconds)

  Initializing Davidson diagonalisation...
    > Max iterations =   1000
    > Target states  =      5
    > Convergence    =  1.000e-04
    > Basis per root =      4
    > Max basis size =     20
  Davidson diagonalisation converged in      0 iterations (  0.00 seconds)

   --------------------------
    Converged eigenvalues:   
   --------------------------
       0        2.43792424   
       1        2.43792424   
       2       13.12615563   
       3       13.12615563   
       4       39.00650245   
   --------------------------

 ---------------------------------------------
         Total Energy =    12.71648765 Eh
              Nuclear =    38.11190211 Eh
         One Electron =   -50.32249036 Eh
              Coulomb =    38.11190211 Eh
        ROHF Exchange =   -13.18482621 Eh
 ---------------------------------------------
           <Sz> =  1.00
           <S2> =  2.00
  Spin Coupling = ++

 -----------------------------------------------------------------------------------------------
  Open-Shell Exchange Matrix <Ψ|Êpq Êqp|Ψ> - Np
 -----------------------------------------------------------------------------------------------
           1              2        
   1   0.00000000    -1.00000000   
   2  -1.00000000     0.00000000   

 -----------------------------------------------------------------------------------------------
  Open-Shell Exchange Integrals <pq|qp>
 -----------------------------------------------------------------------------------------------
           1              2        
   1   5.74878060     0.00000000   
   2   0.00000000     5.74878060   

 -----------------------------------------------------------------------------------------------
  Occupied Orbital Coefficients
 -----------------------------------------------------------------------------------------------
           1              2              3        
   1   0.50000000    -0.70710678     0.00000008   
   2   0.50000000     0.00000008     0.70710678   
   3   0.50000000     0.70710678    -0.00000008   
   4   0.50000000    -0.00000008    -0.70710678   


************************************************
 Testing random coefficient initial guess method, Trial 6
************************************************

  Initializing L-BFGS optimisation...
    > Num. MOs       =      4
    > Num. params    =      5
    > Max subspace   =     20
    > Max step size   =  0.500
    > Backtracking   =  0.100
    > Parallel tr.   = True
    > Pseudo-canon.  = True
    > Canon interval = 10
    > Hybrid prec.   = True
  ================================================================
           Energy / Eh     Step Len    Max(|G_i|)
  ================================================================
     0    18.7824169449                 5.57e+00
     1    14.4296820195    5.00e-01     3.00e+00    rescaled  
     2    13.3681520496    5.00e-01     3.65e+00    rescaled  
     3    12.7220399075    1.82e-01     3.73e-01              
     4    12.7191729224    2.62e-02     2.75e-01              
     5    12.7166427391    1.20e-02     2.82e-02              
     6    12.7165797299    2.10e-03     1.49e-02              
     7    12.7164997190    4.29e-03     8.13e-03              
     8    12.7164877359    2.10e-03     6.55e-04              
     9    12.7164876661    8.90e-05     2.56e-04              
    10    12.7164876538    4.71e-05     1.49e-04              
    11    12.7164876492    3.58e-05     5.65e-05              
    12    12.7164876489    6.06e-06     2.59e-05              
    13    12.7164876489    6.89e-07     9.47e-07              
  ================================================================
  L-BFGS converged in     13 iterations (  0.01 seconds)

  Initializing Davidson diagonalisation...
    > Max iterations =   1000
    > Target states  =      5
    > Convergence    =  1.000e-04
    > Basis per root =      4
    > Max basis size =     20
  Davidson diagonalisation converged in      0 iterations (  0.01 seconds)

   --------------------------
    Converged eigenvalues:   
   --------------------------
       0        2.43792424   
       1        2.43792424   
       2       13.12615563   
       3       13.12615563   
       4       39.00650245   
   --------------------------

 ---------------------------------------------
         Total Energy =    12.71648765 Eh
              Nuclear =    38.11190211 Eh
         One Electron =   -50.32249036 Eh
              Coulomb =    38.11190211 Eh
        ROHF Exchange =   -13.18482621 Eh
 ---------------------------------------------
           <Sz> =  1.00
           <S2> =  2.00
  Spin Coupling = ++

 -----------------------------------------------------------------------------------------------
  Open-Shell Exchange Matrix <Ψ|Êpq Êqp|Ψ> - Np
 -----------------------------------------------------------------------------------------------
           1              2        
   1   0.00000000    -1.00000000   
   2  -1.00000000     0.00000000   

 -----------------------------------------------------------------------------------------------
  Open-Shell Exchange Integrals <pq|qp>
 -----------------------------------------------------------------------------------------------
           1              2        
   1   5.74878060     0.00000000   
   2   0.00000000     5.74878060   

 -----------------------------------------------------------------------------------------------
  Occupied Orbital Coefficients
 -----------------------------------------------------------------------------------------------
           1              2              3        
   1   0.49999995    -0.00000026     0.70710688   
   2   0.50000000     0.70710674     0.00000027   
   3   0.50000007     0.00000031    -0.70710668   
   4   0.49999998    -0.70710682    -0.00000031   


************************************************
 Testing random coefficient initial guess method, Trial 7
************************************************

  Initializing L-BFGS optimisation...
    > Num. MOs       =      4
    > Num. params    =      5
    > Max subspace   =     20
    > Max step size   =  0.500
    > Backtracking   =  0.100
    > Parallel tr.   = True
    > Pseudo-canon.  = True
    > Canon interval = 10
    > Hybrid prec.   = True
  ================================================================
           Energy / Eh     Step Len    Max(|G_i|)
  ================================================================
     0    23.6734428663                 3.12e+00
     1    18.6379591452    5.00e-01     6.05e+00    rescaled  
  Step has positive overlap with gradient - reversing direction
     2    19.7512197497    5.00e-01     8.75e+00    reset L-BFGS
     3    15.1606855947    5.00e-01     3.47e+00    rescaled  
     4    13.4714075994    3.55e-01     5.48e+00              
     5    12.7903708248    3.01e-01     1.44e+00              
     6    12.7302312421    7.12e-02     3.21e-01              
     7    12.7183994381    4.47e-02     8.77e-02              
     8    12.7166707321    2.68e-02     3.55e-02              
     9    12.7165281057    5.90e-03     3.38e-02              
    10    12.7164878492    2.62e-03     2.77e-03              
    11    12.7164876559    1.01e-04     3.42e-04              
    12    12.7164876507    1.67e-05     5.93e-05              
    13    12.7164876499    6.02e-06     5.68e-05              
    14    12.7164876489    1.50e-05     1.81e-05              
    15    12.7164876489    1.62e-06     2.44e-06              
    16    12.7164876489    9.83e-08     4.28e-08              
  ================================================================
  L-BFGS converged in     16 iterations (  0.01 seconds)

  Initializing Davidson diagonalisation...
    > Max iterations =   1000
    > Target states  =      5
    > Convergence    =  1.000e-04
    > Basis per root =      4
    > Max basis size =     20
  Davidson diagonalisation converged in      0 iterations (  0.00 seconds)

   --------------------------
    Converged eigenvalues:   
   --------------------------
       0        2.43792424   
       1        2.43792424   
       2       13.12615563   
       3       13.12615563   
       4       39.00650245   
   --------------------------

 ---------------------------------------------
         Total Energy =    12.71648765 Eh
              Nuclear =    38.11190211 Eh
         One Electron =   -50.32249036 Eh
              Coulomb =    38.11190211 Eh
        ROHF Exchange =   -13.18482621 Eh
 ---------------------------------------------
           <Sz> =  1.00
           <S2> =  2.00
  Spin Coupling = ++

 -----------------------------------------------------------------------------------------------
  Open-Shell Exchange Matrix <Ψ|Êpq Êqp|Ψ> - Np
 -----------------------------------------------------------------------------------------------
           1              2        
   1   0.00000000    -1.00000000   
   2  -1.00000000     0.00000000   

 -----------------------------------------------------------------------------------------------
  Open-Shell Exchange Integrals <pq|qp>
 -----------------------------------------------------------------------------------------------
           1              2        
   1   5.74878060     0.00000000   
   2   0.00000000     5.74878060   

 -----------------------------------------------------------------------------------------------
  Occupied Orbital Coefficients
 -----------------------------------------------------------------------------------------------
           1              2              3        
   1   0.50000000    -0.70710678    -0.00000007   
   2   0.50000000    -0.00000008     0.70710679   
   3   0.50000000     0.70710679     0.00000008   
   4   0.50000000     0.00000007    -0.70710678   


************************************************
 Testing random coefficient initial guess method, Trial 8
************************************************

  Initializing L-BFGS optimisation...
    > Num. MOs       =      4
    > Num. params    =      5
    > Max subspace   =     20
    > Max step size   =  0.500
    > Backtracking   =  0.100
    > Parallel tr.   = True
    > Pseudo-canon.  = True
    > Canon interval = 10
    > Hybrid prec.   = True
  ================================================================
           Energy / Eh     Step Len    Max(|G_i|)
  ================================================================
     0    20.0280001303                 6.52e+00
     1    14.5814513649    5.00e-01     3.46e+00    rescaled  
     2    13.1330113952    5.00e-01     1.89e+00    rescaled  
     3    12.7783090725    1.62e-01     4.42e-01              
     4    12.7398210195    6.46e-02     3.37e-01              
     5    12.7193027018    8.83e-02     1.40e-01              
     6    12.7180751780    3.31e-02     1.30e-01              
     7    12.7165866101    1.46e-02     1.62e-02              
     8    12.7165539333    1.16e-03     1.48e-02              
     9    12.7164962762    5.19e-03     2.20e-02              
    10    12.7164957104    1.10e-03     2.11e-02              
    11    12.7164876491    5.41e-04     5.12e-05              
    12    12.7164876489    5.28e-06     4.35e-06              
    13    12.7164876489    4.73e-07     1.59e-07              
  ================================================================
  L-BFGS converged in     13 iterations (  0.01 seconds)

  Initializing Davidson diagonalisation...
    > Max iterations =   1000
    > Target states  =      5
    > Convergence    =  1.000e-04
    > Basis per root =      4
    > Max basis size =     20
  Davidson diagonalisation converged in      0 iterations (  0.00 seconds)

   --------------------------
    Converged eigenvalues:   
   --------------------------
       0        2.43792424   
       1        2.43792424   
       2       13.12615563   
       3       13.12615563   
       4       39.00650245   
   --------------------------

 ---------------------------------------------
         Total Energy =    12.71648765 Eh
              Nuclear =    38.11190211 Eh
         One Electron =   -50.32249036 Eh
              Coulomb =    38.11190211 Eh
        ROHF Exchange =   -13.18482621 Eh
 ---------------------------------------------
           <Sz> =  1.00
           <S2> =  2.00
  Spin Coupling = ++

 -----------------------------------------------------------------------------------------------
  Open-Shell Exchange Matrix <Ψ|Êpq Êqp|Ψ> - Np
 -----------------------------------------------------------------------------------------------
           1              2        
   1   0.00000000    -1.00000000   
   2  -1.00000000     0.00000000   

 -----------------------------------------------------------------------------------------------
  Open-Shell Exchange Integrals <pq|qp>
 -----------------------------------------------------------------------------------------------
           1              2        
   1   5.74878060     0.00000000   
   2   0.00000000     5.74878060   

 -----------------------------------------------------------------------------------------------
  Occupied Orbital Coefficients
 -----------------------------------------------------------------------------------------------
           1              2              3        
   1   0.50000000    -0.70710678     0.00000004   
   2   0.49999999    -0.00000005    -0.70710679   
   3   0.50000000     0.70710679    -0.00000005   
   4   0.50000001     0.00000004     0.70710678   


************************************************
 Testing random coefficient initial guess method, Trial 9
************************************************

  Initializing L-BFGS optimisation...
    > Num. MOs       =      4
    > Num. params    =      5
    > Max subspace   =     20
    > Max step size   =  0.500
    > Backtracking   =  0.100
    > Parallel tr.   = True
    > Pseudo-canon.  = True
    > Canon interval = 10
    > Hybrid prec.   = True
  ================================================================
           Energy / Eh     Step Len    Max(|G_i|)
  ================================================================
     0    21.9436232673                 4.40e+00
     1    18.7424173755    5.00e-01     5.76e+00    rescaled  
  Step has positive overlap with gradient - reversing direction
     2    18.1630320318    5.00e-01     7.11e+00    reset L-BFGS
     3    14.1315738934    5.00e-01     2.66e+00    rescaled  
     4    13.0283287669    5.00e-01     1.48e+00    rescaled  
     5    12.8691433875    2.44e-01     1.61e+00              
     6    12.7248909823    8.87e-02     1.54e-01              
     7    12.7201201279    2.01e-02     9.27e-02              
     8    12.7165897947    3.77e-02     3.25e-02              
     9    12.7170972354    9.53e-03     6.81e-02              
    10    12.7165351349    3.13e-03     1.52e-02    overstep  
    11    12.7165101492    1.28e-03     7.78e-03              
    12    12.7164939902    1.50e-03     6.00e-03              
    13    12.7164879385    1.23e-03     1.62e-03              
    14    12.7164876797    1.99e-04     1.19e-03              
    15    12.7164876490    3.88e-05     3.12e-05              
    16    12.7164876489    5.44e-06     3.02e-06              
    17    12.7164876489    4.11e-07     7.88e-08              
  ================================================================
  L-BFGS converged in     17 iterations (  0.01 seconds)

  Initializing Davidson diagonalisation...
    > Max iterations =   1000
    > Target states  =      5
    > Convergence    =  1.000e-04
    > Basis per root =      4
    > Max basis size =     20
  Davidson diagonalisation converged in      0 iterations (  0.00 seconds)

   --------------------------
    Converged eigenvalues:   
   --------------------------
       0        2.43792424   
       1        2.43792424   
       2       13.12615563   
       3       13.12615563   
       4       39.00650245   
   --------------------------

 ---------------------------------------------
         Total Energy =    12.71648765 Eh
              Nuclear =    38.11190211 Eh
         One Electron =   -50.32249036 Eh
              Coulomb =    38.11190211 Eh
        ROHF Exchange =   -13.18482621 Eh
 ---------------------------------------------
           <Sz> =  1.00
           <S2> =  2.00
  Spin Coupling = ++

 -----------------------------------------------------------------------------------------------
  Open-Shell Exchange Matrix <Ψ|Êpq Êqp|Ψ> - Np
 -----------------------------------------------------------------------------------------------
           1              2        
   1   0.00000000    -1.00000000   
   2  -1.00000000     0.00000000   

 -----------------------------------------------------------------------------------------------
  Open-Shell Exchange Integrals <pq|qp>
 -----------------------------------------------------------------------------------------------
           1              2        
   1   5.74878060     0.00000000   
   2   0.00000000     5.74878060   

 -----------------------------------------------------------------------------------------------
  Occupied Orbital Coefficients
 -----------------------------------------------------------------------------------------------
           1              2              3        
   1   0.50000000    -0.00000009    -0.70710678   
   2   0.50000000     0.70710678    -0.00000009   
   3   0.50000000     0.00000009     0.70710678   
   4   0.50000000    -0.70710678     0.00000009   

