  FCIDUMP file : FCIDUMP/FCIDUMP_AO_Trimethylenemethane
  NORB         : 4
  NELEC        : 4  (nalpha=2, nbeta=2)
  Scalar pot.  :  36.4676630730
===============================================
 Testing CSF optimisation with named guesses
===============================================

************************************************
 Testing 'gwh' initial guess method
************************************************

  Initializing L-BFGS optimisation...
    > Num. MOs       =      4
    > Num. params    =      5
    > Max subspace   =     20
    > Max step size   =  0.500
    > Backtracking   =  0.100
    > Parallel tr.   = True
    > Pseudo-canon.  = True
    > Canon interval = 10
    > Hybrid prec.   = True
  ================================================================
           Energy / Eh     Step Len    Max(|G_i|)
  ================================================================
     0    21.4460420262                 8.13e+00
     1    15.9758725335    5.00e-01     7.63e+00    rescaled  
     2    15.7477381952    5.00e-01     9.00e+00    rescaled  
     3    14.1487969384    2.67e-01     2.53e+00              
     4    13.7462060226    7.88e-02     2.05e+00              
     5    13.1683575314    2.25e-01     7.73e-01              
     6    13.0730572677    9.55e-02     2.42e-01              
     7    13.0553931318    4.76e-02     1.21e-01              
     8    13.0541014614    1.69e-02     1.70e-01              
     9    13.0536498621    4.37e-03     4.33e-03              
    10    13.0536467606    7.82e-04     3.56e-04              
    11    13.0536467501    5.80e-05     1.05e-05              
    12    13.0536467501    1.15e-06     2.03e-08              
  ================================================================
  L-BFGS converged in     12 iterations (  0.18 seconds)
 Converged energy (gwh): 13.0536467501

************************************************
 Testing 'core' initial guess method
************************************************

  Initializing L-BFGS optimisation...
    > Num. MOs       =      4
    > Num. params    =      5
    > Max subspace   =     20
    > Max step size   =  0.500
    > Backtracking   =  0.100
    > Parallel tr.   = True
    > Pseudo-canon.  = True
    > Canon interval = 10
    > Hybrid prec.   = True
  ================================================================
           Energy / Eh     Step Len    Max(|G_i|)
  ================================================================
     0    13.4878153443                 5.70e+00
     1    13.0564575568    1.38e-01     4.68e-01              
     2    13.0536493347    1.24e-02     1.42e-02              
     3    13.0536467501    3.64e-04     2.43e-06              
     4    13.0536467501    6.22e-08     5.63e-11              
  ================================================================
  L-BFGS converged in      4 iterations (  0.04 seconds)
 Converged energy (core): 13.0536467501

===============================================
 Testing CSF optimisation with random coefficients
===============================================

************************************************
 Random coefficient initial guess, Trial 0
************************************************

  Initializing L-BFGS optimisation...
    > Num. MOs       =      4
    > Num. params    =      5
    > Max subspace   =     20
    > Max step size   =  0.500
    > Backtracking   =  0.100
    > Parallel tr.   = True
    > Pseudo-canon.  = True
    > Canon interval = 10
    > Hybrid prec.   = True
  ================================================================
           Energy / Eh     Step Len    Max(|G_i|)
  ================================================================
     0    21.9637499888                 4.66e+00
     1    18.7990226331    5.00e-01     6.32e+00    rescaled  
     2    15.6464446924    5.00e-01     3.84e+00    rescaled  
     3    13.9642087795    5.00e-01     2.59e+00    rescaled  
     4    13.3929018595    1.37e-01     1.72e+00              
     5    13.2628545577    2.41e-01     1.40e+00              
     6    13.1027453468    1.56e-01     5.43e-01              
     7    13.0746174708    4.23e-02     2.68e-01              
     8    13.0567302130    5.19e-02     2.71e-01              
     9    13.0544778961    2.06e-02     1.19e-01              
    10    13.0537283481    8.80e-03     1.87e-02              
    11    13.0536604244    3.16e-03     7.37e-03              
    12    13.0536467962    1.55e-03     6.68e-04              
    13    13.0536467508    5.64e-05     8.95e-05              
    14    13.0536467501    9.96e-06     6.87e-06              
    15    13.0536467501    6.65e-07     4.78e-08              
  ================================================================
  L-BFGS converged in     15 iterations (  0.17 seconds)
 Converged energy (trial 0): 13.0536467501

************************************************
 Random coefficient initial guess, Trial 1
************************************************

  Initializing L-BFGS optimisation...
    > Num. MOs       =      4
    > Num. params    =      5
    > Max subspace   =     20
    > Max step size   =  0.500
    > Backtracking   =  0.100
    > Parallel tr.   = True
    > Pseudo-canon.  = True
    > Canon interval = 10
    > Hybrid prec.   = True
  ================================================================
           Energy / Eh     Step Len    Max(|G_i|)
  ================================================================
     0    16.2185637560                 4.96e+00
     1    13.2326841633    5.00e-01     1.11e+00    rescaled  
     2    13.1396882107    1.22e-01     7.76e-01              
     3    13.0884529680    6.55e-02     4.58e-01              
     4    13.0613573038    1.21e-01     5.71e-01              
     5    13.0546178296    2.39e-02     1.80e-01              
     6    13.0536572626    7.54e-03     7.43e-03              
     7    13.0536482415    1.39e-03     2.15e-03              
     8    13.0536468566    4.85e-04     9.25e-04              
     9    13.0536470019    2.86e-04     2.57e-03              
    10    13.0536468059    1.69e-04     1.28e-03    overstep  
    11    13.0536467502    8.28e-05     1.97e-05              
    12    13.0536467501    3.03e-06     2.19e-07              
  ================================================================
  L-BFGS converged in     12 iterations (  0.05 seconds)
 Converged energy (trial 1): 13.0536467501

************************************************
 Random coefficient initial guess, Trial 2
************************************************

  Initializing L-BFGS optimisation...
    > Num. MOs       =      4
    > Num. params    =      5
    > Max subspace   =     20
    > Max step size   =  0.500
    > Backtracking   =  0.100
    > Parallel tr.   = True
    > Pseudo-canon.  = True
    > Canon interval = 10
    > Hybrid prec.   = True
  ================================================================
           Energy / Eh     Step Len    Max(|G_i|)
  ================================================================
     0    19.8513557903                 1.22e+01
     1    14.4934599688    5.00e-01     3.63e+00    rescaled  
     2    13.8204895182    5.00e-01     6.39e+00    rescaled  
     3    13.1557969516    1.64e-01     5.38e-01              
     4    13.1041537325    6.70e-02     4.83e-01              
     5    13.0545893379    1.39e-01     9.95e-02              
     6    13.0545445292    1.67e-02     1.05e-01              
     7    13.0536810430    8.93e-03     1.10e-02              
     8    13.0536634582    7.61e-04     8.54e-03              
     9    13.0536469871    2.28e-03     2.34e-03              
    10    13.0536468853    2.85e-04     1.38e-03              
    11    13.0536467506    1.11e-04     1.65e-04              
    12    13.0536467501    5.67e-06     2.41e-05              
    13    13.0536467501    6.33e-07     5.33e-07              
  ================================================================
  L-BFGS converged in     13 iterations (  0.01 seconds)
 Converged energy (trial 2): 13.0536467501

************************************************
 Random coefficient initial guess, Trial 3
************************************************

  Initializing L-BFGS optimisation...
    > Num. MOs       =      4
    > Num. params    =      5
    > Max subspace   =     20
    > Max step size   =  0.500
    > Backtracking   =  0.100
    > Parallel tr.   = True
    > Pseudo-canon.  = True
    > Canon interval = 10
    > Hybrid prec.   = True
  ================================================================
           Energy / Eh     Step Len    Max(|G_i|)
  ================================================================
     0    16.8820559239                 3.73e+00
     1    14.7885817935    5.00e-01     3.74e+00    rescaled  
  Step has positive overlap with gradient - reversing direction
     2    13.5292911088    5.00e-01     2.23e+00    reset L-BFGS
     3    13.1364578251    1.42e-01     5.63e-01              
     4    13.0939183794    5.58e-02     3.55e-01              
     5    13.0656325794    6.23e-02     2.57e-01              
     6    13.0551689990    6.33e-02     1.65e-01              
     7    13.0546324276    1.67e-02     1.21e-01              
     8    13.0536590996    1.25e-02     6.74e-03              
     9    13.0536530113    6.91e-04     5.01e-03              
    10    13.0536467863    1.40e-03     1.54e-03              
    11    13.0536469200    1.17e-04     3.00e-03              
    12    13.0536467638    4.78e-05     4.27e-04    overstep  
    13    13.0536467502    3.88e-05     3.15e-05              
    14    13.0536467501    2.70e-06     1.93e-06              
    15    13.0536467501    1.25e-07     9.38e-08              
  ================================================================
  L-BFGS converged in     15 iterations (  0.01 seconds)
 Converged energy (trial 3): 13.0536467501

************************************************
 Random coefficient initial guess, Trial 4
************************************************

  Initializing L-BFGS optimisation...
    > Num. MOs       =      4
    > Num. params    =      5
    > Max subspace   =     20
    > Max step size   =  0.500
    > Backtracking   =  0.100
    > Parallel tr.   = True
    > Pseudo-canon.  = True
    > Canon interval = 10
    > Hybrid prec.   = True
  ================================================================
           Energy / Eh     Step Len    Max(|G_i|)
  ================================================================
     0    22.3243836215                 6.38e+00
     1    16.6112326759    5.00e-01     4.84e+00    rescaled  
     2    16.0243815125    5.00e-01     9.57e+00    rescaled  
     3    14.1314810518    2.16e-01     3.58e+00              
     4    13.4287457688    2.89e-01     2.12e+00              
     5    13.1932896556    1.39e-01     9.63e-01              
     6    13.0694563077    1.80e-01     4.45e-01              
     7    13.0548263838    9.24e-02     1.44e-01              
     8    13.0536504603    1.58e-02     1.27e-02              
     9    13.0536468662    3.51e-04     1.43e-03              
    10    13.0536467725    9.75e-05     3.30e-04              
    11    13.0536467587    2.96e-05     1.57e-04              
    12    13.0536467503    3.45e-05     6.21e-05              
    13    13.0536467501    7.17e-06     4.37e-06              
    14    13.0536467501    5.95e-07     8.37e-07              
  ================================================================
  L-BFGS converged in     14 iterations (  0.01 seconds)
 Converged energy (trial 4): 13.0536467501

************************************************
 Random coefficient initial guess, Trial 5
************************************************

  Initializing L-BFGS optimisation...
    > Num. MOs       =      4
    > Num. params    =      5
    > Max subspace   =     20
    > Max step size   =  0.500
    > Backtracking   =  0.100
    > Parallel tr.   = True
    > Pseudo-canon.  = True
    > Canon interval = 10
    > Hybrid prec.   = True
  ================================================================
           Energy / Eh     Step Len    Max(|G_i|)
  ================================================================
     0    18.4056064847                 4.03e+00
     1    16.3283929626    5.00e-01     3.68e+00    rescaled  
  Step has positive overlap with gradient - reversing direction
     2    14.5244759808    5.00e-01     3.57e+00    reset L-BFGS
     3    13.2105366468    3.36e-01     1.22e+00              
     4    13.1105816589    1.84e-01     7.53e-01              
     5    13.0752459825    4.67e-02     3.00e-01              
     6    13.0567652783    5.58e-02     1.15e-01              
     7    13.0538618497    2.16e-02     4.43e-02              
     8    13.0536757512    5.51e-03     2.66e-02              
     9    13.0536504023    2.02e-03     1.15e-02              
    10    13.0536469608    4.27e-04     1.57e-03              
    11    13.0536467621    1.82e-04     3.50e-04              
    12    13.0536467501    5.47e-05     3.39e-05              
    13    13.0536467501    2.24e-06     1.38e-06              
    14    13.0536467501    1.58e-07     2.60e-07              
  ================================================================
  L-BFGS converged in     14 iterations (  0.01 seconds)
 Converged energy (trial 5): 13.0536467501

************************************************
 Random coefficient initial guess, Trial 6
************************************************

  Initializing L-BFGS optimisation...
    > Num. MOs       =      4
    > Num. params    =      5
    > Max subspace   =     20
    > Max step size   =  0.500
    > Backtracking   =  0.100
    > Parallel tr.   = True
    > Pseudo-canon.  = True
    > Canon interval = 10
    > Hybrid prec.   = True
  ================================================================
           Energy / Eh     Step Len    Max(|G_i|)
  ================================================================
     0    20.9825234460                 8.81e+00
     1    18.2611272526    5.00e-01     8.71e+00    rescaled  
     2    18.2611272526    5.00e-01     8.71e+00    understep 
  Step has positive overlap with gradient - reversing direction
     3    15.2318769483    5.00e-01     4.13e+00    reset L-BFGS
     4    13.3928015045    5.00e-01     1.35e+00    rescaled  
     5    13.3482472902    2.81e-01     1.82e+00              
     6    13.1147933777    1.46e-01     4.30e-01              
     7    13.0835866624    4.28e-02     2.80e-01              
     8    13.0537356323    9.30e-02     3.63e-02              
     9    13.0536666790    5.16e-03     1.40e-02              
    10    13.0536473096    1.23e-03     1.83e-03              
    11    13.0536468833    1.81e-04     9.34e-04              
    12    13.0536467735    1.06e-04     5.97e-04              
    13    13.0536467502    5.93e-05     4.16e-05              
    14    13.0536467501    4.45e-06     6.32e-06              
    15    13.0536467501    2.59e-07     1.50e-07              
  ================================================================
  L-BFGS converged in     15 iterations (  0.01 seconds)
 Converged energy (trial 6): 13.0536467501

************************************************
 Random coefficient initial guess, Trial 7
************************************************

  Initializing L-BFGS optimisation...
    > Num. MOs       =      4
    > Num. params    =      5
    > Max subspace   =     20
    > Max step size   =  0.500
    > Backtracking   =  0.100
    > Parallel tr.   = True
    > Pseudo-canon.  = True
    > Canon interval = 10
    > Hybrid prec.   = True
  ================================================================
           Energy / Eh     Step Len    Max(|G_i|)
  ================================================================
     0    20.3968982158                 5.05e+00
     1    17.2039910109    5.00e-01     4.37e+00    rescaled  
     2    15.5350248790    5.00e-01     4.38e+00    rescaled  
  Step has positive overlap with gradient - reversing direction
     3    13.8561217064    5.00e-01     2.81e+00    reset L-BFGS
     4    13.0913788892    2.02e-01     5.41e-01              
     5    13.0710364320    4.23e-02     2.81e-01              
     6    13.0545725435    5.77e-02     8.36e-02              
     7    13.0542122176    1.74e-02     6.63e-02              
     8    13.0536492014    4.87e-03     3.46e-03              
     9    13.0536477774    3.60e-04     1.98e-03              
    10    13.0536470202    3.34e-04     9.34e-04              
    11    13.0536467736    3.08e-04     1.32e-03              
    12    13.0536467781    6.64e-05     1.27e-03              
    13    13.0536467687    5.97e-05     1.01e-03    overstep  
    14    13.0536467501    3.41e-05     5.89e-06              
    15    13.0536467501    1.11e-06     1.04e-06              
    16    13.0536467501    1.75e-07     1.04e-08              
  ================================================================
  L-BFGS converged in     16 iterations (  0.02 seconds)
 Converged energy (trial 7): 13.0536467501

************************************************
 Random coefficient initial guess, Trial 8
************************************************

  Initializing L-BFGS optimisation...
    > Num. MOs       =      4
    > Num. params    =      5
    > Max subspace   =     20
    > Max step size   =  0.500
    > Backtracking   =  0.100
    > Parallel tr.   = True
    > Pseudo-canon.  = True
    > Canon interval = 10
    > Hybrid prec.   = True
  ================================================================
           Energy / Eh     Step Len    Max(|G_i|)
  ================================================================
     0    17.8760732122                 8.24e+00
     1    14.0560833596    4.44e-01     3.70e+00              
     2    13.6806531599    5.00e-01     5.66e+00    rescaled  
     3    13.1003968487    1.32e-01     6.39e-01              
     4    13.0669606410    6.05e-02     2.26e-01              
     5    13.0565569533    3.73e-02     1.55e-01              
     6    13.0537061270    2.55e-02     2.87e-02              
     7    13.0537760015    5.61e-03     4.39e-02              
     8    13.0536754224    3.72e-03     1.94e-02    overstep  
     9    13.0536472979    1.74e-03     2.62e-03              
    10    13.0536469739    1.32e-04     8.57e-04              
    11    13.0536467538    2.07e-04     3.19e-04              
    12    13.0536467502    2.76e-05     6.74e-05              
    13    13.0536467501    2.54e-06     1.71e-06              
    14    13.0536467501    1.62e-07     6.69e-08              
  ================================================================
  L-BFGS converged in     14 iterations (  0.01 seconds)
 Converged energy (trial 8): 13.0536467501

************************************************
 Random coefficient initial guess, Trial 9
************************************************

  Initializing L-BFGS optimisation...
    > Num. MOs       =      4
    > Num. params    =      5
    > Max subspace   =     20
    > Max step size   =  0.500
    > Backtracking   =  0.100
    > Parallel tr.   = True
    > Pseudo-canon.  = True
    > Canon interval = 10
    > Hybrid prec.   = True
  ================================================================
           Energy / Eh     Step Len    Max(|G_i|)
  ================================================================
     0    17.7740758510                 3.13e+00
     1    16.9923956263    3.08e-01     2.46e+00              
     2    16.0534714213    5.00e-01     6.65e+00    rescaled  
     3    15.7357929850    5.00e-01     1.01e+01    rescaled  
     4    14.9559639811    1.02e-01     6.63e+00              
     5    14.2538557914    3.04e-01     3.14e+00              
     6    13.7197986105    1.84e-01     2.53e+00              
     7    13.1466021361    2.84e-01     5.99e-01              
     8    13.0668812633    9.33e-02     3.00e-01              
     9    13.0546343490    5.87e-02     7.23e-02              
    10    13.0539389660    6.33e-03     3.27e-02              
    11    13.0536770172    6.17e-03     1.36e-02              
    12    13.0536481505    2.05e-03     3.69e-03              
    13    13.0536467982    4.22e-04     1.21e-03              
    14    13.0536467503    4.97e-05     3.78e-05              
    15    13.0536467501    7.14e-06     2.62e-06              
    16    13.0536467501    3.21e-07     1.33e-07              
  ================================================================
  L-BFGS converged in     16 iterations (  0.01 seconds)
 Converged energy (trial 9): 13.0536467501

===============================================
 Best solution: 'random_trial_5'
 Energy        = 13.0536467501
===============================================

  Initializing Davidson diagonalisation...
    > Max iterations =   1000
    > Target states  =      5
    > Convergence    =  1.000e-04
    > Basis per root =      4
    > Max basis size =     20
  Davidson diagonalisation converged in      0 iterations (  0.01 seconds)

   --------------------------
    Converged eigenvalues:   
   --------------------------
       0        3.24255442   
       1        3.24255462   
       2       14.63318725   
       3       14.63318732   
       4       38.98143377   
   --------------------------

 ---------------------------------------------
         Total Energy =    13.05364675 Eh
              Nuclear =    36.46766307 Eh
         One Electron =   -46.29140449 Eh
              Coulomb =    36.46766310 Eh
        ROHF Exchange =   -13.59027494 Eh
 ---------------------------------------------
           <Sz> =  1.00
           <S2> =  2.00
  Spin Coupling = ++

 -----------------------------------------------------------------------------------------------
  Open-Shell Exchange Matrix <Ψ|Êpq Êqp|Ψ> - Np
 -----------------------------------------------------------------------------------------------
           1              2        
   1   0.00000000    -1.00000000   
   2  -1.00000000     0.00000000   

 -----------------------------------------------------------------------------------------------
  Open-Shell Exchange Integrals <pq|qp>
 -----------------------------------------------------------------------------------------------
           1              2        
   1   5.57318026     0.94921941   
   2   0.94921941     5.57318023   

 -----------------------------------------------------------------------------------------------
  Occupied Orbital Coefficients
 -----------------------------------------------------------------------------------------------
           1              2              3        
   1  -0.70710679    -0.00000001    -0.00000000   
   2  -0.40824829    -0.70981087    -0.40352842   
   3  -0.40824829     0.00543958     0.81647846   
   4  -0.40824829     0.70437131    -0.41295004   

 -----------------------------------------------------------------------------------------------
  Virtual Orbital Coefficients
 -----------------------------------------------------------------------------------------------
           4        
   1  -0.70710678   
   2   0.40824830   
   3   0.40824829   
   4   0.40824828   

 -----------------------------------------------------------------------------------------------
  Generalised Fock Matrix (MO basis)
 -----------------------------------------------------------------------------------------------
           1              2              3        
   1  -2.43506696     0.00000001    -0.00000003   
   2  -0.00000004     0.94921939     0.00000000   
   3  -0.00000006     0.00000000     0.94921941   
   4   0.00000013     0.00000007     0.00000001   

[[-0.707107 -0.       -0.       -0.707107]
 [-0.408248 -0.709811 -0.403528  0.408248]
 [-0.408248  0.00544   0.816478  0.408248]
 [-0.408248  0.704371 -0.41295   0.408248]]
 Saved MO coefficients to FCIDUMP/FCIDUMP_AO_Trimethylenemethane_HS3_mo_coeff.npy
