  FCIDUMP file : FCIDUMP/FCIDUMP_AO_Trimethylenemethane
  NORB         : 4
  NELEC        : 4  (nalpha=2, nbeta=2)
  Scalar pot.  :  36.4676630730
===============================================
 Testing CSF optimisation with named guesses
===============================================

************************************************
 Testing 'gwh' initial guess method
************************************************

  Initializing L-BFGS optimisation...
    > Num. MOs       =      4
    > Num. params    =      6
    > Max subspace   =     20
    > Max step size   =  0.500
    > Backtracking   =  0.100
    > Parallel tr.   = True
    > Pseudo-canon.  = True
    > Canon interval = 10
    > Hybrid prec.   = True
  ================================================================
           Energy / Eh     Step Len    Max(|G_i|)
  ================================================================
     0    21.4460420262                 8.13e+00
     1    15.9763436617    5.00e-01     7.63e+00    rescaled  
     2    15.7513466611    5.00e-01     9.00e+00    rescaled  
     3    14.1780341360    2.67e-01     2.47e+00              
     4    13.8499142499    7.33e-02     1.73e+00              
     5    13.6079707056    1.33e-01     4.53e-01              
     6    13.5901307115    2.37e-02     1.41e-01              
     7    13.5883603069    1.07e-02     7.69e-03              
     8    13.5883585980    3.01e-04     1.08e-03              
     9    13.5883585676    3.25e-05     6.45e-07              
  ================================================================
  L-BFGS converged in      9 iterations (  0.07 seconds)
 Converged energy (gwh): 13.5883585676

************************************************
 Testing 'core' initial guess method
************************************************

  Initializing L-BFGS optimisation...
    > Num. MOs       =      4
    > Num. params    =      6
    > Max subspace   =     20
    > Max step size   =  0.500
    > Backtracking   =  0.100
    > Parallel tr.   = True
    > Pseudo-canon.  = True
    > Canon interval = 10
    > Hybrid prec.   = True
  ================================================================
           Energy / Eh     Step Len    Max(|G_i|)
  ================================================================
     0    15.3862541388                 5.70e+00
     1    13.7206794933    2.71e-01     7.11e-01              
     2    13.7003614606    6.37e-02     4.42e-01              
     3    13.6924283779    2.53e-02     2.12e-02              
     4    13.6924126215    1.05e-03     5.72e-03              
     5    13.6924105493    4.48e-04     1.12e-03              
     6    13.6924105000    8.08e-05     1.08e-04              
     7    13.6924104984    7.92e-06     1.29e-04              
     8    13.6924104765    7.92e-05     3.73e-04    understep 
     9    13.6924096650    7.20e-04     3.67e-03    understep 
    10    13.6923518876    6.49e-03     3.33e-02    understep 
    11    13.6875032265    5.84e-02     3.01e-01    understep 
    12    14.2493903086    5.00e-01     2.49e+00    understep 
    13    13.6777473108    1.03e-01     5.28e-01    overstep  
    14    14.0588556649    4.60e-01     2.28e+00    understep 
    15    13.6677325582    1.38e-01     7.12e-01    overstep  
    16    13.9357991288    4.28e-01     2.14e+00    understep 
    17    13.6598970936    1.67e-01     8.61e-01    overstep  
    18    13.8553653078    4.02e-01     2.02e+00    understep 
    19    13.6924104911    4.02e-01     1.99e-04              
    20    13.6924104630    6.76e-05     3.54e-04              
    21    13.6924095595    6.76e-04     2.18e-03    understep 
    22    13.6923484122    6.15e-03     1.86e-02    understep 
    23    13.6874269566    5.54e-02     1.61e-01    understep 
    24    13.9415896133    4.99e-01     2.08e+00    understep 
    25    13.6767117552    9.98e-02     2.76e-01    overstep  
    26    13.8268998395    4.59e-01     1.71e+00    understep 
    27    13.6648564746    1.36e-01     3.62e-01    overstep  
    28    13.7561046120    4.27e-01     1.43e+00    understep 
    29    13.6543168018    1.65e-01     4.15e-01    overstep  
    30    13.7120124221    4.01e-01     1.21e+00    understep 
    31    13.6459716074    1.88e-01     4.44e-01    overstep  
  Step has positive overlap with gradient - reversing direction
    32    13.6817683264    1.89e-01     1.04e+00    reset L-BFGS
    33    13.5951565776    6.01e-02     3.10e-01              
    34    13.5886850235    2.61e-02     8.11e-02              
    35    13.5885118781    2.49e-03     2.62e-02              
    36    13.5884746671    7.47e-04     2.36e-02              
    37    13.5883666788    3.79e-03     1.28e-02              
    38    13.5883598461    1.38e-03     5.22e-03              
    39    13.5883587466    2.58e-04     3.32e-03              
    40    13.5883585678    1.13e-04     4.34e-05              
    41    13.5883585676    2.92e-06     2.03e-06              
    42    13.5883585676    1.33e-07     5.18e-08              
  ================================================================
  L-BFGS converged in     42 iterations (  0.14 seconds)
 Converged energy (core): 13.5883585676

===============================================
 Testing CSF optimisation with random coefficients
===============================================

************************************************
 Random coefficient initial guess, Trial 0
************************************************

  Initializing L-BFGS optimisation...
    > Num. MOs       =      4
    > Num. params    =      6
    > Max subspace   =     20
    > Max step size   =  0.500
    > Backtracking   =  0.100
    > Parallel tr.   = True
    > Pseudo-canon.  = True
    > Canon interval = 10
    > Hybrid prec.   = True
  ================================================================
           Energy / Eh     Step Len    Max(|G_i|)
  ================================================================
     0    24.1263468969                 4.73e+00
     1    19.5249726661    5.00e-01     4.15e+00    rescaled  
     2    20.3039342793    5.00e-01     9.30e+00    rescaled  
     3    19.0916277506    3.50e-01     5.92e+00    overstep  
     4    18.2003200282    1.76e-01     3.05e+00              
     5    17.3933876225    1.47e-01     2.53e+00              
     6    15.9247707077    5.00e-01     4.46e+00    rescaled  
     7    15.3488208102    5.00e-01     5.35e+00    rescaled  
     8    14.0078190592    1.70e-01     3.13e+00              
     9    13.6911313952    2.17e-01     8.45e-01              
    10    13.6267780080    7.72e-02     3.80e-01              
    11    13.6128264085    4.84e-02     2.52e-01              
    12    13.6075149445    1.06e-02     2.06e-01              
    13    13.5957627435    4.27e-02     2.63e-01              
    14    13.5899715128    2.54e-02     1.68e-01              
    15    13.5883935024    1.79e-02     1.96e-02              
    16    13.5883622200    3.41e-03     7.96e-03              
    17    13.5883585956    7.89e-04     7.16e-04              
    18    13.5883585691    7.16e-05     2.06e-04              
    19    13.5883585677    6.25e-06     4.35e-05              
    20    13.5883585676    1.91e-06     1.06e-06              
    21    13.5883585676    2.75e-08     8.05e-08              
  ================================================================
  L-BFGS converged in     21 iterations (  0.09 seconds)
 Converged energy (trial 0): 13.5883585676

************************************************
 Random coefficient initial guess, Trial 1
************************************************

  Initializing L-BFGS optimisation...
    > Num. MOs       =      4
    > Num. params    =      6
    > Max subspace   =     20
    > Max step size   =  0.500
    > Backtracking   =  0.100
    > Parallel tr.   = True
    > Pseudo-canon.  = True
    > Canon interval = 10
    > Hybrid prec.   = True
  ================================================================
           Energy / Eh     Step Len    Max(|G_i|)
  ================================================================
     0    18.8818670085                 1.39e+01
     1    14.1255354732    5.00e-01     2.48e+00    rescaled  
     2    13.8227285100    2.05e-01     3.98e+00              
     3    13.6019965445    1.12e-01     2.48e-01              
     4    13.5985181066    8.01e-03     1.98e-01              
     5    13.5933238258    2.13e-02     1.75e-01              
     6    13.5893654010    2.40e-02     2.01e-01              
     7    13.5891062336    1.33e-02     9.84e-02              
     8    13.5883830245    6.87e-03     1.48e-02              
     9    13.5883597877    2.19e-03     8.99e-03              
    10    13.5883587077    2.91e-04     1.98e-03              
    11    13.5883585682    9.10e-05     7.96e-05              
    12    13.5883585676    6.79e-06     6.59e-06              
    13    13.5883585676    5.17e-07     8.97e-07              
  ================================================================
  L-BFGS converged in     13 iterations (  0.04 seconds)
 Converged energy (trial 1): 13.5883585676

************************************************
 Random coefficient initial guess, Trial 2
************************************************

  Initializing L-BFGS optimisation...
    > Num. MOs       =      4
    > Num. params    =      6
    > Max subspace   =     20
    > Max step size   =  0.500
    > Backtracking   =  0.100
    > Parallel tr.   = True
    > Pseudo-canon.  = True
    > Canon interval = 10
    > Hybrid prec.   = True
  ================================================================
           Energy / Eh     Step Len    Max(|G_i|)
  ================================================================
     0    25.3291870084                 2.66e+00
     1    23.4631451017    3.45e-01     3.42e+00              
     2    22.6047443591    5.00e-01     4.57e+00    understep 
  Step has positive overlap with gradient - reversing direction
     3    19.8191093105    5.00e-01     5.95e+00    reset L-BFGS
     4    17.0645143164    5.00e-01     5.80e+00    rescaled  
  Step has positive overlap with gradient - reversing direction
     5    15.1056786598    5.00e-01     7.83e+00    reset L-BFGS
     6    13.7041213889    2.52e-01     1.43e+00              
     7    13.5908339710    9.15e-02     1.42e-01              
     8    13.5891012745    1.03e-02     5.10e-02              
     9    13.5888642382    3.47e-03     4.52e-02              
    10    13.5885113001    6.10e-03     3.39e-02              
    11    13.5883921925    5.60e-03     2.94e-02              
    12    13.5883693675    1.60e-03     1.96e-02              
    13    13.5883585799    8.52e-04     2.91e-04              
    14    13.5883585678    4.09e-05     4.39e-05              
    15    13.5883585677    4.30e-06     1.47e-05              
    16    13.5883585676    6.02e-07     1.59e-06              
    17    13.5883585676    6.30e-08     1.29e-08              
  ================================================================
  L-BFGS converged in     17 iterations (  0.04 seconds)
 Converged energy (trial 2): 13.5883585676

************************************************
 Random coefficient initial guess, Trial 3
************************************************

  Initializing L-BFGS optimisation...
    > Num. MOs       =      4
    > Num. params    =      6
    > Max subspace   =     20
    > Max step size   =  0.500
    > Backtracking   =  0.100
    > Parallel tr.   = True
    > Pseudo-canon.  = True
    > Canon interval = 10
    > Hybrid prec.   = True
  ================================================================
           Energy / Eh     Step Len    Max(|G_i|)
  ================================================================
     0    27.5756474793                 5.61e+00
     1    24.9489623187    5.00e-01     7.20e+00    rescaled  
  Step has positive overlap with gradient - reversing direction
     2    21.5271178453    5.00e-01     4.82e+00    reset L-BFGS
     3    17.6165355544    5.00e-01     5.02e+00    rescaled  
  Step has positive overlap with gradient - reversing direction
     4    14.5853852624    5.00e-01     6.08e+00    reset L-BFGS
     5    13.7106759357    1.61e-01     9.50e-01              
     6    13.6472377885    6.08e-02     3.40e-01              
     7    13.6314791514    3.15e-02     2.46e-01              
     8    13.6148627684    4.41e-02     3.39e-01              
     9    13.6017447603    8.73e-02     4.93e-01              
    10    13.5958367866    3.54e-02     3.49e-01              
    11    13.5889739919    1.64e-02     1.07e-01              
    12    13.5883761541    6.66e-03     1.43e-02              
    13    13.5883587069    1.25e-03     2.31e-03              
    14    13.5883585693    8.74e-05     2.44e-04              
    15    13.5883585674    1.25e-05     1.24e-05              
    16    13.5883585674    7.05e-07     6.59e-07              
  ================================================================
  L-BFGS converged in     16 iterations (  0.04 seconds)
 Converged energy (trial 3): 13.5883585674

************************************************
 Random coefficient initial guess, Trial 4
************************************************

  Initializing L-BFGS optimisation...
    > Num. MOs       =      4
    > Num. params    =      6
    > Max subspace   =     20
    > Max step size   =  0.500
    > Backtracking   =  0.100
    > Parallel tr.   = True
    > Pseudo-canon.  = True
    > Canon interval = 10
    > Hybrid prec.   = True
  ================================================================
           Energy / Eh     Step Len    Max(|G_i|)
  ================================================================
     0    18.7452955907                 3.56e+00
     1    16.4982977040    3.22e-01     3.53e+00              
     2    15.5739845325    5.00e-01     3.44e+00    understep 
     3    16.4966863434    5.00e-01     8.80e+00    rescaled  
     4    15.2291204447    2.80e-01     5.82e+00    overstep  
     5    14.3866980925    1.24e-01     3.86e+00              
     6    13.7135762418    2.14e-01     1.60e+00              
     7    13.6366466410    5.32e-02     6.45e-01              
     8    13.6172985438    2.55e-02     3.39e-01              
     9    13.6080048144    2.35e-02     3.03e-01              
    10    13.5942717155    6.99e-02     3.68e-01              
    11    13.5943711724    2.04e-02     3.24e-01              
    12    13.5931613197    1.84e-02     2.81e-01    overstep  
    13    13.5885970756    1.33e-02     1.03e-01              
    14    13.5883716260    2.47e-03     2.59e-02              
    15    13.5883587829    6.24e-04     1.88e-03              
    16    13.5883585735    1.73e-04     4.70e-04              
    17    13.5883585677    1.61e-05     1.21e-04              
    18    13.5883585674    3.89e-06     5.84e-06              
    19    13.5883585674    7.18e-07     5.00e-07              
  ================================================================
  L-BFGS converged in     19 iterations (  0.11 seconds)
 Converged energy (trial 4): 13.5883585674

************************************************
 Random coefficient initial guess, Trial 5
************************************************

  Initializing L-BFGS optimisation...
    > Num. MOs       =      4
    > Num. params    =      6
    > Max subspace   =     20
    > Max step size   =  0.500
    > Backtracking   =  0.100
    > Parallel tr.   = True
    > Pseudo-canon.  = True
    > Canon interval = 10
    > Hybrid prec.   = True
  ================================================================
           Energy / Eh     Step Len    Max(|G_i|)
  ================================================================
     0    20.4470055826                 5.70e+00
     1    16.9677381418    5.00e-01     4.61e+00    rescaled  
     2    15.2779997769    5.00e-01     3.89e+00    rescaled  
     3    14.1928175132    2.01e-01     2.68e+00              
     4    13.8944296895    3.49e-01     1.56e+00              
     5    13.6907363418    1.19e-01     4.76e-01              
     6    13.6829120413    2.83e-02     1.78e-01              
     7    13.6791756745    1.30e-02     1.89e-01              
     8    13.6687163317    1.61e-01     1.10e+00              
     9    13.6501759281    7.25e-02     6.53e-01              
    10    13.6300862039    3.73e-02     5.99e-01              
    11    14.0008674777    2.95e-01     2.29e+00              
    12    13.6088299004    5.17e-02     5.84e-01    overstep  
    13    13.6361208390    9.66e-02     1.15e+00              
    14    13.5999854099    4.87e-02     4.82e-01    overstep  
    15    13.5887770065    3.05e-02     5.19e-02              
    16    13.5883883352    7.71e-03     1.81e-02              
    17    13.5883612284    2.49e-03     9.97e-03              
    18    13.5883588524    7.10e-04     1.53e-03              
    19    13.5883585684    2.49e-04     1.48e-04              
    20    13.5883585677    1.07e-05     1.52e-05              
    21    13.5883585676    5.34e-07     1.05e-06              
    22    13.5883585676    1.31e-07     1.76e-07              
  ================================================================
  L-BFGS converged in     22 iterations (  0.11 seconds)
 Converged energy (trial 5): 13.5883585676

************************************************
 Random coefficient initial guess, Trial 6
************************************************

  Initializing L-BFGS optimisation...
    > Num. MOs       =      4
    > Num. params    =      6
    > Max subspace   =     20
    > Max step size   =  0.500
    > Backtracking   =  0.100
    > Parallel tr.   = True
    > Pseudo-canon.  = True
    > Canon interval = 10
    > Hybrid prec.   = True
  ================================================================
           Energy / Eh     Step Len    Max(|G_i|)
  ================================================================
     0    27.7998078137                 5.66e+00
     1    22.6437467505    5.00e-01     8.24e+00    rescaled  
     2    22.6437467505    5.00e-01     8.24e+00    understep 
  Step has positive overlap with gradient - reversing direction
     3    20.1715981673    5.00e-01     7.63e+00    reset L-BFGS
     4    17.7612285207    5.00e-01     3.95e+00    rescaled  
  Step has positive overlap with gradient - reversing direction
     5    16.4981825051    5.00e-01     6.34e+00    reset L-BFGS
     6    13.9879567354    5.00e-01     3.05e+00    rescaled  
     7    13.6371898182    1.75e-01     6.68e-01              
     8    13.5969872014    4.58e-02     2.95e-01              
     9    13.5946006950    6.89e-03     1.85e-01              
    10    13.5901800588    2.02e-02     8.71e-02              
    11    13.5886119161    2.27e-02     6.85e-02              
    12    13.5884890103    5.50e-03     3.77e-02              
    13    13.5883591034    4.67e-03     1.97e-03              
    14    13.5883585876    3.10e-04     9.38e-04              
    15    13.5883585681    3.55e-05     4.97e-05              
    16    13.5883585677    7.13e-06     1.23e-05              
    17    13.5883585676    1.43e-06     1.54e-06              
    18    13.5883585676    1.19e-07     4.18e-08              
  ================================================================
  L-BFGS converged in     18 iterations (  0.11 seconds)
 Converged energy (trial 6): 13.5883585676

************************************************
 Random coefficient initial guess, Trial 7
************************************************

  Initializing L-BFGS optimisation...
    > Num. MOs       =      4
    > Num. params    =      6
    > Max subspace   =     20
    > Max step size   =  0.500
    > Backtracking   =  0.100
    > Parallel tr.   = True
    > Pseudo-canon.  = True
    > Canon interval = 10
    > Hybrid prec.   = True
  ================================================================
           Energy / Eh     Step Len    Max(|G_i|)
  ================================================================
     0    24.3904398250                 4.56e+00
     1    21.0649461890    5.00e-01     5.02e+00    rescaled  
     2    18.5978943069    5.00e-01     7.40e+00    rescaled  
     3    17.4747461076    5.00e-01     1.06e+01    rescaled  
     4    15.8492226480    5.00e-01     3.91e+00    rescaled  
     5    14.8985961560    2.56e-01     4.23e+00              
     6    14.9723936764    1.37e-01     4.50e+00              
     7    14.8764549577    6.64e-02     4.03e+00    overstep  
  Step has positive overlap with gradient - reversing direction
     8    14.8572480830    9.21e-02     3.66e+00    reset L-BFGS
     9    13.6961524900    3.09e-01     7.50e-01              
    10    13.6592250957    4.96e-02     4.40e-01              
    11    13.6472760873    2.22e-02     4.64e-01              
    12    13.6222815167    8.09e-02     5.35e-01              
    13    13.6051717105    5.20e-02     5.13e-01              
    14    13.5924351489    5.60e-02     2.90e-01              
    15    13.5888176541    2.46e-02     5.71e-02              
    16    13.5884110835    1.06e-02     2.87e-02              
    17    13.5884061647    2.74e-03     4.13e-02              
    18    13.5883585870    1.54e-03     3.94e-04              
    19    13.5883585677    3.72e-05     6.55e-05              
    20    13.5883585674    8.30e-06     7.12e-06              
    21    13.5883585674    2.29e-07     7.87e-07              
  ================================================================
  L-BFGS converged in     21 iterations (  0.09 seconds)
 Converged energy (trial 7): 13.5883585674

************************************************
 Random coefficient initial guess, Trial 8
************************************************

  Initializing L-BFGS optimisation...
    > Num. MOs       =      4
    > Num. params    =      6
    > Max subspace   =     20
    > Max step size   =  0.500
    > Backtracking   =  0.100
    > Parallel tr.   = True
    > Pseudo-canon.  = True
    > Canon interval = 10
    > Hybrid prec.   = True
  ================================================================
           Energy / Eh     Step Len    Max(|G_i|)
  ================================================================
     0    23.7580033305                 5.74e+00
     1    20.6861261204    5.00e-01     3.41e+00    rescaled  
     2    18.9734258088    5.00e-01     3.59e+00    rescaled  
     3    17.6412158720    5.00e-01     4.43e+00    rescaled  
     4    16.4863758563    5.00e-01     4.85e+00    rescaled  
     5    15.3429304403    5.00e-01     4.88e+00    rescaled  
     6    14.6526886047    3.78e-01     3.25e+00              
     7    13.8608715632    3.61e-01     1.82e+00              
     8    13.7142743346    1.81e-01     1.39e+00              
     9    13.6566904763    8.12e-02     7.28e-01              
    10    13.6282644973    6.27e-02     5.00e-01              
    11    13.6108725051    8.12e-02     5.21e-01              
    12    13.5977154681    3.02e-02     2.54e-01              
    13    13.5931666856    1.33e-02     1.58e-01              
    14    13.5888060186    2.36e-02     7.08e-02              
    15    13.5884059621    7.13e-03     2.18e-02              
    16    13.5883622797    2.95e-03     4.60e-03              
    17    13.5883585921    9.03e-04     4.92e-04              
    18    13.5883585684    5.47e-05     8.92e-05              
    19    13.5883585677    8.33e-06     9.70e-06              
    20    13.5883585676    7.78e-07     1.62e-06              
    21    13.5883585676    2.09e-07     1.53e-07              
  ================================================================
  L-BFGS converged in     21 iterations (  0.09 seconds)
 Converged energy (trial 8): 13.5883585676

************************************************
 Random coefficient initial guess, Trial 9
************************************************

  Initializing L-BFGS optimisation...
    > Num. MOs       =      4
    > Num. params    =      6
    > Max subspace   =     20
    > Max step size   =  0.500
    > Backtracking   =  0.100
    > Parallel tr.   = True
    > Pseudo-canon.  = True
    > Canon interval = 10
    > Hybrid prec.   = True
  ================================================================
           Energy / Eh     Step Len    Max(|G_i|)
  ================================================================
     0    19.0089159380                 4.26e+00
     1    17.8976350899    3.26e-01     2.53e+00              
     2    16.7015697621    5.00e-01     2.85e+00    rescaled  
  Step has positive overlap with gradient - reversing direction
     3    15.0055496183    5.00e-01     3.71e+00    reset L-BFGS
     4    13.6377816123    2.79e-01     6.04e-01              
     5    13.6103270055    6.06e-02     3.61e-01              
     6    13.6034120430    2.48e-02     2.06e-01              
     7    13.5966834264    3.09e-02     2.55e-01              
     8    13.5908951978    3.26e-02     1.63e-01              
     9    13.5893607283    1.60e-02     1.97e-01              
    10    13.5883852524    9.57e-03     2.00e-02              
    11    13.5883588922    2.25e-03     2.48e-03              
    12    13.5883585894    1.62e-04     6.46e-04              
    13    13.5883585678    3.68e-05     5.28e-05              
    14    13.5883585676    4.33e-06     1.72e-06              
    15    13.5883585676    2.33e-07     5.61e-07              
  ================================================================
  L-BFGS converged in     15 iterations (  0.05 seconds)
 Converged energy (trial 9): 13.5883585676

===============================================
 Best solution: 'random_trial_7'
 Energy        = 13.5883585674
===============================================

  Initializing Davidson diagonalisation...
    > Max iterations =   1000
    > Target states  =      5
    > Convergence    =  1.000e-04
    > Basis per root =      4
    > Max basis size =     20
  Davidson diagonalisation converged in      1 iterations (  0.01 seconds)

   --------------------------
    Converged eigenvalues:   
   --------------------------
       0        2.47261255   
       1       11.35605499   
       2       13.46496694   
       3       13.50182785   
       4       38.85416111   
   --------------------------

 ---------------------------------------------
         Total Energy =    13.58835857 Eh
              Nuclear =    36.46766307 Eh
         One Electron =   -45.54483010 Eh
              Coulomb =    36.46766299 Eh
        ROHF Exchange =   -13.80213739 Eh
 ---------------------------------------------
           <Sz> =  0.00
           <S2> =  0.00
  Spin Coupling = +-

 -----------------------------------------------------------------------------------------------
  Open-Shell Exchange Matrix <Ψ|Êpq Êqp|Ψ> - Np
 -----------------------------------------------------------------------------------------------
           1              2        
   1   0.00000000     1.00000000   
   2   1.00000000     0.00000000   

 -----------------------------------------------------------------------------------------------
  Open-Shell Exchange Integrals <pq|qp>
 -----------------------------------------------------------------------------------------------
           1              2        
   1   7.26183768     0.10523772   
   2   0.10523772     7.26183772   

 -----------------------------------------------------------------------------------------------
  Occupied Orbital Coefficients
 -----------------------------------------------------------------------------------------------
           1              2              3        
   1  -0.70710677    -0.00000001     0.00000001   
   2  -0.23557304    -0.94102760     0.05897238   
   3  -0.23557304     0.05897242    -0.94102760   
   4  -0.62370723     0.33315058     0.33315058   

 -----------------------------------------------------------------------------------------------
  Virtual Orbital Coefficients
 -----------------------------------------------------------------------------------------------
           4        
   1  -0.70710680   
   2   0.23557304   
   3   0.23557302   
   4   0.62370720   

 -----------------------------------------------------------------------------------------------
  Generalised Fock Matrix (MO basis)
 -----------------------------------------------------------------------------------------------
           1              2              3        
   1  -1.68849277    -1.57746200    -1.57746193   
   2  -1.57746191     0.73735691    -0.21082169   
   3  -1.57746193    -0.21082208     0.73735695   
   4  -0.00000039     0.00000010    -0.00000012   

[[-0.707107 -0.        0.       -0.707107]
 [-0.235573 -0.941028  0.058972  0.235573]
 [-0.235573  0.058972 -0.941028  0.235573]
 [-0.623707  0.333151  0.333151  0.623707]]
 Saved MO coefficients to FCIDUMP/FCIDUMP_AO_Trimethylenemethane_OS1_mo_coeff.npy
