                    ---------------------------------
                    | Radical ExROPPP Calculation |
                    ---------------------------------

Molecule: Trimethylenemethane.xyz radical

--------------------------------
Cartesian Coordinates / Angstrom
--------------------------------

C        -0.0000000000   0.0000000000  -0.0000000000
C        -0.7076746391   1.2257284301  -0.0000000000
C        -0.7076746391  -1.2257284301  -0.0000000000
C         1.4153492781   0.0000000000  -0.0000000000
H        -1.7921509129   1.2473957268  -0.0000000000
H        -0.1842009315  -2.1757460813  -0.0000000000
H         1.9763518444  -0.9283503546   0.0000000000
H        -0.1842009315   2.1757460813   0.0000000000
H        -1.7921509129  -1.2473957268   0.0000000000
H         1.9763518444   0.9283503546   0.0000000000

There are 4 heavy atoms.
There are 4 electrons in 4 orbitals.


Carbon 1e params: A = -22.717075 b = 1.705616

Nitrogen 1e params: alphan2 = -17.681338 Acn2 = -24.737202 bcn2 = 1.433639

Chlorine 1e params: alphacl = -10.335674 Accl = -26.021937 bccl=1.451861

Carbon 2e params: U = 8.420838 r0 = 1.173157

Nitrogen 2e params: Un2n2 = 17.979843 r0n2n2 = 1.111791

Chlorine 2e params: Uclcl= 9.642991 r0clcl = 2.253316

Mixed 2e params: Ucn2 = 13.200341 Uccl = 9.031915 Un2cl = 13.811417 r0cn2 =1.142474 r0ccl = 1.713237 r0n2cl = 1.682554
[8.42083845 3.81647332 3.81647332 3.81647332]
FCIDUMP file in AO basis written to FCIDUMP/FCIDUMP_AO_Trimethylenemethane


-------------------------------------
Using converged orbitals from CSF-ROHF calculation
-------------------------------------

orbital number 1
[-0.71 -0.24 -0.24 -0.62]
orbital number 2
[-0.   -0.94  0.06  0.33]
orbital number 3
[ 0.    0.06 -0.94  0.33]
orbital number 4
[-0.71  0.24  0.24  0.62]
ENERGY0: 0.2197439035880957

Orbital occupation numbers:
1: 2.000000
2: 1.000000
3: 1.000000
4: 0.000000

------------------------
Starting ExROPPP calculation for diradical in rotated basis
------------------------

Fock matrix in rotated MO basis: [[-8.44246385e-01 -7.88730955e-01 -7.88730965e-01 -1.96692082e-07]
 [-7.88730955e-01  4.21041918e+00  1.17482000e-08 -7.88730919e-01]
 [-7.88730965e-01  1.17482000e-08  4.21041924e+00 -7.88731030e-01]
 [-1.96692081e-07 -7.88730919e-01 -7.88731030e-01  9.26508478e+00]]
Dimensions of CI matrix: (24, 24)
Checking that the Hamiltonian is symmetric (a value of zero means matrix is symmetric) ... 
Frobenius norm of matrix - matrix transpose = 0.000000.

Using dense solver (eigh) on each block ...

Diagonalisation complete. Returning 24 states.

Checking that the Dipole matrix is symmetric (a value of zero means matrix is symmetric) ... 
Frobenius norm of matrix - matrix transpose = 0.00000             0.00000, 0.00000.

Energy of the lowest CI state: -4.1993629285663765

State 0 0.000 eV 
Excitation    CI Coef
|3^OS>    0.87101
|3^CS(1->0)>    0.18314
|3^CS(1->0')>    0.18314
|3^SV(0->1')>    0.18314
|3^SV(0'->1')>   -0.18314
|3X^CV(1->1')>    0.32620
Ground state is triplet
TDMs with Triplet 'Ground' state
TDMX:0.000   TDMY:0.000   TDMZ:0.000   Oscillator Strength:0.00000   <S**2>: 2.000
--------------------------------------------------------------------
TDMs with Singlet 'Ground' state
TDMX:0.000   TDMY:0.000   TDMZ:0.000   Oscillator Strength:-0.00000   <S**2>: 2.000
--------------------------------------------------------------------


State 1 0.559 eV 
Excitation    CI Coef
|1^ZW->   -0.53902
|1^CS(1->0)>   -0.35702
|1^CS(1->0')>   -0.35702
|1^SV(0->1')>    0.35702
|1^SV(0'->1')>    0.35702
|1T^CV(1->1')>   -0.44676
TDMs with Triplet 'Ground' state
TDMX:0.000   TDMY:0.000   TDMZ:0.000   Oscillator Strength:0.00000   <S**2>: 0.000
--------------------------------------------------------------------
TDMs with Singlet 'Ground' state
TDMX:0.000   TDMY:0.000   TDMZ:0.000   Oscillator Strength:0.00000   <S**2>: 0.000
--------------------------------------------------------------------


State 2 0.920 eV 
Excitation    CI Coef
|1^OS>    0.99877
TDMs with Triplet 'Ground' state
TDMX:0.000   TDMY:0.000   TDMZ:0.000   Oscillator Strength:0.00000   <S**2>: 0.000
--------------------------------------------------------------------
TDMs with Singlet 'Ground' state
TDMX:-0.000   TDMY:0.000   TDMZ:0.000   Oscillator Strength:0.00000   <S**2>: 0.000
--------------------------------------------------------------------


State 3 2.728 eV 
Excitation    CI Coef
|3^CS(1->0)>   -0.35014
|3^CS(1->0')>    0.35014
|3^SV(0->1')>   -0.35014
|3^SV(0'->1')>   -0.35014
|3S^CV(1->1')>   -0.71386
TDMs with Triplet 'Ground' state
TDMX:0.000   TDMY:0.000   TDMZ:0.000   Oscillator Strength:0.00000   <S**2>: 2.000
--------------------------------------------------------------------
TDMs with Singlet 'Ground' state
TDMX:0.000   TDMY:0.000   TDMZ:0.000   Oscillator Strength:0.00000   <S**2>: 2.000
--------------------------------------------------------------------


State 4 2.976 eV 
Excitation    CI Coef
|3^OS>    0.48868
|3^CS(1->0)>   -0.35226
|3^CS(1->0')>   -0.35226
|3^SV(0->1')>   -0.35226
|3^SV(0'->1')>    0.35226
|3X^CV(1->1')>   -0.51455
TDMs with Triplet 'Ground' state
TDMX:0.000   TDMY:-0.000   TDMZ:0.000   Oscillator Strength:0.00000   <S**2>: 2.000
--------------------------------------------------------------------
TDMs with Singlet 'Ground' state
TDMX:0.000   TDMY:0.000   TDMZ:0.000   Oscillator Strength:0.00000   <S**2>: 2.000
--------------------------------------------------------------------


State 5 3.738 eV 
Excitation    CI Coef
|1^ZW+>    0.82532
|1^CS(1->0)>    0.27244
|1^CS(1->0')>   -0.27244
|1^SV(0->1')>    0.27244
|1^SV(0'->1')>   -0.27244
|1S^CV(1->1')>   -0.11564
|1^CSD_(1,1)>   -0.06549
|1^SVD_(1',1')>   -0.06549
TDMs with Triplet 'Ground' state
TDMX:0.000   TDMY:0.000   TDMZ:0.000   Oscillator Strength:0.00000   <S**2>: 0.000
--------------------------------------------------------------------
TDMs with Singlet 'Ground' state
TDMX:-0.000   TDMY:1.332   TDMZ:0.000   Oscillator Strength:0.13821   <S**2>: 0.000
--------------------------------------------------------------------


State 6 4.199 eV 
Excitation    CI Coef
|5^CV(1->1')>    1.00000
TDMs with Triplet 'Ground' state
TDMX:0.000   TDMY:0.000   TDMZ:0.000   Oscillator Strength:0.00000   <S**2>: 6.000
--------------------------------------------------------------------
TDMs with Singlet 'Ground' state
TDMX:0.000   TDMY:0.000   TDMZ:0.000   Oscillator Strength:0.00000   <S**2>: 6.000
--------------------------------------------------------------------


State 7 5.790 eV 
Excitation    CI Coef
|3^CS(1->0)>   -0.46891
|3^CS(1->0')>   -0.46891
|3^SV(0->1')>    0.46891
|3^SV(0'->1')>   -0.46891
|3T^CV(1->1')>   -0.34710
TDMs with Triplet 'Ground' state
TDMX:-1.512   TDMY:-0.000   TDMZ:0.000   Oscillator Strength:0.32450   <S**2>: 2.000
--------------------------------------------------------------------
TDMs with Singlet 'Ground' state
TDMX:0.000   TDMY:0.000   TDMZ:0.000   Oscillator Strength:0.00000   <S**2>: 2.000
--------------------------------------------------------------------


State 8 5.892 eV 
Excitation    CI Coef
|3^CS(1->0)>   -0.48165
|3^CS(1->0')>    0.48165
|3^SV(0->1')>    0.48165
|3^SV(0'->1')>    0.48165
|3^ZCV0(1->1')>    0.18982
|3^ZCV0'(2->1')>    0.18982
TDMs with Triplet 'Ground' state
TDMX:-0.000   TDMY:1.421   TDMZ:0.000   Oscillator Strength:0.29137   <S**2>: 2.000
--------------------------------------------------------------------
TDMs with Singlet 'Ground' state
TDMX:0.000   TDMY:0.000   TDMZ:0.000   Oscillator Strength:0.00000   <S**2>: 2.000
--------------------------------------------------------------------


State 9 6.485 eV 
Excitation    CI Coef
|1^ZW->   -0.78546
|1^CS(1->0)>    0.11730
|1^CS(1->0')>    0.11730
|1^SV(0->1')>   -0.11730
|1^SV(0'->1')>   -0.11730
|1T^CV(1->1')>    0.57273
TDMs with Triplet 'Ground' state
TDMX:0.000   TDMY:0.000   TDMZ:0.000   Oscillator Strength:0.00000   <S**2>: 0.000
--------------------------------------------------------------------
TDMs with Singlet 'Ground' state
TDMX:0.000   TDMY:-0.000   TDMZ:0.000   Oscillator Strength:0.00000   <S**2>: 0.000
--------------------------------------------------------------------


State 10 6.787 eV 
Excitation    CI Coef
|1^CS(1->0)>   -0.49814
|1^CS(1->0')>   -0.49814
|1^SV(0->1')>   -0.49814
|1^SV(0'->1')>   -0.49814
|1^ZCV0(1->1')>    0.06098
|1^ZCV0'(1->1')>   -0.06098
TDMs with Triplet 'Ground' state
TDMX:0.000   TDMY:0.000   TDMZ:0.000   Oscillator Strength:0.00000   <S**2>: 0.000
--------------------------------------------------------------------
TDMs with Singlet 'Ground' state
TDMX:0.953   TDMY:-0.000   TDMZ:0.000   Oscillator Strength:0.13851   <S**2>: 0.000
--------------------------------------------------------------------


State 11 7.046 eV 
Excitation    CI Coef
|1^CS(1->0)>    0.50000
|1^CS(1->0')>   -0.50000
|1^SV(0->1')>   -0.50000
|1^SV(0'->1')>    0.50000
TDMs with Triplet 'Ground' state
TDMX:0.000   TDMY:0.000   TDMZ:0.000   Oscillator Strength:0.00000   <S**2>: 0.000
--------------------------------------------------------------------
TDMs with Singlet 'Ground' state
TDMX:-0.000   TDMY:0.000   TDMZ:0.000   Oscillator Strength:0.00000   <S**2>: 0.000
--------------------------------------------------------------------


State 12 7.402 eV 
Excitation    CI Coef
|1^ZW+>    0.43334
|1^CS(1->0)>   -0.26857
|1^CS(1->0')>    0.26857
|1^SV(0->1')>   -0.26857
|1^SV(0'->1')>    0.26857
|1S^CV(1->1')>    0.70211
|1^CSD_(1,1)>   -0.12394
|1^SVD_(1',1')>   -0.12394
TDMs with Triplet 'Ground' state
TDMX:0.000   TDMY:0.000   TDMZ:0.000   Oscillator Strength:0.00000   <S**2>: 0.000
--------------------------------------------------------------------
TDMs with Singlet 'Ground' state
TDMX:0.000   TDMY:0.993   TDMZ:0.000   Oscillator Strength:0.16541   <S**2>: 0.000
--------------------------------------------------------------------


State 13 8.298 eV 
Excitation    CI Coef
|3^CS(1->0)>   -0.26056
|3^CS(1->0')>   -0.26057
|3^SV(0->1')>   -0.26056
|3^SV(0'->1')>    0.26057
|3X^CV(1->1')>    0.68481
|3^ZCV0(1->1')>    0.35987
|3^ZCV0'(2->1')>   -0.35987
TDMs with Triplet 'Ground' state
TDMX:0.000   TDMY:0.000   TDMZ:0.000   Oscillator Strength:0.00000   <S**2>: 2.000
--------------------------------------------------------------------
TDMs with Singlet 'Ground' state
TDMX:0.000   TDMY:0.000   TDMZ:0.000   Oscillator Strength:0.00000   <S**2>: 2.000
--------------------------------------------------------------------


State 14 8.307 eV 
Excitation    CI Coef
|3^CS(1->0)>   -0.35693
|3^CS(1->0')>    0.35693
|3^SV(0->1')>   -0.35693
|3^SV(0'->1')>   -0.35693
|3S^CV(1->1')>    0.70029
TDMs with Triplet 'Ground' state
TDMX:-0.000   TDMY:-0.000   TDMZ:0.000   Oscillator Strength:0.00000   <S**2>: 2.000
--------------------------------------------------------------------
TDMs with Singlet 'Ground' state
TDMX:0.000   TDMY:0.000   TDMZ:0.000   Oscillator Strength:0.00000   <S**2>: 2.000
--------------------------------------------------------------------


State 15 9.217 eV 
Excitation    CI Coef
|3^CS(1->0)>    0.17355
|3^CS(1->0')>    0.17355
|3^SV(0->1')>   -0.17355
|3^SV(0'->1')>    0.17355
|3T^CV(1->1')>   -0.93783
TDMs with Triplet 'Ground' state
TDMX:-0.151   TDMY:-0.000   TDMZ:0.000   Oscillator Strength:0.00518   <S**2>: 2.000
--------------------------------------------------------------------
TDMs with Singlet 'Ground' state
TDMX:0.000   TDMY:0.000   TDMZ:0.000   Oscillator Strength:0.00000   <S**2>: 2.000
--------------------------------------------------------------------


State 16 10.180 eV 
Excitation    CI Coef
|3^CS(1->0)>   -0.15645
|3^CS(1->0')>   -0.15645
|3^SV(0->1')>   -0.15645
|3^SV(0'->1')>    0.15645
|3X^CV(1->1')>    0.39984
|3^ZCV0(1->1')>   -0.60833
|3^ZCV0'(2->1')>    0.60833
TDMs with Triplet 'Ground' state
TDMX:-0.000   TDMY:-0.000   TDMZ:0.000   Oscillator Strength:0.00000   <S**2>: 2.000
--------------------------------------------------------------------
TDMs with Singlet 'Ground' state
TDMX:0.000   TDMY:0.000   TDMZ:0.000   Oscillator Strength:0.00000   <S**2>: 2.000
--------------------------------------------------------------------


State 17 10.206 eV 
Excitation    CI Coef
|3^CS(1->0)>   -0.13422
|3^CS(1->0')>    0.13422
|3^SV(0->1')>    0.13422
|3^SV(0'->1')>    0.13422
|3^ZCV0(1->1')>   -0.68115
|3^ZCV0'(2->1')>   -0.68115
TDMs with Triplet 'Ground' state
TDMX:0.000   TDMY:-0.016   TDMZ:0.000   Oscillator Strength:0.00006   <S**2>: 2.000
--------------------------------------------------------------------
TDMs with Singlet 'Ground' state
TDMX:0.000   TDMY:0.000   TDMZ:0.000   Oscillator Strength:0.00000   <S**2>: 2.000
--------------------------------------------------------------------


State 18 10.690 eV 
Excitation    CI Coef
|1^ZW+>   -0.33242
|1^CS(1->0)>    0.32176
|1^CS(1->0')>   -0.32176
|1^SV(0->1')>    0.32176
|1^SV(0'->1')>   -0.32176
|1S^CV(1->1')>    0.68853
TDMs with Triplet 'Ground' state
TDMX:0.000   TDMY:0.000   TDMZ:0.000   Oscillator Strength:0.00000   <S**2>: 0.000
--------------------------------------------------------------------
TDMs with Singlet 'Ground' state
TDMX:0.000   TDMY:0.110   TDMZ:0.000   Oscillator Strength:0.00302   <S**2>: 0.000
--------------------------------------------------------------------


State 19 10.842 eV 
Excitation    CI Coef
|1^ZW->    0.30415
|1^CS(1->0)>   -0.32981
|1^CS(1->0')>   -0.32981
|1^SV(0->1')>    0.32981
|1^SV(0'->1')>    0.32981
|1T^CV(1->1')>    0.68731
TDMs with Triplet 'Ground' state
TDMX:0.000   TDMY:0.000   TDMZ:0.000   Oscillator Strength:0.00000   <S**2>: 0.000
--------------------------------------------------------------------
TDMs with Singlet 'Ground' state
TDMX:-0.000   TDMY:-0.000   TDMZ:0.000   Oscillator Strength:0.00000   <S**2>: 0.000
--------------------------------------------------------------------


State 20 11.363 eV 
Excitation    CI Coef
|1^ZCV0(1->1')>    0.40775
|1^ZCV0'(1->1')>    0.40775
|1^CSD_(1,1)>    0.57664
|1^SVD_(1',1')>   -0.57664
TDMs with Triplet 'Ground' state
TDMX:0.000   TDMY:0.000   TDMZ:0.000   Oscillator Strength:0.00000   <S**2>: 0.000
--------------------------------------------------------------------
TDMs with Singlet 'Ground' state
TDMX:0.000   TDMY:-0.000   TDMZ:0.000   Oscillator Strength:0.00000   <S**2>: 0.000
--------------------------------------------------------------------


State 21 12.631 eV 
Excitation    CI Coef
|1^ZW+>   -0.14339
|1S^CV(1->1')>   -0.13996
|1^CSD_(1,1)>   -0.69261
|1^SVD_(1',1')>   -0.69261
TDMs with Triplet 'Ground' state
TDMX:0.000   TDMY:0.000   TDMZ:0.000   Oscillator Strength:0.00000   <S**2>: 0.000
--------------------------------------------------------------------
TDMs with Singlet 'Ground' state
TDMX:0.000   TDMY:0.488   TDMZ:0.000   Oscillator Strength:0.07038   <S**2>: 0.000
--------------------------------------------------------------------


State 22 13.283 eV 
Excitation    CI Coef
|1^ZCV0(1->1')>    0.70447
|1^ZCV0'(1->1')>   -0.70447
TDMs with Triplet 'Ground' state
TDMX:0.000   TDMY:0.000   TDMZ:0.000   Oscillator Strength:0.00000   <S**2>: 0.000
--------------------------------------------------------------------
TDMs with Singlet 'Ground' state
TDMX:0.080   TDMY:-0.000   TDMZ:0.000   Oscillator Strength:0.00199   <S**2>: 0.000
--------------------------------------------------------------------


State 23 14.499 eV 
Excitation    CI Coef
|1^ZCV0(1->1')>    0.57735
|1^ZCV0'(1->1')>    0.57735
|1^CSD_(1,1)>   -0.40825
|1^SVD_(1',1')>    0.40825
TDMs with Triplet 'Ground' state
TDMX:0.000   TDMY:0.000   TDMZ:0.000   Oscillator Strength:0.00000   <S**2>: 0.000
--------------------------------------------------------------------
TDMs with Singlet 'Ground' state
TDMX:-0.000   TDMY:0.000   TDMZ:0.000   Oscillator Strength:0.00000   <S**2>: 0.000
--------------------------------------------------------------------


============================================================================
  TRANSITION INTENSITY SUMMARY
  General threshold  : f >= 0.1000
  Low-energy window  : E  < 2.80 eV  (> 443 nm)  ->  f >= 0.0020
============================================================================


  Transitions from Singlet ground state (state 1):
  State   Energy/eV   Wavelen./nm   Osc. Str.    <S²>
  ------------------------------------------------------------
      5      3.1787        390.05     0.13821   0.000   
     10      6.2273        199.10     0.13851   0.000   
     12      6.8423        181.20     0.16541   0.000   
  (* below general threshold but within low-energy window)

  Transitions from Triplet ground state (state 0):
  State   Energy/eV   Wavelen./nm   Osc. Str.    <S²>
  ------------------------------------------------------------
      7      5.7899        214.14     0.32450   2.000   
      8      5.8919        210.43     0.29137   2.000   
  (* below general threshold but within low-energy window)

============================================================================

Wall clock time: 0.0115 seconds
