                    ---------------------------------
                    | Radical ExROPPP Calculation |
                    ---------------------------------

Molecule: Cyclobutadiene.xyz radical

--------------------------------
Cartesian Coordinates / Angstrom
--------------------------------

 C      0.0000000000   1.0188578502   0.0000000000
 C     -1.0188578502   0.0000000000   0.0000000000
 C     -0.0000000000  -1.0188578502   0.0000000000
 C      1.0188578502  -0.0000000000   0.0000000000
 H      0.0000000000   2.1009174410   0.0000000000
 H     -2.1009174410   0.0000000000   0.0000000000
 H     -0.0000000000  -2.1009174410   0.0000000000
 H      2.1009174410  -0.0000000000   0.0000000000

There are 4 heavy atoms.
There are 4 electrons in 4 orbitals.


Carbon 1e params: A = -22.717075 b = 1.705616

Nitrogen 1e params: alphan2 = -17.681338 Acn2 = -24.737202 bcn2 = 1.433639

Chlorine 1e params: alphacl = -10.335674 Accl = -26.021937 bccl=1.451861

Carbon 2e params: U = 8.420838 r0 = 1.173157

Nitrogen 2e params: Un2n2 = 17.979843 r0n2n2 = 1.111791

Chlorine 2e params: Uclcl= 9.642991 r0clcl = 2.253316

Mixed 2e params: Ucn2 = 13.200341 Uccl = 9.031915 Un2cl = 13.811417 r0cn2 =1.142474 r0ccl = 1.713237 r0n2cl = 1.682554
[8.42083845 3.77919493 3.07672275 3.77919493]

-------------------------------------
Restricted Open-shell PPP Calculation
-------------------------------------

Starting SCF cycle...

Iter   Energy        Dens Change      Energy Change
-----------------------------------------------------
0 -1.2507989505369892 4.440892098500626e-16 -1.2507989505369892
ENERGY0: -1.2507989505369892

--------------------------
Converged ROPPP Orbitals
--------------------------

orbital number 1 energy -5.780617431891798
[0.5 0.5 0.5 0.5]
orbital number 2 energy 0.0
[-0.71 -0.    0.71 -0.  ]
orbital number 3 energy 8.881784197001252e-16
[-0.    0.71  0.   -0.71]
orbital number 4 energy 5.780617431891801
[ 0.5 -0.5  0.5 -0.5]

Orbital occupation numbers:
1: 2.000000
2: 1.000000
3: 1.000000
4: 0.000000

------------------------
Starting ExROPPP calculation for diradical in rotated basis
------------------------

Coulomb Matrix in MO basis, J_ij = (ii|jj):
 [[4.76398776 4.76398776 4.76398776 4.76398776]
 [4.76398776 5.7487806  3.77919493 4.76398776]
 [4.76398776 3.77919493 5.7487806  4.76398776]
 [4.76398776 4.76398776 4.76398776 4.76398776]]
Coulomb Matrix in MO basis, K_ij = (ij|ji):
 [[4.76398776e+00 1.33602892e+00 1.33602892e+00 9.84792837e-01]
 [1.33602892e+00 5.74878060e+00 1.90351467e-32 1.33602892e+00]
 [1.33602892e+00 1.90351467e-32 5.74878060e+00 1.33602892e+00]
 [9.84792837e-01 1.33602892e+00 1.33602892e+00 4.76398776e+00]]
Dimensions of CI matrix: (24, 24)
Checking that the Hamiltonian is symmetric (a value of zero means matrix is symmetric) ... 
Frobenius norm of matrix - matrix transpose = 0.000000.

Using dense solver (eigh) on each block ...

Diagonalisation complete. Returning 24 states.

Checking that the Dipole matrix is symmetric (a value of zero means matrix is symmetric) ... 
Frobenius norm of matrix - matrix transpose = 0.00000             0.00000, 0.00000.

Energy of the lowest CI state: -4.95110211086843

State 0 0.000 eV 
Excitation    CI Coef
|1^OS>    0.96960
|1T^CV(1->1')>    0.24470
Ground state is singlet
TDMs with Triplet 'Ground' state
TDMX:0.000   TDMY:0.000   TDMZ:0.000   Oscillator Strength:-0.00000   <S**2>: 0.000
--------------------------------------------------------------------
TDMs with Singlet 'Ground' state
TDMX:-0.000   TDMY:-0.000   TDMZ:0.000   Oscillator Strength:0.00000   <S**2>: 0.000
--------------------------------------------------------------------


State 1 0.336 eV 
Excitation    CI Coef
|3^OS>    0.96799
|3S^CV(1->1')>   -0.25098
TDMs with Triplet 'Ground' state
TDMX:-0.000   TDMY:-0.000   TDMZ:0.000   Oscillator Strength:0.00000   <S**2>: 2.000
--------------------------------------------------------------------
TDMs with Singlet 'Ground' state
TDMX:0.000   TDMY:0.000   TDMZ:0.000   Oscillator Strength:0.00000   <S**2>: 2.000
--------------------------------------------------------------------


State 2 1.491 eV 
Excitation    CI Coef
|1^ZW+>   -0.90377
|1^ZCV0(1->1')>    0.15450
|1^ZCV0'(1->1')>   -0.15450
|1^CSD_(1,1)>    0.26026
|1^SVD_(1',1')>    0.26026
TDMs with Triplet 'Ground' state
TDMX:0.000   TDMY:0.000   TDMZ:0.000   Oscillator Strength:0.00000   <S**2>: 0.000
--------------------------------------------------------------------
TDMs with Singlet 'Ground' state
TDMX:0.000   TDMY:0.000   TDMZ:0.000   Oscillator Strength:0.00000   <S**2>: 0.000
--------------------------------------------------------------------


State 3 2.705 eV 
Excitation    CI Coef
|1^ZW->    0.99492
|1^ZCV0(1->1')>   -0.07116
|1^ZCV0'(1->1')>   -0.07116
TDMs with Triplet 'Ground' state
TDMX:0.000   TDMY:0.000   TDMZ:0.000   Oscillator Strength:0.00000   <S**2>: 0.000
--------------------------------------------------------------------
TDMs with Singlet 'Ground' state
TDMX:-0.000   TDMY:0.000   TDMZ:0.000   Oscillator Strength:0.00000   <S**2>: 0.000
--------------------------------------------------------------------


State 4 3.381 eV 
Excitation    CI Coef
|3^CS(1->0)>    0.18332
|3^CS(1->0')>   -0.68293
|3^SV(0->1')>   -0.18332
|3^SV(0'->1')>    0.68293
TDMs with Triplet 'Ground' state
TDMX:0.000   TDMY:-0.000   TDMZ:0.000   Oscillator Strength:0.00000   <S**2>: 2.000
--------------------------------------------------------------------
TDMs with Singlet 'Ground' state
TDMX:0.000   TDMY:0.000   TDMZ:0.000   Oscillator Strength:0.00000   <S**2>: 2.000
--------------------------------------------------------------------


State 5 3.381 eV 
Excitation    CI Coef
|3^CS(1->0)>   -0.68293
|3^CS(1->0')>   -0.18332
|3^SV(0->1')>    0.68293
|3^SV(0'->1')>    0.18332
TDMs with Triplet 'Ground' state
TDMX:0.000   TDMY:0.000   TDMZ:0.000   Oscillator Strength:0.00000   <S**2>: 2.000
--------------------------------------------------------------------
TDMs with Singlet 'Ground' state
TDMX:0.000   TDMY:0.000   TDMZ:0.000   Oscillator Strength:0.00000   <S**2>: 2.000
--------------------------------------------------------------------


State 6 4.951 eV 
Excitation    CI Coef
|5^CV(1->1')>    1.00000
TDMs with Triplet 'Ground' state
TDMX:0.000   TDMY:0.000   TDMZ:0.000   Oscillator Strength:0.00000   <S**2>: 6.000
--------------------------------------------------------------------
TDMs with Singlet 'Ground' state
TDMX:0.000   TDMY:0.000   TDMZ:0.000   Oscillator Strength:0.00000   <S**2>: 6.000
--------------------------------------------------------------------


State 7 6.053 eV 
Excitation    CI Coef
|1^CS(1->0)>   -0.15312
|1^CS(1->0')>   -0.69033
|1^SV(0->1')>   -0.15312
|1^SV(0'->1')>    0.69033
TDMs with Triplet 'Ground' state
TDMX:0.000   TDMY:0.000   TDMZ:0.000   Oscillator Strength:0.00000   <S**2>: 0.000
--------------------------------------------------------------------
TDMs with Singlet 'Ground' state
TDMX:0.000   TDMY:0.000   TDMZ:0.000   Oscillator Strength:0.00000   <S**2>: 0.000
--------------------------------------------------------------------


State 8 6.053 eV 
Excitation    CI Coef
|3^CS(1->0)>    0.15806
|3^CS(1->0')>   -0.68922
|3^SV(0->1')>    0.15806
|3^SV(0'->1')>   -0.68922
TDMs with Triplet 'Ground' state
TDMX:-1.484   TDMY:0.340   TDMZ:0.000   Oscillator Strength:0.32447   <S**2>: 2.000
--------------------------------------------------------------------
TDMs with Singlet 'Ground' state
TDMX:0.000   TDMY:0.000   TDMZ:0.000   Oscillator Strength:0.00000   <S**2>: 2.000
--------------------------------------------------------------------


State 9 6.053 eV 
Excitation    CI Coef
|1^CS(1->0)>    0.69033
|1^CS(1->0')>   -0.15312
|1^SV(0->1')>    0.69033
|1^SV(0'->1')>    0.15312
TDMs with Triplet 'Ground' state
TDMX:0.000   TDMY:0.000   TDMZ:0.000   Oscillator Strength:0.00000   <S**2>: 0.000
--------------------------------------------------------------------
TDMs with Singlet 'Ground' state
TDMX:0.000   TDMY:-0.000   TDMZ:0.000   Oscillator Strength:0.00000   <S**2>: 0.000
--------------------------------------------------------------------


State 10 6.053 eV 
Excitation    CI Coef
|3^CS(1->0)>   -0.68922
|3^CS(1->0')>   -0.15806
|3^SV(0->1')>   -0.68922
|3^SV(0'->1')>   -0.15806
TDMs with Triplet 'Ground' state
TDMX:-0.340   TDMY:-1.484   TDMZ:0.000   Oscillator Strength:0.32447   <S**2>: 2.000
--------------------------------------------------------------------
TDMs with Singlet 'Ground' state
TDMX:0.000   TDMY:0.000   TDMZ:0.000   Oscillator Strength:0.00000   <S**2>: 2.000
--------------------------------------------------------------------


State 11 8.113 eV 
Excitation    CI Coef
|3^OS>    0.25098
|3S^CV(1->1')>    0.96799
TDMs with Triplet 'Ground' state
TDMX:-0.000   TDMY:-0.000   TDMZ:0.000   Oscillator Strength:0.00000   <S**2>: 2.000
--------------------------------------------------------------------
TDMs with Singlet 'Ground' state
TDMX:0.000   TDMY:0.000   TDMZ:0.000   Oscillator Strength:0.00000   <S**2>: 2.000
--------------------------------------------------------------------


State 12 8.305 eV 
Excitation    CI Coef
|1^ZW+>   -0.41785
|1^ZCV0(1->1')>   -0.45027
|1^ZCV0'(1->1')>    0.45027
|1^CSD_(1,1)>   -0.45821
|1^SVD_(1',1')>   -0.45821
TDMs with Triplet 'Ground' state
TDMX:0.000   TDMY:0.000   TDMZ:0.000   Oscillator Strength:0.00000   <S**2>: 0.000
--------------------------------------------------------------------
TDMs with Singlet 'Ground' state
TDMX:-0.000   TDMY:0.000   TDMZ:0.000   Oscillator Strength:0.00000   <S**2>: 0.000
--------------------------------------------------------------------


State 13 8.725 eV 
Excitation    CI Coef
|1^CS(1->0)>   -0.69140
|1^CS(1->0')>    0.14820
|1^SV(0->1')>    0.69140
|1^SV(0'->1')>    0.14820
TDMs with Triplet 'Ground' state
TDMX:0.000   TDMY:0.000   TDMZ:0.000   Oscillator Strength:0.00000   <S**2>: 0.000
--------------------------------------------------------------------
TDMs with Singlet 'Ground' state
TDMX:0.270   TDMY:1.261   TDMZ:0.000   Oscillator Strength:0.35561   <S**2>: 0.000
--------------------------------------------------------------------


State 14 8.725 eV 
Excitation    CI Coef
|1^CS(1->0)>   -0.14820
|1^CS(1->0')>   -0.69140
|1^SV(0->1')>    0.14820
|1^SV(0'->1')>   -0.69140
TDMs with Triplet 'Ground' state
TDMX:0.000   TDMY:0.000   TDMZ:0.000   Oscillator Strength:0.00000   <S**2>: 0.000
--------------------------------------------------------------------
TDMs with Singlet 'Ground' state
TDMX:-1.261   TDMY:0.270   TDMZ:0.000   Oscillator Strength:0.35561   <S**2>: 0.000
--------------------------------------------------------------------


State 15 9.593 eV 
Excitation    CI Coef
|3T^CV(1->1')>    1.00000
TDMs with Triplet 'Ground' state
TDMX:-0.000   TDMY:-0.000   TDMZ:0.000   Oscillator Strength:0.00000   <S**2>: 2.000
--------------------------------------------------------------------
TDMs with Singlet 'Ground' state
TDMX:0.000   TDMY:0.000   TDMZ:0.000   Oscillator Strength:0.00000   <S**2>: 2.000
--------------------------------------------------------------------


State 16 9.593 eV 
Excitation    CI Coef
|3^ZCV0'(2->1')>    0.99994
TDMs with Triplet 'Ground' state
TDMX:0.000   TDMY:0.000   TDMZ:0.000   Oscillator Strength:0.00000   <S**2>: 2.000
--------------------------------------------------------------------
TDMs with Singlet 'Ground' state
TDMX:0.000   TDMY:0.000   TDMZ:0.000   Oscillator Strength:0.00000   <S**2>: 2.000
--------------------------------------------------------------------


State 17 9.593 eV 
Excitation    CI Coef
|3^ZCV0(1->1')>   -0.99994
TDMs with Triplet 'Ground' state
TDMX:0.000   TDMY:-0.000   TDMZ:0.000   Oscillator Strength:0.00000   <S**2>: 2.000
--------------------------------------------------------------------
TDMs with Singlet 'Ground' state
TDMX:0.000   TDMY:0.000   TDMZ:0.000   Oscillator Strength:0.00000   <S**2>: 2.000
--------------------------------------------------------------------


State 18 9.593 eV 
Excitation    CI Coef
|1S^CV(1->1')>    1.00000
TDMs with Triplet 'Ground' state
TDMX:0.000   TDMY:0.000   TDMZ:0.000   Oscillator Strength:0.00000   <S**2>: 0.000
--------------------------------------------------------------------
TDMs with Singlet 'Ground' state
TDMX:-0.000   TDMY:-0.000   TDMZ:0.000   Oscillator Strength:0.00000   <S**2>: 0.000
--------------------------------------------------------------------


State 19 10.295 eV 
Excitation    CI Coef
|3X^CV(1->1')>   -1.00000
TDMs with Triplet 'Ground' state
TDMX:-0.000   TDMY:-0.000   TDMZ:0.000   Oscillator Strength:0.00000   <S**2>: 2.000
--------------------------------------------------------------------
TDMs with Singlet 'Ground' state
TDMX:0.000   TDMY:0.000   TDMZ:0.000   Oscillator Strength:0.00000   <S**2>: 2.000
--------------------------------------------------------------------


State 20 10.295 eV 
Excitation    CI Coef
|1^CSD_(1,1)>   -0.70711
|1^SVD_(1',1')>    0.70711
TDMs with Triplet 'Ground' state
TDMX:0.000   TDMY:0.000   TDMZ:0.000   Oscillator Strength:0.00000   <S**2>: 0.000
--------------------------------------------------------------------
TDMs with Singlet 'Ground' state
TDMX:-0.000   TDMY:-0.000   TDMZ:0.000   Oscillator Strength:0.00000   <S**2>: 0.000
--------------------------------------------------------------------


State 21 11.653 eV 
Excitation    CI Coef
|1^ZW->    0.10064
|1^ZCV0(1->1')>    0.70352
|1^ZCV0'(1->1')>    0.70352
TDMs with Triplet 'Ground' state
TDMX:0.000   TDMY:0.000   TDMZ:0.000   Oscillator Strength:0.00000   <S**2>: 0.000
--------------------------------------------------------------------
TDMs with Singlet 'Ground' state
TDMX:-0.000   TDMY:0.000   TDMZ:0.000   Oscillator Strength:0.00000   <S**2>: 0.000
--------------------------------------------------------------------


State 22 13.793 eV 
Excitation    CI Coef
|1^OS>   -0.24470
|1T^CV(1->1')>    0.96960
TDMs with Triplet 'Ground' state
TDMX:0.000   TDMY:0.000   TDMZ:0.000   Oscillator Strength:0.00000   <S**2>: 0.000
--------------------------------------------------------------------
TDMs with Singlet 'Ground' state
TDMX:0.000   TDMY:0.000   TDMZ:0.000   Oscillator Strength:0.00000   <S**2>: 0.000
--------------------------------------------------------------------


State 23 14.858 eV 
Excitation    CI Coef
|1^ZW+>   -0.09279
|1^ZCV0(1->1')>    0.52286
|1^ZCV0'(1->1')>   -0.52286
|1^CSD_(1,1)>   -0.47150
|1^SVD_(1',1')>   -0.47150
TDMs with Triplet 'Ground' state
TDMX:0.000   TDMY:0.000   TDMZ:0.000   Oscillator Strength:0.00000   <S**2>: 0.000
--------------------------------------------------------------------
TDMs with Singlet 'Ground' state
TDMX:-0.000   TDMY:-0.000   TDMZ:0.000   Oscillator Strength:0.00000   <S**2>: 0.000
--------------------------------------------------------------------


============================================================================
  TRANSITION INTENSITY SUMMARY
  General threshold  : f >= 0.1000
  Low-energy window  : E  < 2.80 eV  (> 443 nm)  ->  f >= 0.0020
============================================================================


  Transitions from Singlet ground state (state 0):
  State   Energy/eV   Wavelen./nm   Osc. Str.    <S²>
  ------------------------------------------------------------
     13      8.7250        142.10     0.35561   0.000   
     14      8.7250        142.10     0.35561   0.000   
  (* below general threshold but within low-energy window)

  Transitions from Triplet ground state (state 1):
  State   Energy/eV   Wavelen./nm   Osc. Str.    <S²>
  ------------------------------------------------------------
      8      5.7169        216.87     0.32447   2.000   
     10      5.7169        216.87     0.32447   2.000   
  (* below general threshold but within low-energy window)

============================================================================

Wall clock time: 0.0108 seconds
