                    ---------------------------------
                    | Radical ExROPPP Calculation |
                    ---------------------------------

Molecule: Trimethylenemethane.xyz radical

--------------------------------
Cartesian Coordinates / Angstrom
--------------------------------

C    -0.0000000000        0.0000000000       -0.0000000000
C    -0.7076746391        1.2257284301       -0.0000000000
C    -0.7076746391       -1.2257284301       -0.0000000000
C     1.4153492781        0.0000000000       -0.0000000000
H    -1.7921509129        1.2473957268       -0.0000000000
H    -0.1842009315       -2.1757460813       -0.0000000000
H     1.9763518444       -0.9283503546        0.0000000000
H    -0.1842009315        2.1757460813        0.0000000000
H    -1.7921509129       -1.2473957268        0.0000000000
H     1.9763518444        0.9283503546        0.0000000000

There are 4 heavy atoms.
There are 4 electrons in 4 orbitals.


Carbon 1e params: A = -22.717075 b = 1.705616

Nitrogen 1e params: alphan2 = -17.681338 Acn2 = -24.737202 bcn2 = 1.433639

Chlorine 1e params: alphacl = -10.335674 Accl = -26.021937 bccl=1.451861

Carbon 2e params: U = 8.420838 r0 = 1.173157

Nitrogen 2e params: Un2n2 = 17.979843 r0n2n2 = 1.111791

Chlorine 2e params: Uclcl= 9.642991 r0clcl = 2.253316

Mixed 2e params: Ucn2 = 13.200341 Uccl = 9.031915 Un2cl = 13.811417 r0cn2 =1.142474 r0ccl = 1.713237 r0n2cl = 1.682554
[8.42083845 3.81647332 3.81647332 3.81647332]

-------------------------------------
Restricted Open-shell PPP Calculation
-------------------------------------

Starting SCF cycle...

Iter   Energy        Dens Change      Energy Change
-----------------------------------------------------
0 -0.5268303220284116 3.0015989693765732e-12 -0.5268303220284116
1 -0.526830322028405 1.0550449403012863e-12 6.661338147750939e-15
2 -0.5268303220284145 3.709255125272648e-13 -9.547918011776346e-15
3 -0.5268303220284196 1.3034018309099338e-13 -5.10702591327572e-15
4 -0.5268303220284218 4.596323321948148e-14 -2.220446049250313e-15
5 -0.5268303220284236 1.609823385706477e-14 -1.7763568394002505e-15
6 -0.5268303220284232 5.88418203051333e-15 4.440892098500626e-16
7 -0.5268303220284163 1.6653345369377348e-15 6.8833827526759706e-15
ENERGY0: -0.5268303220284163

--------------------------
Converged ROPPP Orbitals
--------------------------

orbital number 1 energy -5.427952716972922
[0.71 0.41 0.41 0.41]
orbital number 2 energy 0.0
[-0.   -0.79  0.2   0.58]
orbital number 3 energy 0.0
[-0.   -0.22  0.79 -0.57]
orbital number 4 energy 5.427952716972922
[-0.71  0.41  0.41  0.41]

Orbital occupation numbers:
1: 2.000000
2: 1.000000
3: 1.000000
4: 0.000000

------------------------
Starting ExROPPP calculation for diradical in rotated basis
------------------------

Coulomb Matrix in MO basis, J_ij = (ii|jj):
 [[5.16943649 4.22021709 4.22021709 5.16943649]
 [4.22021709 5.57318026 3.67474146 4.22021709]
 [4.22021709 3.67474146 5.57318026 4.22021709]
 [5.16943649 4.22021709 4.22021709 5.16943649]]
Coulomb Matrix in MO basis, K_ij = (ij|ji):
 [[5.16943649 0.9492194  0.9492194  1.35296317]
 [0.9492194  5.57318026 0.9492194  0.9492194 ]
 [0.9492194  0.9492194  5.57318026 0.9492194 ]
 [1.35296317 0.9492194  0.9492194  5.16943649]]
Dimensions of CI matrix: (24, 24)
Checking that the Hamiltonian is symmetric (a value of zero means matrix is symmetric) ... 
Frobenius norm of matrix - matrix transpose = 0.000000.

Using dense solver (eigh) on each block ...

Diagonalisation complete. Returning 24 states.

Checking that the Dipole matrix is symmetric (a value of zero means matrix is symmetric) ... 
Frobenius norm of matrix - matrix transpose = 0.00000             0.00000, 0.00000.

Energy of the lowest CI state: -4.236658242360214

State 0 0.000 eV 
Excitation    CI Coef
|3^OS>    0.97320
|3X^CV(1->1')>   -0.22998
Ground state is triplet
TDMs with Triplet 'Ground' state
TDMX:0.000   TDMY:0.000   TDMZ:0.000   Oscillator Strength:0.00000   <S**2>: 2.000
--------------------------------------------------------------------
TDMs with Singlet 'Ground' state
TDMX:0.000   TDMY:0.000   TDMZ:0.000   Oscillator Strength:-0.00000   <S**2>: 2.000
--------------------------------------------------------------------


State 1 0.897 eV 
Excitation    CI Coef
|1^OS>    0.87952
|1^CS(1->0)>   -0.23447
|1^CS(1->0')>   -0.24077
|1^SV(0->1')>   -0.23447
|1^SV(0'->1')>   -0.24077
TDMs with Triplet 'Ground' state
TDMX:0.000   TDMY:0.000   TDMZ:0.000   Oscillator Strength:0.00000   <S**2>: 0.000
--------------------------------------------------------------------
TDMs with Singlet 'Ground' state
TDMX:0.000   TDMY:0.000   TDMZ:0.000   Oscillator Strength:0.00000   <S**2>: 0.000
--------------------------------------------------------------------


State 2 0.897 eV 
Excitation    CI Coef
|1^ZW->    0.87952
|1^CS(1->0)>    0.24077
|1^CS(1->0')>   -0.23447
|1^SV(0->1')>    0.24077
|1^SV(0'->1')>   -0.23447
TDMs with Triplet 'Ground' state
TDMX:0.000   TDMY:0.000   TDMZ:0.000   Oscillator Strength:0.00000   <S**2>: 0.000
--------------------------------------------------------------------
TDMs with Singlet 'Ground' state
TDMX:-0.000   TDMY:0.000   TDMZ:0.000   Oscillator Strength:0.00000   <S**2>: 0.000
--------------------------------------------------------------------


State 3 3.220 eV 
Excitation    CI Coef
|3^CS(1->0)>    0.47126
|3^CS(1->0')>   -0.45893
|3^SV(0->1')>   -0.47126
|3^SV(0'->1')>   -0.45893
|3^ZCV0(1->1')>   -0.25932
|3^ZCV0'(2->1')>    0.25932
TDMs with Triplet 'Ground' state
TDMX:0.000   TDMY:-0.000   TDMZ:0.000   Oscillator Strength:0.00000   <S**2>: 2.000
--------------------------------------------------------------------
TDMs with Singlet 'Ground' state
TDMX:0.000   TDMY:0.000   TDMZ:0.000   Oscillator Strength:0.00000   <S**2>: 2.000
--------------------------------------------------------------------


State 4 3.220 eV 
Excitation    CI Coef
|3^CS(1->0)>   -0.45893
|3^CS(1->0')>   -0.47126
|3^SV(0->1')>    0.45893
|3^SV(0'->1')>   -0.47126
|3S^CV(1->1')>   -0.36674
TDMs with Triplet 'Ground' state
TDMX:0.000   TDMY:0.000   TDMZ:0.000   Oscillator Strength:0.00000   <S**2>: 2.000
--------------------------------------------------------------------
TDMs with Singlet 'Ground' state
TDMX:0.000   TDMY:0.000   TDMZ:0.000   Oscillator Strength:0.00000   <S**2>: 2.000
--------------------------------------------------------------------


State 5 3.731 eV 
Excitation    CI Coef
|1^ZW+>   -0.96521
|1^CSD_(1,1)>    0.18488
|1^SVD_(1',1')>    0.18488
TDMs with Triplet 'Ground' state
TDMX:0.000   TDMY:0.000   TDMZ:0.000   Oscillator Strength:0.00000   <S**2>: 0.000
--------------------------------------------------------------------
TDMs with Singlet 'Ground' state
TDMX:-1.639   TDMY:-0.000   TDMZ:0.000   Oscillator Strength:0.18650   <S**2>: 0.000
--------------------------------------------------------------------


State 6 4.237 eV 
Excitation    CI Coef
|5^CV(1->1')>    1.00000
TDMs with Triplet 'Ground' state
TDMX:0.000   TDMY:0.000   TDMZ:0.000   Oscillator Strength:0.00000   <S**2>: 6.000
--------------------------------------------------------------------
TDMs with Singlet 'Ground' state
TDMX:0.000   TDMY:0.000   TDMZ:0.000   Oscillator Strength:0.00000   <S**2>: 6.000
--------------------------------------------------------------------


State 7 5.867 eV 
Excitation    CI Coef
|3^CS(1->0)>   -0.50658
|3^CS(1->0')>    0.49334
|3^SV(0->1')>   -0.50658
|3^SV(0'->1')>   -0.49334
TDMs with Triplet 'Ground' state
TDMX:1.406   TDMY:0.000   TDMZ:0.000   Oscillator Strength:0.28398   <S**2>: 2.000
--------------------------------------------------------------------
TDMs with Singlet 'Ground' state
TDMX:0.000   TDMY:0.000   TDMZ:0.000   Oscillator Strength:0.00000   <S**2>: 2.000
--------------------------------------------------------------------


State 8 5.867 eV 
Excitation    CI Coef
|3^CS(1->0)>   -0.49334
|3^CS(1->0')>   -0.50658
|3^SV(0->1')>   -0.49334
|3^SV(0'->1')>    0.50658
TDMs with Triplet 'Ground' state
TDMX:0.000   TDMY:-1.406   TDMZ:0.000   Oscillator Strength:0.28398   <S**2>: 2.000
--------------------------------------------------------------------
TDMs with Singlet 'Ground' state
TDMX:0.000   TDMY:0.000   TDMZ:0.000   Oscillator Strength:0.00000   <S**2>: 2.000
--------------------------------------------------------------------


State 9 6.841 eV 
Excitation    CI Coef
|1^CS(1->0)>   -0.45545
|1^CS(1->0')>    0.44354
|1^SV(0->1')>    0.45545
|1^SV(0'->1')>   -0.44354
|1^ZCV0(1->1')>   -0.30946
|1^ZCV0'(1->1')>    0.30946
TDMs with Triplet 'Ground' state
TDMX:0.000   TDMY:0.000   TDMZ:0.000   Oscillator Strength:0.00000   <S**2>: 0.000
--------------------------------------------------------------------
TDMs with Singlet 'Ground' state
TDMX:0.000   TDMY:1.203   TDMZ:0.000   Oscillator Strength:0.21070   <S**2>: 0.000
--------------------------------------------------------------------


State 10 6.841 eV 
Excitation    CI Coef
|1^CS(1->0)>    0.44354
|1^CS(1->0')>    0.45545
|1^SV(0->1')>   -0.44354
|1^SV(0'->1')>   -0.45545
|1S^CV(1->1')>   -0.43764
TDMs with Triplet 'Ground' state
TDMX:0.000   TDMY:0.000   TDMZ:0.000   Oscillator Strength:0.00000   <S**2>: 0.000
--------------------------------------------------------------------
TDMs with Singlet 'Ground' state
TDMX:1.203   TDMY:-0.000   TDMZ:0.000   Oscillator Strength:0.21070   <S**2>: 0.000
--------------------------------------------------------------------


State 11 7.317 eV 
Excitation    CI Coef
|1^ZW->    0.47512
|1^CS(1->0)>   -0.44571
|1^CS(1->0')>    0.43404
|1^SV(0->1')>   -0.44571
|1^SV(0'->1')>    0.43404
TDMs with Triplet 'Ground' state
TDMX:0.000   TDMY:0.000   TDMZ:0.000   Oscillator Strength:0.00000   <S**2>: 0.000
--------------------------------------------------------------------
TDMs with Singlet 'Ground' state
TDMX:-0.000   TDMY:0.000   TDMZ:0.000   Oscillator Strength:0.00000   <S**2>: 0.000
--------------------------------------------------------------------


State 12 7.317 eV 
Excitation    CI Coef
|1^OS>   -0.47512
|1^CS(1->0)>   -0.43404
|1^CS(1->0')>   -0.44571
|1^SV(0->1')>   -0.43404
|1^SV(0'->1')>   -0.44571
TDMs with Triplet 'Ground' state
TDMX:0.000   TDMY:0.000   TDMZ:0.000   Oscillator Strength:0.00000   <S**2>: 0.000
--------------------------------------------------------------------
TDMs with Singlet 'Ground' state
TDMX:-0.000   TDMY:-0.000   TDMZ:0.000   Oscillator Strength:0.00000   <S**2>: 0.000
--------------------------------------------------------------------


State 13 8.482 eV 
Excitation    CI Coef
|3^OS>    0.22998
|3X^CV(1->1')>    0.97320
TDMs with Triplet 'Ground' state
TDMX:0.000   TDMY:-0.000   TDMZ:0.000   Oscillator Strength:0.00000   <S**2>: 2.000
--------------------------------------------------------------------
TDMs with Singlet 'Ground' state
TDMX:0.000   TDMY:0.000   TDMZ:0.000   Oscillator Strength:0.00000   <S**2>: 2.000
--------------------------------------------------------------------


State 14 8.782 eV 
Excitation    CI Coef
|3^CS(1->0)>   -0.18099
|3^CS(1->0')>   -0.18585
|3^SV(0->1')>    0.18099
|3^SV(0'->1')>   -0.18585
|3S^CV(1->1')>    0.92995
TDMs with Triplet 'Ground' state
TDMX:-0.000   TDMY:-0.000   TDMZ:0.000   Oscillator Strength:0.00000   <S**2>: 2.000
--------------------------------------------------------------------
TDMs with Singlet 'Ground' state
TDMX:0.000   TDMY:0.000   TDMZ:0.000   Oscillator Strength:0.00000   <S**2>: 2.000
--------------------------------------------------------------------


State 15 8.782 eV 
Excitation    CI Coef
|3^CS(1->0)>    0.18585
|3^CS(1->0')>   -0.18099
|3^SV(0->1')>   -0.18585
|3^SV(0'->1')>   -0.18099
|3^ZCV0(1->1')>    0.65757
|3^ZCV0'(2->1')>   -0.65757
TDMs with Triplet 'Ground' state
TDMX:-0.000   TDMY:-0.000   TDMZ:0.000   Oscillator Strength:0.00000   <S**2>: 2.000
--------------------------------------------------------------------
TDMs with Singlet 'Ground' state
TDMX:0.000   TDMY:0.000   TDMZ:0.000   Oscillator Strength:0.00000   <S**2>: 2.000
--------------------------------------------------------------------


State 16 8.841 eV 
Excitation    CI Coef
|3T^CV(1->1')>    1.00000
TDMs with Triplet 'Ground' state
TDMX:-0.000   TDMY:-0.000   TDMZ:0.000   Oscillator Strength:0.00000   <S**2>: 2.000
--------------------------------------------------------------------
TDMs with Singlet 'Ground' state
TDMX:0.000   TDMY:0.000   TDMZ:0.000   Oscillator Strength:0.00000   <S**2>: 2.000
--------------------------------------------------------------------


State 17 8.841 eV 
Excitation    CI Coef
|1^ZCV0(1->1')>   -0.40825
|1^ZCV0'(1->1')>   -0.40825
|1^CSD_(1,1)>    0.57735
|1^SVD_(1',1')>   -0.57735
TDMs with Triplet 'Ground' state
TDMX:0.000   TDMY:0.000   TDMZ:0.000   Oscillator Strength:0.00000   <S**2>: 0.000
--------------------------------------------------------------------
TDMs with Singlet 'Ground' state
TDMX:-0.000   TDMY:-0.000   TDMZ:0.000   Oscillator Strength:0.00000   <S**2>: 0.000
--------------------------------------------------------------------


State 18 9.932 eV 
Excitation    CI Coef
|1T^CV(1->1')>    1.00000
TDMs with Triplet 'Ground' state
TDMX:0.000   TDMY:0.000   TDMZ:0.000   Oscillator Strength:0.00000   <S**2>: 0.000
--------------------------------------------------------------------
TDMs with Singlet 'Ground' state
TDMX:-0.000   TDMY:-0.000   TDMZ:0.000   Oscillator Strength:0.00000   <S**2>: 0.000
--------------------------------------------------------------------


State 19 9.932 eV 
Excitation    CI Coef
|3^ZCV0(1->1')>    0.70711
|3^ZCV0'(2->1')>    0.70711
TDMs with Triplet 'Ground' state
TDMX:-0.000   TDMY:0.000   TDMZ:0.000   Oscillator Strength:0.00000   <S**2>: 2.000
--------------------------------------------------------------------
TDMs with Singlet 'Ground' state
TDMX:0.000   TDMY:0.000   TDMZ:0.000   Oscillator Strength:0.00000   <S**2>: 2.000
--------------------------------------------------------------------


State 20 11.254 eV 
Excitation    CI Coef
|1^ZW+>    0.26146
|1^CSD_(1,1)>    0.68251
|1^SVD_(1',1')>    0.68251
TDMs with Triplet 'Ground' state
TDMX:0.000   TDMY:0.000   TDMZ:0.000   Oscillator Strength:0.00000   <S**2>: 0.000
--------------------------------------------------------------------
TDMs with Singlet 'Ground' state
TDMX:-0.487   TDMY:-0.000   TDMZ:0.000   Oscillator Strength:0.06027   <S**2>: 0.000
--------------------------------------------------------------------


State 21 11.664 eV 
Excitation    CI Coef
|1^CS(1->0)>   -0.21598
|1^CS(1->0')>   -0.22178
|1^SV(0->1')>    0.21598
|1^SV(0'->1')>    0.22178
|1S^CV(1->1')>   -0.89876
TDMs with Triplet 'Ground' state
TDMX:0.000   TDMY:0.000   TDMZ:0.000   Oscillator Strength:0.00000   <S**2>: 0.000
--------------------------------------------------------------------
TDMs with Singlet 'Ground' state
TDMX:0.121   TDMY:0.000   TDMZ:0.000   Oscillator Strength:0.00388   <S**2>: 0.000
--------------------------------------------------------------------


State 22 11.664 eV 
Excitation    CI Coef
|1^CS(1->0)>   -0.22178
|1^CS(1->0')>    0.21598
|1^SV(0->1')>    0.22178
|1^SV(0'->1')>   -0.21598
|1^ZCV0(1->1')>    0.63552
|1^ZCV0'(1->1')>   -0.63552
TDMs with Triplet 'Ground' state
TDMX:0.000   TDMY:0.000   TDMZ:0.000   Oscillator Strength:0.00000   <S**2>: 0.000
--------------------------------------------------------------------
TDMs with Singlet 'Ground' state
TDMX:0.000   TDMY:-0.121   TDMZ:0.000   Oscillator Strength:0.00388   <S**2>: 0.000
--------------------------------------------------------------------


State 23 14.536 eV 
Excitation    CI Coef
|1^ZCV0(1->1')>    0.57735
|1^ZCV0'(1->1')>    0.57735
|1^CSD_(1,1)>    0.40825
|1^SVD_(1',1')>   -0.40825
TDMs with Triplet 'Ground' state
TDMX:0.000   TDMY:0.000   TDMZ:0.000   Oscillator Strength:0.00000   <S**2>: 0.000
--------------------------------------------------------------------
TDMs with Singlet 'Ground' state
TDMX:-0.000   TDMY:0.000   TDMZ:0.000   Oscillator Strength:0.00000   <S**2>: 0.000
--------------------------------------------------------------------


============================================================================
  TRANSITION INTENSITY SUMMARY
  General threshold  : f >= 0.1000
  Low-energy window  : E  < 2.80 eV  (> 443 nm)  ->  f >= 0.0020
============================================================================


  Transitions from Singlet ground state (state 1):
  State   Energy/eV   Wavelen./nm   Osc. Str.    <S²>
  ------------------------------------------------------------
      5      2.8345        437.41     0.18650   0.000   
      9      5.9440        208.59     0.21070   0.000   
     10      5.9440        208.59     0.21070   0.000   
  (* below general threshold but within low-energy window)

  Transitions from Triplet ground state (state 0):
  State   Energy/eV   Wavelen./nm   Osc. Str.    <S²>
  ------------------------------------------------------------
      7      5.8668        211.33     0.28398   2.000   
      8      5.8668        211.33     0.28398   2.000   
  (* below general threshold but within low-energy window)

============================================================================

Wall clock time: 0.0071 seconds
