  FCIDUMP file : FCIDUMP/FCIDUMP_AO_meta-xylylene
  NORB         : 8
  NELEC        : 8  (nalpha=4, nbeta=4)
  Scalar pot.  :  112.1532843653
===============================================
 Testing CSF optimisation with named guesses
===============================================

************************************************
 Testing 'gwh' initial guess method
************************************************

  Initializing L-BFGS optimisation...
    > Num. MOs       =      8
    > Num. params    =     21
    > Max subspace   =     20
    > Max step size   =  0.500
    > Backtracking   =  0.100
    > Parallel tr.   = True
    > Pseudo-canon.  = True
    > Canon interval = 10
    > Hybrid prec.   = True
  ================================================================
           Energy / Eh     Step Len    Max(|G_i|)
  ================================================================
     0    49.8732145035                 8.31e+00
     1    37.9502022838    5.00e-01     6.33e+00    rescaled  
     2    33.4928664516    5.00e-01     8.34e+00    rescaled  
     3    29.5274147676    5.00e-01     7.94e+00    rescaled  
     4    25.7527248319    5.00e-01     5.31e+00    rescaled  
     5    23.5982191525    2.72e-01     1.28e+00              
     6    23.2141608654    1.38e-01     1.09e+00              
     7    23.0192708231    9.85e-02     4.87e-01              
     8    22.8803466481    9.00e-02     6.63e-01              
     9    22.8500864052    1.03e-01     9.71e-01              
    10    22.8137988949    5.09e-02     2.58e-01              
    11    22.8104775270    1.24e-02     1.33e-01              
    12    22.8094728467    7.91e-03     2.40e-02              
    13    22.8094357551    1.65e-03     8.03e-03              
    14    22.8094313009    6.37e-04     1.35e-03              
    15    22.8094311058    1.52e-04     2.24e-04              
    16    22.8094311008    2.52e-05     3.25e-05              
    17    22.8094311007    2.73e-06     6.79e-06              
    18    22.8094311007    4.48e-07     3.42e-07              
  ================================================================
  L-BFGS converged in     18 iterations (  0.32 seconds)
 Converged energy (gwh): 22.8094311007

************************************************
 Testing 'core' initial guess method
************************************************

  Initializing L-BFGS optimisation...
    > Num. MOs       =      8
    > Num. params    =     21
    > Max subspace   =     20
    > Max step size   =  0.500
    > Backtracking   =  0.100
    > Parallel tr.   = True
    > Pseudo-canon.  = True
    > Canon interval = 10
    > Hybrid prec.   = True
  ================================================================
           Energy / Eh     Step Len    Max(|G_i|)
  ================================================================
     0    28.6945272801                 7.91e+00
     1    24.0106678871    5.00e-01     3.37e+00    rescaled  
     2    23.0468193674    5.00e-01     1.55e+00    rescaled  
     3    22.8329365584    1.65e-01     3.96e-01              
     4    22.8155557272    3.86e-02     1.63e-01              
     5    22.8097514406    4.00e-02     6.78e-02              
     6    22.8096655013    5.71e-03     7.59e-02              
     7    22.8094318164    1.92e-03     1.98e-03              
     8    22.8094311621    2.21e-04     7.50e-04              
     9    22.8094311065    9.44e-05     2.09e-04              
    10    22.8094311007    2.71e-05     2.42e-05              
    11    22.8094311007    1.38e-06     7.31e-06              
    12    22.8094311007    3.24e-07     2.07e-07              
  ================================================================
  L-BFGS converged in     12 iterations (  0.10 seconds)
 Converged energy (core): 22.8094311007

===============================================
 Testing CSF optimisation with random coefficients
===============================================

************************************************
 Random coefficient initial guess, Trial 0
************************************************

  Initializing L-BFGS optimisation...
    > Num. MOs       =      8
    > Num. params    =     21
    > Max subspace   =     20
    > Max step size   =  0.500
    > Backtracking   =  0.100
    > Parallel tr.   = True
    > Pseudo-canon.  = True
    > Canon interval = 10
    > Hybrid prec.   = True
  ================================================================
           Energy / Eh     Step Len    Max(|G_i|)
  ================================================================
     0    47.4252581006                 6.60e+00
     1    38.4387091707    5.00e-01     5.86e+00    rescaled  
     2    33.9412900147    5.00e-01     6.47e+00    rescaled  
     3    30.4818660599    5.00e-01     5.50e+00    rescaled  
     4    28.3499047286    5.00e-01     3.99e+00    rescaled  
     5    25.3828857964    5.00e-01     3.16e+00    rescaled  
     6    24.5223968928    5.00e-01     2.57e+00    rescaled  
     7    23.3740934059    3.39e-01     1.63e+00              
     8    23.0880051308    8.61e-02     6.08e-01              
     9    22.8972761230    1.38e-01     7.36e-01              
    10    22.8400837934    9.62e-02     3.91e-01              
    11    22.8152555581    5.48e-02     3.06e-01              
    12    22.8106265563    1.24e-02     9.99e-02              
    13    22.8097312145    5.59e-03     4.73e-02              
    14    22.8095503511    4.47e-03     2.63e-02              
    15    22.8094686498    1.43e-03     1.57e-02              
    16    22.8094345584    1.82e-03     5.95e-03              
    17    22.8094314774    3.83e-04     1.81e-03              
    18    22.8094311252    1.05e-04     4.05e-04              
    19    22.8094311043    4.09e-05     2.61e-04              
    20    22.8094311008    8.81e-06     2.99e-05              
    21    22.8094311007    1.86e-06     2.76e-06              
    22    22.8094311007    2.69e-07     5.13e-07              
  ================================================================
  L-BFGS converged in     22 iterations (  0.09 seconds)
 Converged energy (trial 0): 22.8094311007

************************************************
 Random coefficient initial guess, Trial 1
************************************************

  Initializing L-BFGS optimisation...
    > Num. MOs       =      8
    > Num. params    =     21
    > Max subspace   =     20
    > Max step size   =  0.500
    > Backtracking   =  0.100
    > Parallel tr.   = True
    > Pseudo-canon.  = True
    > Canon interval = 10
    > Hybrid prec.   = True
  ================================================================
           Energy / Eh     Step Len    Max(|G_i|)
  ================================================================
     0    53.1811388941                 5.59e+00
     1    50.0188481579    5.00e-01     7.81e+00    rescaled  
     2    47.2048049859    5.00e-01     8.29e+00    rescaled  
     3    43.3362276447    5.00e-01     7.18e+00    rescaled  
     4    39.4672454832    5.00e-01     6.51e+00    rescaled  
     5    34.8315918356    5.00e-01     6.57e+00    rescaled  
     6    29.9376689438    5.00e-01     4.99e+00    rescaled  
     7    27.0062110984    4.25e-01     2.23e+00              
     8    25.3410440385    5.00e-01     2.93e+00    rescaled  
     9    24.5919363344    5.00e-01     3.53e+00    rescaled  
    10    23.7225750165    1.78e-01     2.81e+00              
    11    23.5425971582    2.35e-01     3.65e+00              
    12    23.0671569566    1.56e-01     1.54e+00              
    13    22.8728479388    1.29e-01     6.06e-01              
    14    22.8209540645    3.75e-02     2.72e-01              
    15    22.8136275418    9.88e-03     1.40e-01              
    16    22.8108232827    1.53e-02     1.26e-01              
    17    22.8097317529    6.02e-03     4.95e-02              
    18    22.8095119568    4.00e-03     2.75e-02              
    19    22.8094422494    2.54e-03     7.21e-03              
    20    22.8094331429    5.15e-04     3.49e-03              
    21    22.8094315924    2.27e-04     1.22e-03              
    22    22.8094311593    1.86e-04     6.31e-04              
    23    22.8094311084    5.52e-05     1.94e-04              
    24    22.8094311011    2.26e-05     8.34e-05              
    25    22.8094311007    3.26e-06     5.73e-06              
    26    22.8094311007    3.17e-07     9.49e-07              
  ================================================================
  L-BFGS converged in     26 iterations (  0.06 seconds)
 Converged energy (trial 1): 22.8094311007

************************************************
 Random coefficient initial guess, Trial 2
************************************************

  Initializing L-BFGS optimisation...
    > Num. MOs       =      8
    > Num. params    =     21
    > Max subspace   =     20
    > Max step size   =  0.500
    > Backtracking   =  0.100
    > Parallel tr.   = True
    > Pseudo-canon.  = True
    > Canon interval = 10
    > Hybrid prec.   = True
  ================================================================
           Energy / Eh     Step Len    Max(|G_i|)
  ================================================================
     0    47.4407129289                 8.99e+00
     1    43.1282399670    5.00e-01     6.81e+00    rescaled  
  Step has positive overlap with gradient - reversing direction
     2    41.0548865677    5.00e-01     7.85e+00    reset L-BFGS
     3    34.1123648058    5.00e-01     3.85e+00    rescaled  
     4    31.6811446622    5.00e-01     8.06e+00    rescaled  
     5    29.6849090435    5.00e-01     1.13e+01    rescaled  
     6    25.1116656940    5.00e-01     6.67e+00    rescaled  
     7    24.0555698370    5.00e-01     3.18e+00    rescaled  
     8    23.0946406448    2.56e-01     7.29e-01              
     9    22.9627033641    1.03e-01     5.39e-01              
    10    22.8442425995    1.22e-01     6.00e-01              
    11    22.8162232460    3.25e-02     1.55e-01              
    12    22.8108927691    1.68e-02     6.98e-02              
    13    22.8097017139    1.08e-02     3.09e-02              
    14    22.8095152603    5.18e-03     2.83e-02              
    15    22.8094352904    1.57e-03     8.01e-03              
    16    22.8094316110    3.20e-04     1.76e-03              
    17    22.8094311622    1.70e-04     8.76e-04              
    18    22.8094311025    6.80e-05     1.27e-04              
    19    22.8094311008    8.91e-06     4.52e-05              
    20    22.8094311007    2.00e-06     2.59e-06              
    21    22.8094311007    1.38e-07     1.16e-06              
    22    22.8094311007    1.60e-07     1.08e-07              
  ================================================================
  L-BFGS converged in     22 iterations (  0.03 seconds)
 Converged energy (trial 2): 22.8094311007

************************************************
 Random coefficient initial guess, Trial 3
************************************************

  Initializing L-BFGS optimisation...
    > Num. MOs       =      8
    > Num. params    =     21
    > Max subspace   =     20
    > Max step size   =  0.500
    > Backtracking   =  0.100
    > Parallel tr.   = True
    > Pseudo-canon.  = True
    > Canon interval = 10
    > Hybrid prec.   = True
  ================================================================
           Energy / Eh     Step Len    Max(|G_i|)
  ================================================================
     0    48.4339372968                 7.17e+00
     1    42.7099581010    5.00e-01     9.54e+00    rescaled  
  Step has positive overlap with gradient - reversing direction
     2    35.9955982765    5.00e-01     9.21e+00    reset L-BFGS
     3    33.0725794178    5.00e-01     8.78e+00    rescaled  
  Step has positive overlap with gradient - reversing direction
     4    29.7688009354    5.00e-01     6.43e+00    reset L-BFGS
     5    24.9768563656    3.56e-01     2.55e+00              
     6    24.1369607556    5.00e-01     2.92e+00    rescaled  
     7    23.1819698937    1.66e-01     6.05e-01              
     8    23.0531545596    6.59e-02     5.29e-01              
     9    23.4448877325    4.96e-01     2.06e+00              
    10    22.8411289435    2.41e-01     6.09e-01    overstep  
    11    22.8564865830    1.03e-01     7.22e-01              
    12    22.8303979011    8.12e-02     4.30e-01    overstep  
    13    22.8109164916    3.67e-02     6.82e-02              
    14    22.8099661206    1.60e-02     5.65e-02              
    15    22.8094384413    5.02e-03     9.58e-03              
    16    22.8094326010    5.97e-04     4.86e-03              
    17    22.8094311099    1.66e-04     2.44e-04              
    18    22.8094311021    1.36e-05     5.58e-05              
    19    22.8094311009    5.98e-06     2.47e-05              
    20    22.8094311007    3.94e-06     1.09e-05              
    21    22.8094311007    7.56e-07     7.01e-06              
    22    22.8094311007    3.77e-07     2.44e-07              
  ================================================================
  L-BFGS converged in     22 iterations (  0.01 seconds)
 Converged energy (trial 3): 22.8094311007

************************************************
 Random coefficient initial guess, Trial 4
************************************************

  Initializing L-BFGS optimisation...
    > Num. MOs       =      8
    > Num. params    =     21
    > Max subspace   =     20
    > Max step size   =  0.500
    > Backtracking   =  0.100
    > Parallel tr.   = True
    > Pseudo-canon.  = True
    > Canon interval = 10
    > Hybrid prec.   = True
  ================================================================
           Energy / Eh     Step Len    Max(|G_i|)
  ================================================================
     0    37.2816424877                 8.20e+00
     1    33.2695004031    5.00e-01     8.34e+00    rescaled  
     2    33.2695004031    5.00e-01     8.34e+00    understep 
  Step has positive overlap with gradient - reversing direction
     3    30.5505336274    5.00e-01     7.71e+00    reset L-BFGS
     4    26.7613438879    2.99e-01     1.47e+00              
     5    25.4600277086    5.00e-01     2.80e+00    rescaled  
     6    25.4600277086    5.00e-01     2.80e+00    understep 
  Step has positive overlap with gradient - reversing direction
     7    24.3036980590    5.00e-01     3.76e+00    reset L-BFGS
     8    23.1914636949    1.98e-01     9.86e-01              
     9    23.0263408672    1.50e-01     7.17e-01              
    10    22.9066893584    1.17e-01     6.72e-01              
    11    23.0081556870    2.58e-01     1.29e+00              
    12    22.8414586147    1.55e-01     5.57e-01    overstep  
    13    22.8153893786    9.55e-02     3.10e-01              
    14    22.8096834187    1.57e-02     3.53e-02              
    15    22.8094381128    5.29e-03     4.98e-03              
    16    22.8094317872    6.52e-04     1.66e-03              
    17    22.8094311611    2.17e-04     5.35e-04              
    18    22.8094311058    1.14e-04     2.49e-04              
    19    22.8094311011    2.14e-05     6.17e-05              
    20    22.8094311007    5.45e-06     6.48e-06              
    21    22.8094311007    3.92e-07     2.85e-06              
    22    22.8094311007    4.02e-07     8.48e-07              
  ================================================================
  L-BFGS converged in     22 iterations (  0.01 seconds)
 Converged energy (trial 4): 22.8094311007

************************************************
 Random coefficient initial guess, Trial 5
************************************************

  Initializing L-BFGS optimisation...
    > Num. MOs       =      8
    > Num. params    =     21
    > Max subspace   =     20
    > Max step size   =  0.500
    > Backtracking   =  0.100
    > Parallel tr.   = True
    > Pseudo-canon.  = True
    > Canon interval = 10
    > Hybrid prec.   = True
  ================================================================
           Energy / Eh     Step Len    Max(|G_i|)
  ================================================================
     0    49.3736480818                 7.61e+00
     1    44.7862140706    5.00e-01     9.25e+00    rescaled  
  Step has positive overlap with gradient - reversing direction
     2    40.7697857132    5.00e-01     7.88e+00    reset L-BFGS
     3    35.5892136821    5.00e-01     7.87e+00    rescaled  
     4    30.3034706467    4.12e-01     9.74e+00              
     5    27.1464567743    5.00e-01     8.81e+00    rescaled  
     6    27.1464567743    5.00e-01     8.81e+00    understep 
     7    25.8320713308    5.00e-01     6.50e+00    rescaled  
     8    26.5246117392    5.00e-01     4.67e+00    rescaled  
     9    25.6987075295    2.57e-01     5.82e+00    overstep  
    10    24.6949646683    5.00e-01     3.91e+00    rescaled  
    11    23.6038916402    1.74e-01     2.71e+00              
    12    23.6264630940    7.00e-02     2.88e+00              
    13    23.5996158069    2.88e-02     2.78e+00    overstep  
    14    23.5080552532    3.04e-02     3.06e+00              
    15    23.1361263294    1.62e-01     1.49e+00              
    16    22.9537329102    6.04e-02     1.33e+00              
    17    22.8275683523    8.82e-02     4.17e-01              
    18    22.8141008854    5.08e-02     1.94e-01              
    19    22.8101966536    1.38e-02     8.13e-02              
    20    22.8095331416    4.71e-03     2.56e-02              
    21    22.8094437937    2.13e-03     6.73e-03              
    22    22.8094318933    1.02e-03     3.99e-03              
    23    22.8094313559    2.04e-04     1.96e-03              
    24    22.8094311119    1.06e-04     2.30e-04              
    25    22.8094311029    1.95e-05     9.81e-05              
    26    22.8094311007    1.55e-05     1.83e-05              
    27    22.8094311007    1.23e-06     2.43e-05              
    28    22.8094311007    1.10e-06     2.00e-05    overstep  
    29    22.8094311007    5.33e-07     4.31e-07              
  ================================================================
  L-BFGS converged in     29 iterations (  0.02 seconds)
 Converged energy (trial 5): 22.8094311007

************************************************
 Random coefficient initial guess, Trial 6
************************************************

  Initializing L-BFGS optimisation...
    > Num. MOs       =      8
    > Num. params    =     21
    > Max subspace   =     20
    > Max step size   =  0.500
    > Backtracking   =  0.100
    > Parallel tr.   = True
    > Pseudo-canon.  = True
    > Canon interval = 10
    > Hybrid prec.   = True
  ================================================================
           Energy / Eh     Step Len    Max(|G_i|)
  ================================================================
     0    48.4605389401                 7.76e+00
     1    41.0234407546    5.00e-01     7.69e+00    rescaled  
     2    36.0376328978    5.00e-01     6.37e+00    rescaled  
     3    34.5347671614    5.00e-01     7.00e+00    rescaled  
     4    31.6505933435    5.00e-01     7.92e+00    rescaled  
     5    26.9906394814    4.42e-01     3.12e+00              
     6    25.0267673984    5.00e-01     2.37e+00    rescaled  
     7    23.9781162318    5.00e-01     2.13e+00    rescaled  
     8    23.5142467741    2.81e-01     2.93e+00              
     9    23.1434385024    1.36e-01     1.61e+00              
    10    22.9493103181    1.03e-01     6.73e-01              
    11    22.8627989227    9.63e-02     5.31e-01              
    12    22.8275535806    5.29e-02     3.04e-01              
    13    22.8142511954    4.33e-02     2.14e-01              
    14    22.8100057796    8.77e-03     6.22e-02              
    15    22.8095239592    4.82e-03     1.92e-02              
    16    22.8094421497    2.39e-03     8.45e-03              
    17    22.8094321644    9.80e-04     4.05e-03              
    18    22.8094311262    1.73e-04     4.54e-04              
    19    22.8094311024    3.25e-05     8.82e-05              
    20    22.8094311007    6.49e-06     1.81e-05              
    21    22.8094311007    2.09e-06     3.32e-06              
    22    22.8094311007    2.46e-07     5.70e-07              
  ================================================================
  L-BFGS converged in     22 iterations (  0.02 seconds)
 Converged energy (trial 6): 22.8094311007

************************************************
 Random coefficient initial guess, Trial 7
************************************************

  Initializing L-BFGS optimisation...
    > Num. MOs       =      8
    > Num. params    =     21
    > Max subspace   =     20
    > Max step size   =  0.500
    > Backtracking   =  0.100
    > Parallel tr.   = True
    > Pseudo-canon.  = True
    > Canon interval = 10
    > Hybrid prec.   = True
  ================================================================
           Energy / Eh     Step Len    Max(|G_i|)
  ================================================================
     0    47.4908902021                 8.50e+00
     1    41.8272721218    5.00e-01     1.16e+01    rescaled  
     2    41.8272721218    5.00e-01     1.16e+01    understep 
     3    37.7505388577    5.00e-01     1.11e+01    rescaled  
     4    34.2752276237    5.00e-01     8.08e+00    rescaled  
     5    33.1188537780    5.00e-01     9.47e+00    rescaled  
     6    27.2123849481    3.78e-01     2.72e+00              
     7    25.2077280964    3.99e-01     4.93e+00              
     8    24.1881768417    2.16e-01     3.96e+00              
     9    23.6432825738    1.21e-01     1.60e+00              
    10    23.4533758464    9.57e-02     1.24e+00              
    11    23.2277901726    1.33e-01     7.35e-01              
    12    23.0413136866    1.09e-01     7.98e-01              
    13    22.8930698926    2.19e-01     6.50e-01              
    14    22.8299974874    1.34e-01     3.55e-01              
    15    22.8107218437    4.30e-02     7.32e-02              
    16    22.8096969208    1.27e-02     3.28e-02              
    17    22.8095206920    2.96e-03     1.70e-02              
    18    22.8094480917    1.56e-03     8.04e-03              
    19    22.8094326033    9.11e-04     2.91e-03              
    20    22.8094312815    3.50e-04     1.09e-03              
    21    22.8094311087    1.21e-04     2.70e-04              
    22    22.8094311011    1.04e-05     4.90e-05              
    23    22.8094311007    3.37e-06     1.45e-05              
    24    22.8094311007    1.88e-06     3.47e-06              
    25    22.8094311007    4.59e-07     1.58e-06              
    26    22.8094311007    6.91e-08     5.56e-07              
  ================================================================
  L-BFGS converged in     26 iterations (  0.02 seconds)
 Converged energy (trial 7): 22.8094311007

************************************************
 Random coefficient initial guess, Trial 8
************************************************

  Initializing L-BFGS optimisation...
    > Num. MOs       =      8
    > Num. params    =     21
    > Max subspace   =     20
    > Max step size   =  0.500
    > Backtracking   =  0.100
    > Parallel tr.   = True
    > Pseudo-canon.  = True
    > Canon interval = 10
    > Hybrid prec.   = True
  ================================================================
           Energy / Eh     Step Len    Max(|G_i|)
  ================================================================
     0    42.1616809568                 5.43e+00
     1    36.7683278287    5.00e-01     5.63e+00    rescaled  
  Step has positive overlap with gradient - reversing direction
     2    33.7872605064    5.00e-01     5.15e+00    reset L-BFGS
     3    29.9283144045    5.00e-01     4.47e+00    rescaled  
     4    28.3728935994    5.00e-01     8.82e+00    rescaled  
     5    24.9344531697    2.14e-01     5.05e+00              
     6    23.4705745692    3.35e-01     2.82e+00              
     7    23.0619629131    1.07e-01     7.09e-01              
     8    22.9241637259    8.65e-02     8.17e-01              
     9    22.8487486221    8.75e-02     3.64e-01              
    10    22.8169767976    5.75e-02     1.85e-01              
    11    22.8105535422    3.07e-02     1.19e-01              
    12    22.8095054235    5.74e-03     2.07e-02              
    13    22.8094399364    1.74e-03     5.64e-03              
    14    22.8094315127    7.43e-04     3.27e-03              
    15    22.8094311366    1.30e-04     7.23e-04              
    16    22.8094311014    2.86e-05     7.38e-05              
    17    22.8094311007    4.58e-06     1.27e-05              
    18    22.8094311007    1.60e-06     4.59e-06              
    19    22.8094311007    3.25e-07     9.73e-07              
  ================================================================
  L-BFGS converged in     19 iterations (  0.02 seconds)
 Converged energy (trial 8): 22.8094311007

************************************************
 Random coefficient initial guess, Trial 9
************************************************

  Initializing L-BFGS optimisation...
    > Num. MOs       =      8
    > Num. params    =     21
    > Max subspace   =     20
    > Max step size   =  0.500
    > Backtracking   =  0.100
    > Parallel tr.   = True
    > Pseudo-canon.  = True
    > Canon interval = 10
    > Hybrid prec.   = True
  ================================================================
           Energy / Eh     Step Len    Max(|G_i|)
  ================================================================
     0    46.1698735441                 5.42e+00
     1    44.0534781724    5.00e-01     5.91e+00    rescaled  
  Step has positive overlap with gradient - reversing direction
     2    42.3617255872    5.00e-01     5.75e+00    reset L-BFGS
     3    39.5278232538    5.00e-01     6.43e+00    rescaled  
  Step has positive overlap with gradient - reversing direction
     4    37.7842550280    5.00e-01     9.51e+00    reset L-BFGS
     5    30.9973568747    5.00e-01     6.46e+00    rescaled  
     6    28.2454500995    5.00e-01     4.22e+00    rescaled  
     7    26.6987763441    2.54e-01     1.90e+00              
     8    25.3523129311    4.04e-01     2.41e+00              
     9    25.0755399819    5.00e-01     2.39e+00    understep 
    10    24.6305304962    5.00e-01     2.87e+00    rescaled  
    11    24.1374116192    1.09e-01     2.38e+00              
    12    23.8517057404    9.62e-02     1.90e+00              
    13    23.5272914438    1.47e-01     1.69e+00              
    14    23.1936129754    1.17e-01     1.23e+00              
    15    22.9009102667    2.25e-01     7.70e-01              
    16    22.8258096159    8.55e-02     5.95e-01              
    17    22.8125632950    3.76e-02     1.28e-01              
    18    22.8099847550    2.24e-02     6.23e-02              
    19    22.8094914829    7.17e-03     1.93e-02              
    20    22.8094361223    1.38e-03     7.73e-03              
    21    22.8094314666    3.48e-04     1.47e-03              
    22    22.8094311105    1.29e-04     2.78e-04              
    23    22.8094311031    1.54e-05     1.15e-04              
    24    22.8094311014    8.73e-06     6.73e-05              
    25    22.8094311008    5.25e-06     2.75e-05              
    26    22.8094311007    3.23e-06     7.80e-06              
    27    22.8094311007    1.03e-06     2.83e-06              
    28    22.8094311007    1.21e-07     1.02e-06              
    29    22.8094311007    2.89e-08     4.46e-08              
  ================================================================
  L-BFGS converged in     29 iterations (  0.02 seconds)
 Converged energy (trial 9): 22.8094311007

************************************************
 Random coefficient initial guess, Trial 10
************************************************

  Initializing L-BFGS optimisation...
    > Num. MOs       =      8
    > Num. params    =     21
    > Max subspace   =     20
    > Max step size   =  0.500
    > Backtracking   =  0.100
    > Parallel tr.   = True
    > Pseudo-canon.  = True
    > Canon interval = 10
    > Hybrid prec.   = True
  ================================================================
           Energy / Eh     Step Len    Max(|G_i|)
  ================================================================
     0    45.7745199068                 1.00e+01
     1    41.9013493352    5.00e-01     6.33e+00    rescaled  
     2    39.0768840644    5.00e-01     7.06e+00    rescaled  
     3    34.2141735524    5.00e-01     7.82e+00    rescaled  
     4    29.9240331582    5.00e-01     4.36e+00    rescaled  
     5    28.3724216974    5.00e-01     4.81e+00    rescaled  
     6    26.2463828605    3.99e-01     3.27e+00              
     7    24.6751439945    4.40e-01     4.15e+00              
     8    23.7039309207    2.57e-01     2.91e+00              
     9    23.2507332772    1.25e-01     1.23e+00              
    10    22.9868987312    1.52e-01     9.07e-01              
    11    22.8417996389    1.37e-01     4.87e-01              
    12    22.8154778235    6.62e-02     3.65e-01              
    13    22.8097112425    1.95e-02     7.13e-02              
    14    22.8094534538    2.91e-03     1.20e-02              
    15    22.8094350782    7.34e-04     5.90e-03              
    16    22.8094316405    6.54e-04     1.75e-03              
    17    22.8094311265    2.27e-04     4.94e-04              
    18    22.8094311022    2.70e-05     1.02e-04              
    19    22.8094311010    6.05e-06     4.34e-05              
    20    22.8094311007    5.23e-06     1.16e-05              
    21    22.8094311007    1.58e-06     7.54e-06              
    22    22.8094311007    5.36e-07     2.99e-06              
    23    22.8094311007    1.31e-07     5.61e-07              
  ================================================================
  L-BFGS converged in     23 iterations (  0.03 seconds)
 Converged energy (trial 10): 22.8094311007

************************************************
 Random coefficient initial guess, Trial 11
************************************************

  Initializing L-BFGS optimisation...
    > Num. MOs       =      8
    > Num. params    =     21
    > Max subspace   =     20
    > Max step size   =  0.500
    > Backtracking   =  0.100
    > Parallel tr.   = True
    > Pseudo-canon.  = True
    > Canon interval = 10
    > Hybrid prec.   = True
  ================================================================
           Energy / Eh     Step Len    Max(|G_i|)
  ================================================================
     0    50.9311776179                 4.51e+00
     1    48.3079940974    5.00e-01     4.09e+00    rescaled  
  Step has positive overlap with gradient - reversing direction
     2    44.6126745015    5.00e-01     5.06e+00    reset L-BFGS
     3    38.6833235967    5.00e-01     7.82e+00    rescaled  
  Step has positive overlap with gradient - reversing direction
     4    34.8558402476    5.00e-01     9.33e+00    reset L-BFGS
     5    28.7802741641    5.00e-01     3.07e+00    rescaled  
     6    26.2825600578    5.00e-01     6.04e+00    rescaled  
     7    24.5169175986    4.05e-01     3.76e+00              
     8    23.4423724370    2.19e-01     2.34e+00              
     9    23.0488926809    1.22e-01     5.08e-01              
    10    22.9288922839    9.57e-02     5.39e-01              
    11    22.8527985957    1.88e-01     5.31e-01              
    12    22.8179063809    8.97e-02     2.51e-01              
    13    22.8113163284    3.04e-02     1.23e-01              
    14    22.8097283270    1.27e-02     3.56e-02              
    15    22.8094628455    2.95e-03     1.10e-02              
    16    22.8094360489    1.01e-03     4.88e-03              
    17    22.8094312335    7.61e-04     1.40e-03              
    18    22.8094311530    8.29e-05     1.15e-03              
    19    22.8094311011    3.41e-05     6.07e-05              
    20    22.8094311007    2.39e-06     1.75e-05              
    21    22.8094311007    1.96e-06     3.69e-06              
    22    22.8094311007    5.26e-07     1.49e-06              
    23    22.8094311007    1.49e-07     6.86e-07              
  ================================================================
  L-BFGS converged in     23 iterations (  0.02 seconds)
 Converged energy (trial 11): 22.8094311007

************************************************
 Random coefficient initial guess, Trial 12
************************************************

  Initializing L-BFGS optimisation...
    > Num. MOs       =      8
    > Num. params    =     21
    > Max subspace   =     20
    > Max step size   =  0.500
    > Backtracking   =  0.100
    > Parallel tr.   = True
    > Pseudo-canon.  = True
    > Canon interval = 10
    > Hybrid prec.   = True
  ================================================================
           Energy / Eh     Step Len    Max(|G_i|)
  ================================================================
     0    38.0914646426                 5.59e+00
     1    35.9793326727    5.00e-01     4.93e+00    rescaled  
  Step has positive overlap with gradient - reversing direction
     2    34.2196210713    5.00e-01     4.76e+00    reset L-BFGS
     3    30.4408336091    5.00e-01     4.48e+00    rescaled  
     4    30.4408336091    5.00e-01     4.48e+00    understep 
     5    28.5542702434    5.00e-01     3.90e+00    rescaled  
     6    24.9455903326    5.00e-01     2.63e+00    rescaled  
     7    23.9633395335    5.00e-01     3.02e+00    rescaled  
     8    23.2567508256    1.21e-01     8.29e-01              
     9    22.9986055054    1.09e-01     4.56e-01              
    10    22.8748492851    1.10e-01     6.29e-01              
    11    22.8279048168    4.51e-02     3.37e-01              
    12    22.8124074236    3.45e-02     1.78e-01              
    13    22.8100475094    8.12e-03     4.94e-02              
    14    22.8096049515    3.81e-03     4.07e-02              
    15    22.8094664888    1.97e-03     1.92e-02              
    16    22.8094320262    1.44e-03     2.20e-03              
    17    22.8094312007    2.93e-04     1.00e-03              
    18    22.8094311076    8.28e-05     2.69e-04              
    19    22.8094311018    3.32e-05     1.19e-04              
    20    22.8094311007    8.10e-06     4.15e-06              
    21    22.8094311007    4.63e-07     1.25e-06              
    22    22.8094311007    1.57e-07     3.17e-07              
  ================================================================
  L-BFGS converged in     22 iterations (  0.02 seconds)
 Converged energy (trial 12): 22.8094311007

************************************************
 Random coefficient initial guess, Trial 13
************************************************

  Initializing L-BFGS optimisation...
    > Num. MOs       =      8
    > Num. params    =     21
    > Max subspace   =     20
    > Max step size   =  0.500
    > Backtracking   =  0.100
    > Parallel tr.   = True
    > Pseudo-canon.  = True
    > Canon interval = 10
    > Hybrid prec.   = True
  ================================================================
           Energy / Eh     Step Len    Max(|G_i|)
  ================================================================
     0    41.0567729697                 5.60e+00
     1    35.8292015873    5.00e-01     7.90e+00    rescaled  
     2    35.8292015873    5.00e-01     7.90e+00    understep 
  Step has positive overlap with gradient - reversing direction
     3    32.7725691355    5.00e-01     6.15e+00    reset L-BFGS
     4    31.1022629731    5.00e-01     5.02e+00    rescaled  
  Step has positive overlap with gradient - reversing direction
     5    29.1361303171    5.00e-01     5.52e+00    reset L-BFGS
     6    24.4204137215    4.94e-01     2.12e+00              
     7    24.2018923057    5.00e-01     3.26e+00    rescaled  
     8    22.9601474755    2.65e-01     5.87e-01              
     9    22.8469519881    6.14e-02     3.01e-01              
    10    22.8130865453    8.19e-02     1.31e-01              
    11    22.8110254689    2.14e-02     1.27e-01              
    12    22.8094528952    9.11e-03     1.25e-02              
    13    22.8094327218    1.53e-03     3.30e-03              
    14    22.8094313082    2.55e-04     1.48e-03              
    15    22.8094311174    1.19e-04     6.59e-04              
    16    22.8094311025    3.22e-05     2.07e-04              
    17    22.8094311007    8.09e-06     7.78e-06              
    18    22.8094311007    2.04e-07     8.43e-07              
  ================================================================
  L-BFGS converged in     18 iterations (  0.01 seconds)
 Converged energy (trial 13): 22.8094311007

************************************************
 Random coefficient initial guess, Trial 14
************************************************

  Initializing L-BFGS optimisation...
    > Num. MOs       =      8
    > Num. params    =     21
    > Max subspace   =     20
    > Max step size   =  0.500
    > Backtracking   =  0.100
    > Parallel tr.   = True
    > Pseudo-canon.  = True
    > Canon interval = 10
    > Hybrid prec.   = True
  ================================================================
           Energy / Eh     Step Len    Max(|G_i|)
  ================================================================
     0    46.0724313438                 7.95e+00
     1    39.4509085429    5.00e-01     6.46e+00    rescaled  
     2    35.4015952716    5.00e-01     9.38e+00    rescaled  
     3    30.3701770521    5.00e-01     5.50e+00    rescaled  
     4    28.0458321854    4.01e-01     4.01e+00              
     5    25.8734583336    2.89e-01     2.28e+00              
     6    24.2286133299    5.00e-01     2.54e+00    rescaled  
     7    23.5280771948    5.00e-01     2.69e+00    rescaled  
     8    23.1906205683    1.02e-01     1.98e+00              
     9    23.0013489384    7.70e-02     1.57e+00              
    10    22.8753830165    4.57e-02     4.60e-01              
    11    22.8281936927    4.30e-02     2.10e-01              
    12    22.8126559789    4.07e-02     1.52e-01              
    13    22.8101663631    1.75e-02     8.86e-02              
    14    22.8094745734    4.82e-03     2.36e-02              
    15    22.8094358013    1.29e-03     4.44e-03              
    16    22.8094329966    2.34e-04     2.18e-03              
    17    22.8094314238    2.74e-04     2.09e-03              
    18    22.8094311340    1.21e-04     8.24e-04              
    19    22.8094311031    3.77e-05     1.17e-04              
    20    22.8094311009    1.34e-05     3.39e-05              
    21    22.8094311007    3.73e-06     6.86e-06              
    22    22.8094311007    6.54e-07     1.92e-06              
    23    22.8094311007    8.61e-08     2.20e-07              
  ================================================================
  L-BFGS converged in     23 iterations (  0.02 seconds)
 Converged energy (trial 14): 22.8094311007

************************************************
 Random coefficient initial guess, Trial 15
************************************************

  Initializing L-BFGS optimisation...
    > Num. MOs       =      8
    > Num. params    =     21
    > Max subspace   =     20
    > Max step size   =  0.500
    > Backtracking   =  0.100
    > Parallel tr.   = True
    > Pseudo-canon.  = True
    > Canon interval = 10
    > Hybrid prec.   = True
  ================================================================
           Energy / Eh     Step Len    Max(|G_i|)
  ================================================================
     0    45.4731392164                 6.36e+00
     1    36.6858894579    5.00e-01     4.96e+00    rescaled  
  Step has positive overlap with gradient - reversing direction
     2    32.4860056401    5.00e-01     7.66e+00    reset L-BFGS
     3    24.8669192470    5.00e-01     4.47e+00    rescaled  
     4    23.3655328166    2.74e-01     8.83e-01              
     5    23.1266880429    8.57e-02     6.84e-01              
     6    22.9027347844    1.93e-01     8.83e-01              
     7    22.8198783075    6.87e-02     4.40e-01              
     8    22.8109558903    1.96e-02     2.08e-01              
     9    22.8095238645    5.60e-03     1.63e-02              
    10    22.8094594815    2.61e-03     9.27e-03              
    11    22.8094328147    2.05e-03     4.98e-03              
    12    22.8094317091    2.68e-04     3.26e-03              
    13    22.8094311065    1.50e-04     1.96e-04              
    14    22.8094311011    1.73e-05     3.90e-05              
    15    22.8094311007    4.88e-06     9.98e-06              
    16    22.8094311007    9.16e-07     1.85e-06              
    17    22.8094311007    1.53e-07     7.19e-07              
  ================================================================
  L-BFGS converged in     17 iterations (  0.01 seconds)
 Converged energy (trial 15): 22.8094311007

************************************************
 Random coefficient initial guess, Trial 16
************************************************

  Initializing L-BFGS optimisation...
    > Num. MOs       =      8
    > Num. params    =     21
    > Max subspace   =     20
    > Max step size   =  0.500
    > Backtracking   =  0.100
    > Parallel tr.   = True
    > Pseudo-canon.  = True
    > Canon interval = 10
    > Hybrid prec.   = True
  ================================================================
           Energy / Eh     Step Len    Max(|G_i|)
  ================================================================
     0    46.3806112781                 9.52e+00
     1    39.9733946281    5.00e-01     8.70e+00    rescaled  
  Step has positive overlap with gradient - reversing direction
     2    35.1651261943    5.00e-01     6.99e+00    reset L-BFGS
     3    28.6604648104    5.00e-01     5.74e+00    rescaled  
     4    25.5306775137    5.00e-01     3.71e+00    rescaled  
     5    23.8440091440    5.00e-01     2.75e+00    rescaled  
     6    23.2276894572    2.05e-01     2.59e+00              
     7    22.9609345917    8.66e-02     7.73e-01              
     8    22.8623016909    4.94e-02     3.26e-01              
     9    22.8196857673    8.10e-02     2.20e-01              
    10    22.8122941132    3.11e-02     1.38e-01              
    11    22.8095203910    1.02e-02     4.44e-02              
    12    22.8094373491    1.29e-03     6.45e-03              
    13    22.8094318361    5.29e-04     1.78e-03              
    14    22.8094311434    2.79e-04     6.42e-04              
    15    22.8094311078    4.57e-05     3.60e-04              
    16    22.8094311007    1.27e-05     1.33e-05              
    17    22.8094311007    9.65e-07     5.95e-06              
    18    22.8094311007    1.13e-06     2.13e-06              
    19    22.8094311007    1.41e-07     1.35e-06              
    20    22.8094311007    4.39e-08     3.31e-08              
  ================================================================
  L-BFGS converged in     20 iterations (  0.01 seconds)
 Converged energy (trial 16): 22.8094311007

************************************************
 Random coefficient initial guess, Trial 17
************************************************

  Initializing L-BFGS optimisation...
    > Num. MOs       =      8
    > Num. params    =     21
    > Max subspace   =     20
    > Max step size   =  0.500
    > Backtracking   =  0.100
    > Parallel tr.   = True
    > Pseudo-canon.  = True
    > Canon interval = 10
    > Hybrid prec.   = True
  ================================================================
           Energy / Eh     Step Len    Max(|G_i|)
  ================================================================
     0    48.2900653683                 8.50e+00
     1    39.6294699178    5.00e-01     1.29e+01    rescaled  
     2    34.3786362736    5.00e-01     7.78e+00    rescaled  
     3    32.2831969769    5.00e-01     7.19e+00    rescaled  
  Step has positive overlap with gradient - reversing direction
     4    30.8781447724    5.00e-01     7.48e+00    reset L-BFGS
     5    25.8008097560    5.00e-01     5.10e+00    rescaled  
     6    23.7941218040    5.00e-01     2.72e+00    rescaled  
     7    23.1870653986    2.09e-01     1.17e+00              
     8    23.0153553300    9.98e-02     6.95e-01              
     9    22.8602957997    2.28e-01     3.96e-01              
    10    22.8246881657    5.80e-02     4.51e-01              
    11    22.8118078360    1.90e-02     6.91e-02              
    12    22.8098134634    1.38e-02     3.17e-02              
    13    22.8094524648    5.29e-03     1.25e-02              
    14    22.8094359751    9.49e-04     5.49e-03              
    15    22.8094312217    3.76e-04     9.14e-04              
    16    22.8094311260    5.78e-05     3.50e-04              
    17    22.8094311012    3.75e-05     6.93e-05              
    18    22.8094311009    7.92e-06     5.12e-05              
    19    22.8094311007    2.32e-06     2.49e-06              
    20    22.8094311007    2.21e-07     5.27e-07              
  ================================================================
  L-BFGS converged in     20 iterations (  0.01 seconds)
 Converged energy (trial 17): 22.8094311007

************************************************
 Random coefficient initial guess, Trial 18
************************************************

  Initializing L-BFGS optimisation...
    > Num. MOs       =      8
    > Num. params    =     21
    > Max subspace   =     20
    > Max step size   =  0.500
    > Backtracking   =  0.100
    > Parallel tr.   = True
    > Pseudo-canon.  = True
    > Canon interval = 10
    > Hybrid prec.   = True
  ================================================================
           Energy / Eh     Step Len    Max(|G_i|)
  ================================================================
     0    41.9525408834                 8.00e+00
     1    39.4350961459    5.00e-01     9.24e+00    rescaled  
  Step has positive overlap with gradient - reversing direction
     2    37.7670108798    5.00e-01     8.98e+00    reset L-BFGS
     3    34.3915345414    5.00e-01     8.48e+00    rescaled  
  Step has positive overlap with gradient - reversing direction
     4    31.5169427977    5.00e-01     7.36e+00    reset L-BFGS
     5    27.0296936301    4.32e-01     1.73e+00              
     6    25.0143531575    5.00e-01     2.14e+00    rescaled  
     7    24.0182334056    5.00e-01     3.53e+00    rescaled  
     8    23.5068914849    1.66e-01     1.61e+00              
     9    23.2487235333    1.35e-01     1.18e+00              
    10    23.0155252742    8.03e-02     9.84e-01              
    11    22.8640035534    1.75e-01     7.31e-01              
    12    22.8248743238    4.49e-02     3.39e-01              
    13    22.8150755430    2.89e-02     2.07e-01              
    14    22.8107033979    1.59e-02     7.95e-02              
    15    22.8096504671    7.58e-03     3.04e-02              
    16    22.8094399031    3.15e-03     6.53e-03              
    17    22.8094315618    6.30e-04     2.03e-03              
    18    22.8094311243    2.11e-04     7.18e-04              
    19    22.8094311009    2.44e-05     4.22e-05              
    20    22.8094311007    2.79e-06     1.32e-05              
    21    22.8094311007    1.89e-06     2.98e-06              
    22    22.8094311007    3.03e-07     3.38e-06              
    23    22.8094311007    1.17e-07     1.72e-07              
  ================================================================
  L-BFGS converged in     23 iterations (  0.02 seconds)
 Converged energy (trial 18): 22.8094311007

************************************************
 Random coefficient initial guess, Trial 19
************************************************

  Initializing L-BFGS optimisation...
    > Num. MOs       =      8
    > Num. params    =     21
    > Max subspace   =     20
    > Max step size   =  0.500
    > Backtracking   =  0.100
    > Parallel tr.   = True
    > Pseudo-canon.  = True
    > Canon interval = 10
    > Hybrid prec.   = True
  ================================================================
           Energy / Eh     Step Len    Max(|G_i|)
  ================================================================
     0    48.9832376311                 7.67e+00
     1    39.8905429677    5.00e-01     9.28e+00    rescaled  
     2    34.5842491366    5.00e-01     7.91e+00    rescaled  
     3    31.0391639112    5.00e-01     5.26e+00    rescaled  
     4    28.5577309531    5.00e-01     3.78e+00    rescaled  
  Step has positive overlap with gradient - reversing direction
     5    27.0365894965    5.00e-01     4.81e+00    reset L-BFGS
     6    23.6417955230    2.66e-01     1.56e+00              
     7    23.0270741601    1.92e-01     7.19e-01              
     8    22.8910899098    5.86e-02     4.04e-01              
     9    22.8256652789    9.46e-02     2.29e-01              
    10    22.8128657832    3.52e-02     2.16e-01              
    11    22.8096124055    1.11e-02     5.91e-02              
    12    22.8094440349    2.44e-03     7.34e-03              
    13    22.8094319988    8.61e-04     1.61e-03              
    14    22.8094311868    2.60e-04     7.03e-04              
    15    22.8094311103    9.68e-05     3.24e-04              
    16    22.8094311013    1.98e-05     9.62e-05              
    17    22.8094311007    6.43e-06     7.42e-06              
    18    22.8094311007    7.63e-07     1.15e-06              
    19    22.8094311007    1.72e-07     2.72e-07              
  ================================================================
  L-BFGS converged in     19 iterations (  0.01 seconds)
 Converged energy (trial 19): 22.8094311007

===============================================
 Best solution: 'core'
 Energy        = 22.8094311007
===============================================

  Initializing Davidson diagonalisation...
    > Max iterations =   1000
    > Target states  =      5
    > Convergence    =  1.000e-04
    > Basis per root =      4
    > Max basis size =     20
  Davidson diagonalisation converged in      6 iterations (  0.02 seconds)

   --------------------------
    Converged eigenvalues:   
   --------------------------
       0        4.40544316   
       1        5.57657794   
       2        6.32833459   
       3        7.49249955   
       4        9.94865764   
   --------------------------

 ---------------------------------------------
         Total Energy =    22.80943110 Eh
              Nuclear =   112.15328437 Eh
         One Electron =  -175.92939706 Eh
              Coulomb =   112.15328440 Eh
        ROHF Exchange =   -25.56774060 Eh
 ---------------------------------------------
           <Sz> =  1.00
           <S2> =  2.00
  Spin Coupling = ++

 -----------------------------------------------------------------------------------------------
  Open-Shell Exchange Matrix <Ψ|Êpq Êqp|Ψ> - Np
 -----------------------------------------------------------------------------------------------
           1              2        
   1   0.00000000    -1.00000000   
   2  -1.00000000     0.00000000   

 -----------------------------------------------------------------------------------------------
  Open-Shell Exchange Integrals <pq|qp>
 -----------------------------------------------------------------------------------------------
           1              2        
   1   4.00902165     2.10635215   
   2   2.10635215     4.44997811   

 -----------------------------------------------------------------------------------------------
  Occupied Orbital Coefficients
 -----------------------------------------------------------------------------------------------
           1              2              3              4              5        
   1  -0.41823510    -0.00000000    -0.48845544     0.00000000     0.41591031   
   2  -0.36334464     0.00000000     0.60661410    -0.00000000    -0.00000001   
   3  -0.42894095     0.50000000    -0.25692346     0.00000000    -0.00000000   
   4  -0.42894095    -0.50000000    -0.25692346    -0.00000000    -0.00000000   
   5  -0.37092724     0.43131569     0.33415189    -0.35767799     0.03887144   
   6  -0.37092724    -0.43131569     0.33415189     0.35767799     0.03887144   
   7  -0.15796418     0.25291653    -0.13801506     0.60997250    -0.64187095   
   8  -0.15796418    -0.25291653    -0.13801506    -0.60997250    -0.64187095   

 -----------------------------------------------------------------------------------------------
  Virtual Orbital Coefficients
 -----------------------------------------------------------------------------------------------
           6              7              8        
   1  -0.46964432    -0.00000000    -0.43925337   
   2  -0.62196457    -0.00000000     0.33639275   
   3   0.23786559    -0.50000000     0.43979536   
   4   0.23786559     0.50000000     0.43979536   
   5   0.35009699     0.43131569    -0.35591656   
   6   0.35009699    -0.43131569    -0.35591656   
   7  -0.13095495     0.25291653    -0.16386470   
   8  -0.13095495    -0.25291653    -0.16386470   

 -----------------------------------------------------------------------------------------------
  Generalised Fock Matrix (MO basis)
 -----------------------------------------------------------------------------------------------
           1              2              3              4              5        
   1  -4.60753538    -0.00000000     0.00000000    -0.00000000    -0.62547673   
   2  -0.00000000    -0.50595432     0.00000000    -1.22452848     0.00000000   
   3   0.00000000     0.00000000     0.27019381    -0.00000000    -0.67851540   
   4  -0.00000000    -1.22452848    -0.00000000     1.15273233    -0.00000000   
   5  -0.62547676     0.00000000    -0.67851537    -0.00000000     0.93225410   
   6  -0.00000010    -0.00000000     0.00000008    -0.00000000    -0.00000000   
   7  -0.00000000    -0.00000007    -0.00000000    -0.00000001     0.00000000   
   8   0.00000002    -0.00000000    -0.00000006    -0.00000000    -0.00000002   

[[-0.418235 -0.       -0.488455  0.        0.41591  -0.469644 -0.       -0.439253]
 [-0.363345  0.        0.606614 -0.       -0.       -0.621965 -0.        0.336393]
 [-0.428941  0.5      -0.256923  0.       -0.        0.237866 -0.5       0.439795]
 [-0.428941 -0.5      -0.256923 -0.       -0.        0.237866  0.5       0.439795]
 [-0.370927  0.431316  0.334152 -0.357678  0.038871  0.350097  0.431316 -0.355917]
 [-0.370927 -0.431316  0.334152  0.357678  0.038871  0.350097 -0.431316 -0.355917]
 [-0.157964  0.252917 -0.138015  0.609973 -0.641871 -0.130955  0.252917 -0.163865]
 [-0.157964 -0.252917 -0.138015 -0.609973 -0.641871 -0.130955 -0.252917 -0.163865]]
 Saved MO coefficients to FCIDUMP/FCIDUMP_AO_meta-xylylene_HS3_mo_coeff.npy
