  FCIDUMP file : FCIDUMP/FCIDUMP_AO_meta-xylylene
  NORB         : 8
  NELEC        : 8  (nalpha=4, nbeta=4)
  Scalar pot.  :  112.1532843653
===============================================
 Testing CSF optimisation with named guesses
===============================================

************************************************
 Testing 'gwh' initial guess method
************************************************

  Initializing L-BFGS optimisation...
    > Num. MOs       =      8
    > Num. params    =     22
    > Max subspace   =     20
    > Max step size   =  0.500
    > Backtracking   =  0.100
    > Parallel tr.   = True
    > Pseudo-canon.  = True
    > Canon interval = 10
    > Hybrid prec.   = True
  ================================================================
           Energy / Eh     Step Len    Max(|G_i|)
  ================================================================
     0    49.8732145035                 8.31e+00
     1    37.9684313451    5.00e-01     6.33e+00    rescaled  
     2    34.9145574688    5.00e-01     9.51e+00    rescaled  
     3    28.3679206090    2.87e-01     4.31e+00              
     4    25.5609500390    5.00e-01     3.99e+00    rescaled  
     5    23.5210016123    2.00e-01     2.74e+00              
     6    25.2626145794    3.16e-01     4.44e+00              
     7    23.1125818497    1.50e-01     1.70e+00    overstep  
     8    22.9547271194    7.43e-02     7.05e-01              
     9    22.9386015307    2.39e-02     2.58e-01              
    10    22.9368394984    6.71e-03     3.10e-02              
    11    22.9367930432    2.95e-03     1.94e-02              
    12    22.9367578018    9.75e-04     2.91e-03              
    13    22.9367571087    1.15e-04     1.40e-03              
    14    22.9367570362    3.84e-05     1.46e-04              
    15    22.9367570332    9.57e-06     1.96e-05              
    16    22.9367570332    1.22e-06     5.04e-06              
    17    22.9367570332    2.20e-07     2.01e-07              
  ================================================================
  L-BFGS converged in     17 iterations (  0.26 seconds)
 Converged energy (gwh): 22.9367570332

************************************************
 Testing 'core' initial guess method
************************************************

  Initializing L-BFGS optimisation...
    > Num. MOs       =      8
    > Num. params    =     22
    > Max subspace   =     20
    > Max step size   =  0.500
    > Backtracking   =  0.100
    > Parallel tr.   = True
    > Pseudo-canon.  = True
    > Canon interval = 10
    > Hybrid prec.   = True
  ================================================================
           Energy / Eh     Step Len    Max(|G_i|)
  ================================================================
     0    29.1400317676                 7.91e+00
     1    25.0978979503    5.00e-01     3.06e+00    rescaled  
     2    23.9989264237    3.28e-01     8.71e-01              
     3    23.9233707027    8.28e-02     1.55e-01              
     4    23.9183455889    1.28e-02     1.20e-01              
     5    23.9130769954    3.52e-02     4.85e-02              
     6    23.9135936279    1.31e-02     1.50e-01              
     7    23.9128964517    7.73e-03     7.09e-02    overstep  
     8    23.9127091384    3.53e-03     6.78e-03              
     9    23.9127074064    2.69e-04     1.04e-03              
    10    23.9127073384    4.72e-05     1.76e-04              
    11    23.9127073367    8.42e-06     4.22e-05              
    12    23.9127073366    2.09e-06     1.52e-05              
    13    23.9127073366    6.56e-07     1.08e-06              
    14    23.9127073366    1.08e-07     1.43e-07              
  ================================================================
  L-BFGS converged in     14 iterations (  0.09 seconds)
 Converged energy (core): 23.9127073366

===============================================
 Testing CSF optimisation with random coefficients
===============================================

************************************************
 Random coefficient initial guess, Trial 0
************************************************

  Initializing L-BFGS optimisation...
    > Num. MOs       =      8
    > Num. params    =     22
    > Max subspace   =     20
    > Max step size   =  0.500
    > Backtracking   =  0.100
    > Parallel tr.   = True
    > Pseudo-canon.  = True
    > Canon interval = 10
    > Hybrid prec.   = True
  ================================================================
           Energy / Eh     Step Len    Max(|G_i|)
  ================================================================
     0    47.2731311232                 5.41e+00
     1    44.6334639069    5.00e-01     4.66e+00    rescaled  
  Step has positive overlap with gradient - reversing direction
     2    41.2920778367    5.00e-01     6.68e+00    reset L-BFGS
     3    38.7369552486    5.00e-01     4.46e+00    rescaled  
     4    37.1878437932    5.00e-01     4.81e+00    rescaled  
     5    32.7676834792    3.51e-01     7.12e+00              
     6    29.4493406409    5.00e-01     4.73e+00    rescaled  
     7    26.2273535333    4.99e-01     4.03e+00              
     8    24.7364416361    5.00e-01     4.89e+00    rescaled  
     9    23.6840545129    2.47e-01     2.19e+00              
    10    23.1985977426    1.33e-01     1.17e+00              
    11    23.0728764259    5.79e-02     8.13e-01              
    12    22.9935404436    9.27e-02     7.02e-01              
    13    22.9508362095    3.80e-02     2.42e-01              
    14    22.9409155841    2.24e-02     2.36e-01              
    15    22.9374953852    1.59e-02     1.36e-01              
    16    22.9369642337    5.54e-03     7.55e-02              
    17    22.9368335666    2.08e-03     2.09e-02              
    18    22.9367835216    9.37e-04     1.15e-02              
    19    22.9367582642    9.23e-04     5.16e-03              
    20    22.9367570681    1.60e-04     7.24e-04              
    21    22.9367570339    3.78e-05     6.66e-05              
    22    22.9367570332    6.20e-06     1.93e-05              
    23    22.9367570332    1.45e-06     4.90e-06              
    24    22.9367570332    4.10e-07     1.52e-06              
    25    22.9367570332    5.46e-08     4.32e-07              
  ================================================================
  L-BFGS converged in     25 iterations (  0.08 seconds)
 Converged energy (trial 0): 22.9367570332

************************************************
 Random coefficient initial guess, Trial 1
************************************************

  Initializing L-BFGS optimisation...
    > Num. MOs       =      8
    > Num. params    =     22
    > Max subspace   =     20
    > Max step size   =  0.500
    > Backtracking   =  0.100
    > Parallel tr.   = True
    > Pseudo-canon.  = True
    > Canon interval = 10
    > Hybrid prec.   = True
  ================================================================
           Energy / Eh     Step Len    Max(|G_i|)
  ================================================================
     0    41.8910081925                 8.94e+00
     1    37.1982171594    5.00e-01     9.36e+00    rescaled  
     2    34.6027861208    5.00e-01     8.52e+00    rescaled  
     3    30.3002892335    3.49e-01     2.81e+00              
     4    28.5386531661    2.68e-01     2.49e+00              
     5    27.4034063699    4.39e-01     4.02e+00              
     6    25.9729773083    4.03e-01     3.95e+00              
     7    24.2303821278    3.41e-01     3.27e+00              
     8    23.2238561280    1.62e-01     2.22e+00              
     9    23.1118657166    1.53e-01     2.05e+00              
    10    22.9486879053    6.30e-02     2.33e-01              
    11    22.9402537498    2.44e-02     1.50e-01              
    12    22.9371058253    1.68e-02     4.33e-02              
    13    22.9367750087    3.56e-03     1.06e-02              
    14    22.9367585253    1.23e-03     5.06e-03              
    15    22.9367571334    1.65e-04     6.97e-04              
    16    22.9367570751    4.22e-05     4.63e-04              
    17    22.9367570514    2.73e-05     3.08e-04              
    18    22.9367570355    3.28e-05     1.17e-04              
    19    22.9367570350    1.56e-05     1.24e-04              
    20    22.9367570332    6.09e-06     2.40e-05              
    21    22.9367570332    1.19e-06     1.03e-05              
    22    22.9367570332    1.05e-06     2.36e-06              
    23    22.9367570332    1.10e-07     7.15e-07              
  ================================================================
  L-BFGS converged in     23 iterations (  0.04 seconds)
 Converged energy (trial 1): 22.9367570332

************************************************
 Random coefficient initial guess, Trial 2
************************************************

  Initializing L-BFGS optimisation...
    > Num. MOs       =      8
    > Num. params    =     22
    > Max subspace   =     20
    > Max step size   =  0.500
    > Backtracking   =  0.100
    > Parallel tr.   = True
    > Pseudo-canon.  = True
    > Canon interval = 10
    > Hybrid prec.   = True
  ================================================================
           Energy / Eh     Step Len    Max(|G_i|)
  ================================================================
     0    42.4501401122                 5.79e+00
     1    40.2413763726    5.00e-01     9.07e+00    rescaled  
     2    40.2413763726    5.00e-01     9.07e+00    understep 
  Step has positive overlap with gradient - reversing direction
     3    36.1559775800    5.00e-01     7.94e+00    reset L-BFGS
     4    30.6848331719    5.00e-01     6.65e+00    rescaled  
     5    28.0471487354    5.00e-01     3.12e+00    rescaled  
     6    26.0570465828    2.43e-01     1.86e+00              
     7    24.7624673282    4.65e-01     3.10e+00              
     8    23.9916350423    1.32e-01     1.47e+00              
     9    23.7958191524    7.98e-02     1.05e+00              
    10    23.6612844922    1.44e-01     8.57e-01              
    11    23.4587135040    8.79e-02     1.02e+00              
    12    24.6878982347    5.00e-01     3.35e+00    rescaled  
    13    23.1893120240    1.60e-01     1.03e+00    overstep  
    14    23.0601939130    1.51e-01     1.14e+00              
    15    22.9616649744    7.66e-02     4.68e-01              
    16    22.9498113615    3.87e-02     7.81e-01              
    17    22.9370159978    1.73e-02     6.68e-02              
    18    22.9367885967    2.58e-03     1.35e-02              
    19    22.9367608017    8.74e-04     3.69e-03              
    20    22.9367571111    4.64e-04     1.03e-03              
    21    22.9367570486    6.26e-05     4.82e-04              
    22    22.9367570335    1.56e-05     3.56e-05              
    23    22.9367570333    1.93e-06     2.05e-05              
    24    22.9367570332    2.54e-06     7.21e-06              
    25    22.9367570332    4.35e-07     2.78e-06              
    26    22.9367570332    9.89e-08     3.81e-07              
  ================================================================
  L-BFGS converged in     26 iterations (  0.04 seconds)
 Converged energy (trial 2): 22.9367570332

************************************************
 Random coefficient initial guess, Trial 3
************************************************

  Initializing L-BFGS optimisation...
    > Num. MOs       =      8
    > Num. params    =     22
    > Max subspace   =     20
    > Max step size   =  0.500
    > Backtracking   =  0.100
    > Parallel tr.   = True
    > Pseudo-canon.  = True
    > Canon interval = 10
    > Hybrid prec.   = True
  ================================================================
           Energy / Eh     Step Len    Max(|G_i|)
  ================================================================
     0    48.9435510675                 7.02e+00
     1    41.9201637081    5.00e-01     8.09e+00    rescaled  
     2    37.0345191881    5.00e-01     8.65e+00    rescaled  
     3    33.8590553590    5.00e-01     4.92e+00    rescaled  
     4    30.1604278729    5.00e-01     8.21e+00    rescaled  
     5    28.3949695932    5.00e-01     8.09e+00    rescaled  
     6    25.7816580988    5.00e-01     3.62e+00    rescaled  
     7    23.5935701752    4.07e-01     3.14e+00              
     8    23.0424402907    8.52e-02     1.35e+00              
     9    22.9979870261    6.92e-02     1.22e+00              
    10    22.9500026649    3.99e-02     3.01e-01              
    11    22.9439742193    9.85e-03     2.10e-01              
    12    22.9381378979    1.79e-02     1.03e-01              
    13    22.9376114094    1.23e-02     1.04e-01              
    14    22.9369331223    6.90e-03     2.41e-02              
    15    22.9367996635    2.69e-03     4.16e-02              
    16    22.9367683407    8.79e-04     1.32e-02              
    17    22.9367578773    6.86e-04     2.06e-03              
    18    22.9367570654    2.41e-04     6.51e-04              
    19    22.9367570466    3.85e-05     3.27e-04              
    20    22.9367570333    1.73e-05     4.71e-05              
    21    22.9367570332    1.75e-06     2.10e-05              
    22    22.9367570332    1.04e-06     2.77e-06              
    23    22.9367570332    1.69e-07     6.38e-07              
  ================================================================
  L-BFGS converged in     23 iterations (  0.09 seconds)
 Converged energy (trial 3): 22.9367570332

************************************************
 Random coefficient initial guess, Trial 4
************************************************

  Initializing L-BFGS optimisation...
    > Num. MOs       =      8
    > Num. params    =     22
    > Max subspace   =     20
    > Max step size   =  0.500
    > Backtracking   =  0.100
    > Parallel tr.   = True
    > Pseudo-canon.  = True
    > Canon interval = 10
    > Hybrid prec.   = True
  ================================================================
           Energy / Eh     Step Len    Max(|G_i|)
  ================================================================
     0    36.9423285359                 7.72e+00
     1    28.9687367067    5.00e-01     3.85e+00    rescaled  
     2    25.6438558026    5.00e-01     4.46e+00    rescaled  
     3    24.2364139536    2.56e-01     1.81e+00              
     4    23.9250327247    1.48e-01     8.02e-01              
     5    23.8329098785    9.01e-02     4.11e-01              
     6    23.7189567386    1.15e-01     6.52e-01              
     7    23.9745534272    3.65e-01     3.58e+00              
     8    23.5902818614    1.65e-01     1.40e+00    overstep  
     9    23.4465443144    1.25e-01     1.33e+00              
    10    23.1617276386    1.37e-01     1.46e+00              
    11    23.0235619910    1.45e-01     7.82e-01              
    12    22.9599380891    6.01e-02     8.02e-01              
    13    22.9411299610    4.08e-02     1.96e-01              
    14    22.9372867209    1.59e-02     5.83e-02              
    15    22.9368133794    6.33e-03     2.07e-02              
    16    22.9367604064    1.45e-03     5.84e-03              
    17    22.9367576692    1.90e-04     1.37e-03              
    18    22.9367571764    1.24e-04     7.08e-04              
    19    22.9367570429    9.63e-05     3.05e-04              
    20    22.9367570365    2.61e-05     1.81e-04              
    21    22.9367570332    1.08e-05     1.11e-05              
    22    22.9367570332    1.37e-06     4.20e-06              
    23    22.9367570332    3.14e-07     6.88e-07              
  ================================================================
  L-BFGS converged in     23 iterations (  0.08 seconds)
 Converged energy (trial 4): 22.9367570332

************************************************
 Random coefficient initial guess, Trial 5
************************************************

  Initializing L-BFGS optimisation...
    > Num. MOs       =      8
    > Num. params    =     22
    > Max subspace   =     20
    > Max step size   =  0.500
    > Backtracking   =  0.100
    > Parallel tr.   = True
    > Pseudo-canon.  = True
    > Canon interval = 10
    > Hybrid prec.   = True
  ================================================================
           Energy / Eh     Step Len    Max(|G_i|)
  ================================================================
     0    48.9687304342                 7.90e+00
     1    41.2200897605    5.00e-01     8.62e+00    rescaled  
     2    36.4340017402    5.00e-01     5.21e+00    rescaled  
     3    32.0558059570    5.00e-01     4.41e+00    rescaled  
     4    28.3342746790    5.00e-01     6.10e+00    rescaled  
     5    26.7318945303    4.83e-01     6.90e+00              
     6    24.9866265414    3.21e-01     3.75e+00              
     7    24.3894991770    1.61e-01     2.11e+00              
     8    24.0257097911    7.16e-02     6.83e-01              
     9    23.9308025471    6.07e-02     6.66e-01              
    10    23.9018486458    4.51e-02     3.30e-01              
    11    23.8880703854    3.68e-02     1.71e-01              
    12    23.8799094702    1.94e-02     2.47e-01              
    13    23.8292516038    1.34e-01     8.81e-01              
    14    24.2386885080    2.12e-01     3.04e+00              
    15    23.8219014565    2.12e-02     9.54e-01    overstep  
    16    23.7649096916    1.02e-01     1.33e+00              
    17    23.6224282387    4.45e-02     1.21e+00              
    18    23.8108257810    4.06e-01     3.27e+00              
    19    23.3720062429    2.98e-01     1.71e+00    overstep  
    20    23.5737848855    1.96e-01     3.16e+00              
    21    23.3068286431    1.37e-01     2.23e+00    overstep  
    22    23.1416810952    1.16e-01     8.54e-01              
    23    22.9948540222    1.17e-01     5.24e-01              
    24    22.9574771951    6.53e-02     3.80e-01              
    25    22.9399303883    4.25e-02     1.54e-01              
    26    22.9370849017    1.18e-02     6.02e-02              
    27    22.9367828720    3.06e-03     1.11e-02              
    28    22.9367598555    9.77e-04     5.09e-03              
    29    22.9367571329    3.09e-04     8.21e-04              
    30    22.9367570395    4.90e-05     2.34e-04              
    31    22.9367570341    1.26e-05     5.98e-05              
    32    22.9367570333    5.39e-06     2.77e-05              
    33    22.9367570332    2.44e-06     1.38e-05              
    34    22.9367570332    7.25e-07     5.88e-06              
    35    22.9367570332    2.58e-07     3.16e-07              
  ================================================================
  L-BFGS converged in     35 iterations (  0.07 seconds)
 Converged energy (trial 5): 22.9367570332

************************************************
 Random coefficient initial guess, Trial 6
************************************************

  Initializing L-BFGS optimisation...
    > Num. MOs       =      8
    > Num. params    =     22
    > Max subspace   =     20
    > Max step size   =  0.500
    > Backtracking   =  0.100
    > Parallel tr.   = True
    > Pseudo-canon.  = True
    > Canon interval = 10
    > Hybrid prec.   = True
  ================================================================
           Energy / Eh     Step Len    Max(|G_i|)
  ================================================================
     0    44.3933491069                 7.90e+00
     1    38.4789236196    5.00e-01     9.35e+00    rescaled  
     2    36.8319227140    3.17e-01     6.65e+00              
     3    35.2335418813    5.00e-01     7.30e+00    rescaled  
     4    32.0686670261    4.48e-01     2.62e+00              
     5    30.2731348295    5.00e-01     3.33e+00    rescaled  
     6    28.7302588134    3.67e-01     3.13e+00              
     7    27.6839708556    2.82e-01     2.24e+00              
     8    27.0568287586    1.94e-01     2.19e+00              
     9    26.0928297300    2.53e-01     2.01e+00              
    10    25.4801140754    5.00e-01     3.93e+00    rescaled  
    11    24.5687668196    1.81e-01     1.85e+00              
    12    24.1908979906    1.20e-01     1.32e+00              
    13    23.9981707131    1.12e-01     1.13e+00              
    14    23.8182203890    5.19e-02     4.20e-01              
    15    23.6874744158    7.91e-02     5.46e-01              
    16    23.7546839667    2.21e-01     1.55e+00              
    17    23.6120153172    1.61e-01     1.25e+00    overstep  
    18    23.4767134581    6.46e-02     1.08e+00              
    19    23.3135934060    7.38e-02     1.06e+00              
    20    24.3707126781    5.00e-01     3.85e+00    rescaled  
    21    23.0731969712    1.60e-01     6.13e-01    overstep  
    22    23.3511658746    2.59e-01     1.78e+00              
    23    22.9937896313    1.13e-01     5.97e-01    overstep  
    24    22.9529850600    7.46e-02     2.68e-01              
    25    22.9422869719    3.94e-02     2.81e-01              
    26    22.9381493674    2.56e-02     1.18e-01              
    27    22.9370015505    1.07e-02     4.30e-02              
    28    22.9367942039    3.11e-03     2.69e-02              
    29    22.9367624844    1.03e-03     9.13e-03              
    30    22.9367586847    3.32e-04     3.43e-03              
    31    22.9367572987    2.31e-04     1.47e-03              
    32    22.9367570366    1.84e-04     1.88e-04              
    33    22.9367570342    1.36e-05     1.33e-04              
    34    22.9367570332    4.74e-06     2.07e-05              
    35    22.9367570332    8.20e-07     9.37e-06              
    36    22.9367570332    7.16e-07     1.46e-06              
    37    22.9367570332    6.39e-08     4.29e-07              
  ================================================================
  L-BFGS converged in     37 iterations (  0.12 seconds)
 Converged energy (trial 6): 22.9367570332

************************************************
 Random coefficient initial guess, Trial 7
************************************************

  Initializing L-BFGS optimisation...
    > Num. MOs       =      8
    > Num. params    =     22
    > Max subspace   =     20
    > Max step size   =  0.500
    > Backtracking   =  0.100
    > Parallel tr.   = True
    > Pseudo-canon.  = True
    > Canon interval = 10
    > Hybrid prec.   = True
  ================================================================
           Energy / Eh     Step Len    Max(|G_i|)
  ================================================================
     0    45.5751039656                 6.89e+00
     1    41.8130944678    5.00e-01     7.64e+00    rescaled  
  Step has positive overlap with gradient - reversing direction
     2    38.7849531986    5.00e-01     7.13e+00    reset L-BFGS
     3    32.9790834255    5.00e-01     7.72e+00    rescaled  
  Step has positive overlap with gradient - reversing direction
     4    29.9771835166    5.00e-01     5.70e+00    reset L-BFGS
     5    25.0050960954    5.00e-01     2.12e+00    rescaled  
     6    24.2734608997    2.64e-01     1.39e+00              
     7    23.9419569642    1.53e-01     6.66e-01              
     8    23.8857993545    5.70e-02     4.17e-01              
     9    23.7643541579    1.47e-01     1.17e+00              
    10    24.4230185602    5.00e-01     2.85e+00    rescaled  
    11    23.6706096020    1.28e-01     1.62e+00    overstep  
    12    23.7138838383    1.84e-01     1.47e+00              
    13    23.6208447606    1.37e-01     1.30e+00    overstep  
    14    23.4458289341    6.22e-02     1.32e+00              
    15    23.0493762032    2.43e-01     7.46e-01              
    16    23.0053147001    1.55e-01     5.77e-01              
    17    22.9715961426    1.01e-01     5.79e-01              
    18    22.9421323869    4.41e-02     4.16e-01              
    19    22.9377271363    1.17e-02     1.93e-01              
    20    22.9368231243    7.40e-03     1.98e-02              
    21    22.9367674178    1.29e-03     7.01e-03              
    22    22.9367580313    7.02e-04     1.84e-03              
    23    22.9367571376    2.69e-04     1.18e-03              
    24    22.9367570563    5.04e-05     4.98e-04              
    25    22.9367570378    1.75e-05     1.62e-04              
    26    22.9367570335    1.17e-05     5.93e-05              
    27    22.9367570332    2.80e-06     1.48e-05              
    28    22.9367570332    7.95e-07     3.96e-06              
    29    22.9367570332    4.09e-07     1.60e-06              
    30    22.9367570332    1.37e-07     8.53e-07              
  ================================================================
  L-BFGS converged in     30 iterations (  0.10 seconds)
 Converged energy (trial 7): 22.9367570332

************************************************
 Random coefficient initial guess, Trial 8
************************************************

  Initializing L-BFGS optimisation...
    > Num. MOs       =      8
    > Num. params    =     22
    > Max subspace   =     20
    > Max step size   =  0.500
    > Backtracking   =  0.100
    > Parallel tr.   = True
    > Pseudo-canon.  = True
    > Canon interval = 10
    > Hybrid prec.   = True
  ================================================================
           Energy / Eh     Step Len    Max(|G_i|)
  ================================================================
     0    46.5493886500                 1.03e+01
     1    42.5915670780    5.00e-01     6.67e+00    rescaled  
     2    39.6710694777    5.00e-01     8.45e+00    rescaled  
     3    32.9318250216    5.00e-01     7.07e+00    rescaled  
     4    30.5928387759    5.00e-01     5.49e+00    rescaled  
     5    27.1013282387    3.11e-01     3.41e+00              
     6    25.2752415691    4.55e-01     3.97e+00              
     7    24.4706513506    4.99e-01     2.95e+00              
     8    23.6272467484    3.05e-01     2.24e+00              
     9    23.3237284202    1.04e-01     9.48e-01              
    10    23.1734723139    7.73e-02     7.36e-01              
    11    23.0330471640    1.18e-01     8.07e-01              
    12    22.9612278249    8.72e-02     3.96e-01              
    13    22.9423337655    3.91e-02     3.47e-01              
    14    22.9375513044    1.10e-02     9.65e-02              
    15    22.9371204589    6.11e-03     6.10e-02              
    16    22.9368503423    2.86e-03     2.37e-02              
    17    22.9367795218    1.62e-03     1.46e-02              
    18    22.9367600906    1.02e-03     6.76e-03              
    19    22.9367576089    2.49e-04     1.91e-03              
    20    22.9367571226    1.10e-04     6.15e-04              
    21    22.9367570473    3.93e-05     2.64e-04              
    22    22.9367570337    2.73e-05     7.03e-05              
    23    22.9367570332    4.79e-06     3.68e-05              
    24    22.9367570332    1.15e-06     3.00e-06              
    25    22.9367570332    2.66e-07     8.13e-07              
  ================================================================
  L-BFGS converged in     25 iterations (  0.06 seconds)
 Converged energy (trial 8): 22.9367570332

************************************************
 Random coefficient initial guess, Trial 9
************************************************

  Initializing L-BFGS optimisation...
    > Num. MOs       =      8
    > Num. params    =     22
    > Max subspace   =     20
    > Max step size   =  0.500
    > Backtracking   =  0.100
    > Parallel tr.   = True
    > Pseudo-canon.  = True
    > Canon interval = 10
    > Hybrid prec.   = True
  ================================================================
           Energy / Eh     Step Len    Max(|G_i|)
  ================================================================
     0    46.3492462299                 7.13e+00
     1    40.4326388532    5.00e-01     5.76e+00    rescaled  
     2    35.6275840709    5.00e-01     5.79e+00    rescaled  
     3    31.5409836520    2.88e-01     6.89e+00              
     4    28.1072288361    5.00e-01     3.91e+00    rescaled  
     5    26.1014981413    4.31e-01     3.33e+00              
     6    24.2775745936    3.31e-01     2.20e+00              
     7    23.9318165062    1.75e-01     2.18e+00              
     8    23.5447018242    1.57e-01     1.19e+00              
     9    23.2932419076    9.58e-02     8.60e-01              
    10    23.1656783962    2.48e-01     1.28e+00              
    11    22.9869106807    1.38e-01     6.86e-01              
    12    22.9523209323    5.49e-02     2.90e-01              
    13    22.9446388747    3.38e-02     4.85e-01              
    14    22.9384799574    1.79e-02     1.10e-01              
    15    22.9372417290    5.44e-03     4.84e-02              
    16    22.9368051951    4.72e-03     1.94e-02              
    17    22.9367913773    2.21e-03     2.20e-02              
    18    22.9367578139    8.72e-04     2.39e-03              
    19    22.9367571495    1.65e-04     8.66e-04              
    20    22.9367570361    1.08e-04     2.46e-04              
    21    22.9367570337    1.09e-05     1.13e-04              
    22    22.9367570332    2.79e-06     2.13e-05              
    23    22.9367570332    5.69e-07     4.05e-06              
    24    22.9367570332    1.78e-07     2.31e-07              
  ================================================================
  L-BFGS converged in     24 iterations (  0.06 seconds)
 Converged energy (trial 9): 22.9367570332

************************************************
 Random coefficient initial guess, Trial 10
************************************************

  Initializing L-BFGS optimisation...
    > Num. MOs       =      8
    > Num. params    =     22
    > Max subspace   =     20
    > Max step size   =  0.500
    > Backtracking   =  0.100
    > Parallel tr.   = True
    > Pseudo-canon.  = True
    > Canon interval = 10
    > Hybrid prec.   = True
  ================================================================
           Energy / Eh     Step Len    Max(|G_i|)
  ================================================================
     0    49.5283356740                 8.42e+00
     1    44.1224714340    5.00e-01     8.54e+00    rescaled  
  Step has positive overlap with gradient - reversing direction
     2    40.0116490501    5.00e-01     6.13e+00    reset L-BFGS
     3    31.9554073383    5.00e-01     5.05e+00    rescaled  
     4    28.6701003835    5.00e-01     3.35e+00    rescaled  
     5    26.6259871428    2.46e-01     1.90e+00              
     6    25.2408717389    5.00e-01     3.26e+00    rescaled  
     7    24.0065559796    1.53e-01     1.97e+00              
     8    23.4892368015    2.18e-01     1.43e+00              
     9    23.2207460221    1.04e-01     9.27e-01              
    10    23.0262884094    9.30e-02     8.86e-01              
    11    23.0109556489    1.36e-01     6.59e-01              
    12    22.9438251336    7.68e-02     2.79e-01              
    13    22.9383553545    2.38e-02     8.60e-02              
    14    22.9372187751    6.87e-03     1.27e-01              
    15    22.9369107493    5.61e-03     4.11e-02              
    16    22.9367698429    1.65e-03     8.69e-03              
    17    22.9367587657    8.62e-04     2.70e-03              
    18    22.9367573048    2.83e-04     1.16e-03              
    19    22.9367570794    1.04e-04     6.95e-04              
    20    22.9367570359    4.20e-05     1.55e-04              
    21    22.9367570334    8.76e-06     3.41e-05              
    22    22.9367570332    2.75e-06     1.16e-05              
    23    22.9367570332    2.96e-07     1.92e-06              
    24    22.9367570332    9.14e-08     5.21e-07              
  ================================================================
  L-BFGS converged in     24 iterations (  0.06 seconds)
 Converged energy (trial 10): 22.9367570332

************************************************
 Random coefficient initial guess, Trial 11
************************************************

  Initializing L-BFGS optimisation...
    > Num. MOs       =      8
    > Num. params    =     22
    > Max subspace   =     20
    > Max step size   =  0.500
    > Backtracking   =  0.100
    > Parallel tr.   = True
    > Pseudo-canon.  = True
    > Canon interval = 10
    > Hybrid prec.   = True
  ================================================================
           Energy / Eh     Step Len    Max(|G_i|)
  ================================================================
     0    49.0969657401                 7.21e+00
     1    44.5059303473    5.00e-01     4.97e+00    rescaled  
     2    40.1003666987    5.00e-01     7.67e+00    rescaled  
     3    37.7133319283    5.00e-01     1.24e+01    rescaled  
     4    32.7018501218    4.77e-01     4.13e+00              
     5    31.4766653046    3.29e-01     4.22e+00              
     6    29.4852750652    4.14e-01     4.77e+00              
     7    28.4470731088    5.00e-01     5.99e+00    rescaled  
     8    26.3967280553    2.30e-01     3.13e+00              
     9    24.7546887072    4.25e-01     3.39e+00              
    10    24.2854643145    2.16e-01     1.47e+00              
    11    23.9555040260    1.22e-01     6.31e-01              
    12    23.8926402250    5.89e-02     4.30e-01              
    13    23.8273952640    7.29e-02     7.70e-01              
    14    23.7945455675    2.69e-01     1.26e+00              
    15    23.6650608674    1.37e-01     1.39e+00              
    16    23.5339381205    5.27e-02     1.46e+00              
    17    26.1958543904    5.00e-01     7.88e+00    understep 
    18    23.4333115684    9.75e-02     1.30e+00    overstep  
    19    27.8070150151    5.00e-01     9.39e+00    rescaled  
    20    23.3136999657    6.14e-02     8.97e-01    overstep  
    21    23.1716723633    1.63e-01     1.61e+00              
    22    23.0123311918    7.52e-02     5.72e-01              
    23    22.9500684548    9.05e-02     2.80e-01              
    24    22.9404032107    2.56e-02     2.44e-01              
    25    22.9376338633    1.70e-02     6.65e-02              
    26    22.9369279546    6.46e-03     3.49e-02              
    27    22.9367788283    2.82e-03     1.30e-02              
    28    22.9367581575    1.07e-03     2.60e-03              
    29    22.9367572891    2.78e-04     1.98e-03              
    30    22.9367570412    8.66e-05     2.42e-04              
    31    22.9367570346    9.70e-06     6.76e-05              
    32    22.9367570332    8.51e-06     1.95e-05              
    33    22.9367570332    3.22e-06     2.01e-05              
    34    22.9367570332    1.01e-06     2.04e-06              
    35    22.9367570332    1.43e-07     1.55e-07              
  ================================================================
  L-BFGS converged in     35 iterations (  0.13 seconds)
 Converged energy (trial 11): 22.9367570332

************************************************
 Random coefficient initial guess, Trial 12
************************************************

  Initializing L-BFGS optimisation...
    > Num. MOs       =      8
    > Num. params    =     22
    > Max subspace   =     20
    > Max step size   =  0.500
    > Backtracking   =  0.100
    > Parallel tr.   = True
    > Pseudo-canon.  = True
    > Canon interval = 10
    > Hybrid prec.   = True
  ================================================================
           Energy / Eh     Step Len    Max(|G_i|)
  ================================================================
     0    45.1600796328                 9.53e+00
     1    35.4916926293    5.00e-01     7.63e+00    rescaled  
     2    32.7335307403    5.00e-01     5.58e+00    rescaled  
     3    29.1842771194    2.04e-01     2.38e+00              
     4    26.8367607287    2.50e-01     3.49e+00              
     5    26.1271087175    3.98e-01     5.32e+00              
     6    23.8420394151    2.12e-01     2.26e+00              
     7    23.1423493725    1.45e-01     1.10e+00              
     8    22.9768805642    1.15e-01     4.67e-01              
     9    22.9483262282    3.13e-02     2.44e-01              
    10    22.9412751388    2.12e-02     1.60e-01              
    11    22.9379385275    7.95e-03     9.17e-02              
    12    22.9368919475    8.15e-03     3.06e-02              
    13    22.9368967183    5.49e-03     4.40e-02              
    14    22.9368533762    4.94e-03     3.67e-02    overstep  
    15    22.9367577508    1.89e-03     2.91e-03              
    16    22.9367570850    9.23e-05     5.21e-04              
    17    22.9367570348    3.28e-05     1.08e-04              
    18    22.9367570332    6.56e-06     1.78e-05              
    19    22.9367570332    7.68e-07     4.41e-06              
    20    22.9367570332    3.38e-07     1.39e-06              
    21    22.9367570332    1.65e-07     3.73e-07              
  ================================================================
  L-BFGS converged in     21 iterations (  0.08 seconds)
 Converged energy (trial 12): 22.9367570332

************************************************
 Random coefficient initial guess, Trial 13
************************************************

  Initializing L-BFGS optimisation...
    > Num. MOs       =      8
    > Num. params    =     22
    > Max subspace   =     20
    > Max step size   =  0.500
    > Backtracking   =  0.100
    > Parallel tr.   = True
    > Pseudo-canon.  = True
    > Canon interval = 10
    > Hybrid prec.   = True
  ================================================================
           Energy / Eh     Step Len    Max(|G_i|)
  ================================================================
     0    47.0053967563                 7.65e+00
     1    39.4397929544    5.00e-01     5.06e+00    rescaled  
     2    37.4000260521    5.00e-01     4.38e+00    rescaled  
     3    32.9630391918    3.71e-01     4.48e+00              
     4    29.2629604671    5.00e-01     4.01e+00    rescaled  
     5    26.6685022703    5.00e-01     5.36e+00    rescaled  
     6    24.9096787322    5.00e-01     3.16e+00    rescaled  
     7    25.4193602850    4.85e-01     6.03e+00              
     8    24.5447417841    3.82e-01     3.99e+00    overstep  
     9    23.4526208439    1.35e-01     1.51e+00              
    10    23.1914529821    7.38e-02     1.89e+00              
    11    23.0757448457    1.07e-01     1.06e+00              
    12    22.9694475338    6.06e-02     4.03e-01              
    13    22.9470700063    4.04e-02     2.32e-01              
    14    22.9383521847    2.46e-02     1.05e-01              
    15    22.9370301943    1.05e-02     4.78e-02              
    16    22.9368253094    2.59e-03     1.86e-02              
    17    22.9367723768    1.74e-03     1.05e-02              
    18    22.9367605166    7.50e-04     4.80e-03              
    19    22.9367575835    2.71e-04     1.65e-03              
    20    22.9367570566    1.61e-04     3.26e-04              
    21    22.9367570353    3.58e-05     2.15e-04              
    22    22.9367570333    9.33e-06     3.88e-05              
    23    22.9367570332    1.30e-06     6.73e-06              
    24    22.9367570332    2.20e-07     7.19e-07              
  ================================================================
  L-BFGS converged in     24 iterations (  0.11 seconds)
 Converged energy (trial 13): 22.9367570332

************************************************
 Random coefficient initial guess, Trial 14
************************************************

  Initializing L-BFGS optimisation...
    > Num. MOs       =      8
    > Num. params    =     22
    > Max subspace   =     20
    > Max step size   =  0.500
    > Backtracking   =  0.100
    > Parallel tr.   = True
    > Pseudo-canon.  = True
    > Canon interval = 10
    > Hybrid prec.   = True
  ================================================================
           Energy / Eh     Step Len    Max(|G_i|)
  ================================================================
     0    40.5703267129                 1.02e+01
     1    30.4597787515    5.00e-01     4.54e+00    rescaled  
     2    27.3328816181    5.00e-01     4.12e+00    rescaled  
     3    25.0337679267    5.00e-01     4.43e+00    rescaled  
     4    24.2459577090    2.18e-01     1.25e+00              
     5    24.0682341190    2.07e-01     1.20e+00              
     6    23.9264960563    9.07e-02     3.50e-01              
     7    23.9131163396    2.69e-02     2.15e-01              
     8    23.9071879359    1.81e-02     1.39e-01              
     9    23.8943834123    6.60e-02     2.00e-01              
    10    23.8839966546    8.42e-02     3.64e-01              
    11    23.8644684554    2.81e-02     3.39e-01              
    12    23.9996356078    2.81e-01     1.83e+00    understep 
    13    23.8134433264    1.01e-01     4.67e-01    overstep  
    14    27.3883447316    5.00e-01     8.77e+00    rescaled  
    15    23.7866960596    5.00e-02     6.18e-01    overstep  
    16    23.7851648317    1.69e-01     1.35e+00              
    17    23.7039443567    6.41e-02     1.00e+00              
    18    23.6420083628    6.73e-02     9.38e-01              
    19    23.3319069217    2.31e-01     1.21e+00              
    20    23.6405846417    3.35e-01     2.52e+00              
    21    23.1799640237    1.80e-01     1.13e+00    overstep  
    22    23.0672911180    1.21e-01     2.12e+00              
    23    22.9718852486    8.80e-02     1.02e+00              
    24    22.9382596650    4.49e-02     7.91e-02              
    25    22.9372746712    4.76e-03     4.80e-02              
    26    22.9368781047    3.67e-03     2.17e-02              
    27    22.9367776408    2.69e-03     1.56e-02              
    28    22.9367595305    7.99e-04     4.49e-03              
    29    22.9367574153    2.15e-04     1.08e-03              
    30    22.9367570535    1.34e-04     5.43e-04              
    31    22.9367570356    4.29e-05     2.24e-04              
    32    22.9367570332    8.72e-06     2.37e-05              
    33    22.9367570332    1.23e-06     4.23e-06              
    34    22.9367570332    1.39e-07     4.61e-07              
  ================================================================
  L-BFGS converged in     34 iterations (  0.06 seconds)
 Converged energy (trial 14): 22.9367570332

************************************************
 Random coefficient initial guess, Trial 15
************************************************

  Initializing L-BFGS optimisation...
    > Num. MOs       =      8
    > Num. params    =     22
    > Max subspace   =     20
    > Max step size   =  0.500
    > Backtracking   =  0.100
    > Parallel tr.   = True
    > Pseudo-canon.  = True
    > Canon interval = 10
    > Hybrid prec.   = True
  ================================================================
           Energy / Eh     Step Len    Max(|G_i|)
  ================================================================
     0    44.7417035545                 7.15e+00
     1    40.0038107564    5.00e-01     6.53e+00    rescaled  
     2    36.8919380890    5.00e-01     7.22e+00    rescaled  
     3    34.8131224252    5.00e-01     6.63e+00    rescaled  
  Step has positive overlap with gradient - reversing direction
     4    32.1038617104    5.00e-01     6.70e+00    reset L-BFGS
     5    25.3687540910    5.00e-01     2.75e+00    rescaled  
     6    23.9695879900    3.37e-01     1.97e+00              
     7    23.2847746677    1.35e-01     7.52e-01              
     8    23.1349267643    7.67e-02     5.71e-01              
     9    23.0067375821    1.60e-01     6.85e-01              
    10    22.9521878387    5.41e-02     4.71e-01              
    11    22.9374339891    2.52e-02     7.17e-02              
    12    22.9368163764    6.02e-03     1.85e-02              
    13    22.9367637243    1.76e-03     5.78e-03              
    14    22.9367577751    4.89e-04     1.94e-03              
    15    22.9367570645    1.86e-04     5.35e-04              
    16    22.9367570420    5.18e-05     2.48e-04              
    17    22.9367570332    2.38e-05     2.61e-05              
    18    22.9367570332    1.77e-06     6.57e-06              
    19    22.9367570332    8.24e-07     1.67e-06              
    20    22.9367570332    9.50e-08     6.04e-07              
  ================================================================
  L-BFGS converged in     20 iterations (  0.12 seconds)
 Converged energy (trial 15): 22.9367570332

************************************************
 Random coefficient initial guess, Trial 16
************************************************

  Initializing L-BFGS optimisation...
    > Num. MOs       =      8
    > Num. params    =     22
    > Max subspace   =     20
    > Max step size   =  0.500
    > Backtracking   =  0.100
    > Parallel tr.   = True
    > Pseudo-canon.  = True
    > Canon interval = 10
    > Hybrid prec.   = True
  ================================================================
           Energy / Eh     Step Len    Max(|G_i|)
  ================================================================
     0    50.1536776259                 1.01e+01
     1    39.8084663691    5.00e-01     6.50e+00    rescaled  
     2    34.7202345524    5.00e-01     9.46e+00    rescaled  
     3    29.4163793844    5.00e-01     5.50e+00    rescaled  
     4    26.3209796316    5.00e-01     4.51e+00    rescaled  
     5    25.1731004754    5.00e-01     3.81e+00    rescaled  
     6    24.1233137728    2.31e-01     1.61e+00              
     7    23.8690245649    2.16e-01     1.27e+00              
     8    23.6955266675    7.94e-02     7.21e-01              
     9    23.5408578774    7.46e-02     8.24e-01              
    10    24.2597851482    5.00e-01     4.07e+00    understep 
    11    23.3943751875    1.58e-01     1.45e+00    overstep  
    12    25.9480014402    5.00e-01     5.67e+00    rescaled  
    13    23.2813355853    7.86e-02     1.80e+00    overstep  
    14    23.1796828442    1.45e-01     1.28e+00              
    15    23.0429475547    4.27e-02     9.87e-01              
    16    22.9658840770    6.59e-02     4.39e-01              
    17    22.9450829564    3.83e-02     2.94e-01              
    18    22.9396329963    2.79e-02     2.49e-01              
    19    22.9368744848    1.23e-02     2.02e-02              
    20    22.9367671117    1.49e-03     7.35e-03              
    21    22.9367576800    7.71e-04     2.12e-03              
    22    22.9367571948    2.70e-04     8.79e-04              
    23    22.9367570393    6.96e-05     2.15e-04              
    24    22.9367570345    1.37e-05     1.06e-04              
    25    22.9367570333    6.82e-06     3.51e-05              
    26    22.9367570332    3.67e-06     7.64e-06              
    27    22.9367570332    5.74e-07     4.33e-06              
    28    22.9367570332    1.59e-07     2.66e-07              
  ================================================================
  L-BFGS converged in     28 iterations (  0.07 seconds)
 Converged energy (trial 16): 22.9367570332

************************************************
 Random coefficient initial guess, Trial 17
************************************************

  Initializing L-BFGS optimisation...
    > Num. MOs       =      8
    > Num. params    =     22
    > Max subspace   =     20
    > Max step size   =  0.500
    > Backtracking   =  0.100
    > Parallel tr.   = True
    > Pseudo-canon.  = True
    > Canon interval = 10
    > Hybrid prec.   = True
  ================================================================
           Energy / Eh     Step Len    Max(|G_i|)
  ================================================================
     0    46.0189176871                 7.82e+00
     1    39.8746758774    5.00e-01     8.28e+00    rescaled  
     2    35.2354767354    5.00e-01     9.34e+00    rescaled  
     3    32.3065860797    5.00e-01     9.41e+00    rescaled  
     4    30.6240411675    5.00e-01     6.08e+00    rescaled  
     5    27.3712932240    2.56e-01     5.98e+00              
     6    26.0361262584    2.67e-01     6.59e+00              
     7    24.7262888954    1.65e-01     2.96e+00              
     8    24.0839323096    1.91e-01     1.69e+00              
     9    23.8260257349    1.33e-01     1.34e+00              
    10    23.6823360531    6.16e-02     9.80e-01              
    11    23.5128036353    1.21e-01     6.08e-01              
    12    24.0207632419    5.00e-01     4.96e+00    rescaled  
    13    23.3264580510    1.94e-01     9.17e-01    overstep  
    14    23.3650193609    2.98e-01     1.94e+00              
    15    23.2680285104    2.53e-01     1.60e+00    overstep  
    16    23.0161536750    1.11e-01     7.81e-01              
    17    22.9637371581    7.25e-02     6.25e-01              
    18    22.9453853182    4.05e-02     2.28e-01              
    19    22.9396956271    1.68e-02     1.64e-01              
    20    22.9375434504    7.21e-03     8.12e-02              
    21    22.9367913634    5.52e-03     1.68e-02              
    22    22.9367616959    1.13e-03     8.70e-03              
    23    22.9367576173    3.78e-04     2.53e-03              
    24    22.9367571153    1.30e-04     9.12e-04              
    25    22.9367570411    5.70e-05     1.97e-04              
    26    22.9367570339    1.69e-05     8.90e-05              
    27    22.9367570332    6.31e-06     1.96e-05              
    28    22.9367570332    9.84e-07     8.96e-06              
    29    22.9367570332    3.01e-07     6.28e-07              
  ================================================================
  L-BFGS converged in     29 iterations (  0.04 seconds)
 Converged energy (trial 17): 22.9367570332

************************************************
 Random coefficient initial guess, Trial 18
************************************************

  Initializing L-BFGS optimisation...
    > Num. MOs       =      8
    > Num. params    =     22
    > Max subspace   =     20
    > Max step size   =  0.500
    > Backtracking   =  0.100
    > Parallel tr.   = True
    > Pseudo-canon.  = True
    > Canon interval = 10
    > Hybrid prec.   = True
  ================================================================
           Energy / Eh     Step Len    Max(|G_i|)
  ================================================================
     0    47.1955970128                 5.54e+00
     1    41.5797102489    5.00e-01     6.94e+00    rescaled  
     2    39.3799243279    5.00e-01     6.34e+00    rescaled  
     3    34.3416265557    3.74e-01     5.72e+00              
     4    31.5074258846    5.00e-01     4.63e+00    rescaled  
     5    27.8879381632    5.00e-01     3.79e+00    rescaled  
     6    26.2720196742    5.00e-01     3.53e+00    rescaled  
     7    24.6678737376    2.09e-01     2.90e+00              
     8    23.8743277256    1.47e-01     1.91e+00              
     9    23.5453359069    1.48e-01     1.30e+00              
    10    23.3656604552    9.60e-02     9.02e-01              
    11    23.1826559950    1.06e-01     8.65e-01              
    12    23.0411011593    1.86e-01     7.45e-01              
    13    22.9925264750    6.41e-02     7.61e-01              
    14    22.9533769347    4.11e-02     3.52e-01              
    15    22.9433176461    2.44e-02     1.69e-01              
    16    22.9383852874    1.68e-02     1.30e-01              
    17    22.9380585992    1.76e-02     1.29e-01              
    18    22.9368440883    5.65e-03     2.57e-02              
    19    22.9367836112    1.46e-03     1.25e-02              
    20    22.9367609870    1.21e-03     5.39e-03              
    21    22.9367577651    3.00e-04     2.37e-03              
    22    22.9367570599    2.04e-04     4.94e-04              
    23    22.9367570349    3.89e-05     1.70e-04              
    24    22.9367570332    5.33e-06     2.86e-05              
    25    22.9367570332    9.54e-07     4.76e-06              
    26    22.9367570332    2.13e-07     8.23e-07              
  ================================================================
  L-BFGS converged in     26 iterations (  0.04 seconds)
 Converged energy (trial 18): 22.9367570332

************************************************
 Random coefficient initial guess, Trial 19
************************************************

  Initializing L-BFGS optimisation...
    > Num. MOs       =      8
    > Num. params    =     22
    > Max subspace   =     20
    > Max step size   =  0.500
    > Backtracking   =  0.100
    > Parallel tr.   = True
    > Pseudo-canon.  = True
    > Canon interval = 10
    > Hybrid prec.   = True
  ================================================================
           Energy / Eh     Step Len    Max(|G_i|)
  ================================================================
     0    39.0172484454                 8.90e+00
     1    32.5261104451    5.00e-01     7.27e+00    rescaled  
  Step has positive overlap with gradient - reversing direction
     2    28.7448619314    5.00e-01     5.82e+00    reset L-BFGS
     3    24.9555778043    5.00e-01     2.20e+00    rescaled  
     4    23.9422910998    3.88e-01     2.29e+00              
     5    23.5381888905    1.95e-01     8.98e-01              
     6    23.4020003596    4.67e-02     1.17e+00              
     7    23.6538276090    2.70e-01     2.29e+00              
     8    23.1956916500    1.62e-01     1.52e+00    overstep  
     9    23.0594244961    5.95e-02     1.32e+00              
    10    22.9628681814    4.68e-02     4.25e-01              
    11    22.9398657188    4.61e-02     1.31e-01              
    12    22.9369828813    1.14e-02     4.81e-02              
    13    22.9368097254    4.65e-03     1.18e-02              
    14    22.9367750067    2.21e-03     1.63e-02              
    15    22.9367571646    7.45e-04     9.92e-04              
    16    22.9367570378    5.83e-05     1.64e-04              
    17    22.9367570338    1.19e-05     5.17e-05              
    18    22.9367570332    6.84e-06     2.10e-05              
    19    22.9367570332    1.61e-06     1.42e-05              
    20    22.9367570332    5.44e-07     6.53e-07              
  ================================================================
  L-BFGS converged in     20 iterations (  0.02 seconds)
 Converged energy (trial 19): 22.9367570332

===============================================
 Best solution: 'random_trial_13'
 Energy        = 22.9367570332
===============================================

  Initializing Davidson diagonalisation...
    > Max iterations =   1000
    > Target states  =      5
    > Convergence    =  1.000e-04
    > Basis per root =      4
    > Max basis size =     20
  Davidson diagonalisation converged in      7 iterations (  0.03 seconds)

   --------------------------
    Converged eigenvalues:   
   --------------------------
       0        4.99765660   
       1        6.03899057   
       2        9.00847658   
       3        9.93999367   
       4        9.96400740   
   --------------------------

 ---------------------------------------------
         Total Energy =    22.93675703 Eh
              Nuclear =   112.15328437 Eh
         One Electron =  -175.64688945 Eh
              Coulomb =   112.15328442 Eh
        ROHF Exchange =   -25.72292230 Eh
 ---------------------------------------------
           <Sz> =  0.00
           <S2> =  0.00
  Spin Coupling = +-

 -----------------------------------------------------------------------------------------------
  Open-Shell Exchange Matrix <Ψ|Êpq Êqp|Ψ> - Np
 -----------------------------------------------------------------------------------------------
           1              2        
   1   0.00000000     1.00000000   
   2   1.00000000     0.00000000   

 -----------------------------------------------------------------------------------------------
  Open-Shell Exchange Integrals <pq|qp>
 -----------------------------------------------------------------------------------------------
           1              2        
   1   6.81995386     0.04542774   
   2   0.04542774     6.81995379   

 -----------------------------------------------------------------------------------------------
  Occupied Orbital Coefficients
 -----------------------------------------------------------------------------------------------
           1              2              3              4              5        
   1  -0.42101042    -0.00000001     0.51056515     0.24914545    -0.24914548   
   2  -0.36911696    -0.00000000    -0.60311912     0.00000001    -0.00000002   
   3  -0.42646962     0.50000000     0.26100510     0.00000000     0.00000000   
   4  -0.42646962    -0.50000001     0.26100510    -0.00000001     0.00000000   
   5  -0.37640572     0.45424703    -0.32728945     0.24359478     0.17430301   
   6  -0.37640571    -0.45424702    -0.32728949    -0.17430300    -0.24359476   
   7  -0.14033477     0.20894889     0.11199651    -0.92089779     0.01240372   
   8  -0.14033478    -0.20894888     0.11199652    -0.01240375     0.92089779   

 -----------------------------------------------------------------------------------------------
  Virtual Orbital Coefficients
 -----------------------------------------------------------------------------------------------
           6              7              8        
   1  -0.50267773     0.00000003     0.43039706   
   2  -0.60985399     0.00000002    -0.35788003   
   3   0.25305942     0.49999999    -0.43123189   
   4   0.25305939    -0.50000000    -0.43123188   
   5   0.33420668    -0.45424705     0.37027765   
   6   0.33420674     0.45424701     0.37027766   
   7  -0.10937742    -0.20894888     0.14238556   
   8  -0.10937743     0.20894889     0.14238557   

 -----------------------------------------------------------------------------------------------
  Generalised Fock Matrix (MO basis)
 -----------------------------------------------------------------------------------------------
           1              2              3              4              5        
   1  -4.57925292     0.00000000     0.00000000    -0.56898542     0.56898538   
   2   0.00000000    -0.29624094     0.00000000     1.13266018     1.13266016   
   3   0.00000000     0.00000000     0.35216079     0.63256403    -0.63256402   
   4  -0.56898544     1.13266009     0.63256413     0.86858391    -0.07632701   
   5   0.56898531     1.13266021    -0.63256401    -0.07632737     0.86858395   
   6   0.00000008     0.00000002    -0.00000006     0.00000001     0.00000014   
   7  -0.00000007     0.00000018    -0.00000011    -0.00000005     0.00000005   
   8   0.00000017     0.00000017     0.00000005    -0.00000006    -0.00000001   

[[-0.42101  -0.        0.510565  0.249145 -0.249145 -0.502678  0.        0.430397]
 [-0.369117 -0.       -0.603119  0.       -0.       -0.609854  0.       -0.35788 ]
 [-0.42647   0.5       0.261005  0.        0.        0.253059  0.5      -0.431232]
 [-0.42647  -0.5       0.261005 -0.        0.        0.253059 -0.5      -0.431232]
 [-0.376406  0.454247 -0.327289  0.243595  0.174303  0.334207 -0.454247  0.370278]
 [-0.376406 -0.454247 -0.327289 -0.174303 -0.243595  0.334207  0.454247  0.370278]
 [-0.140335  0.208949  0.111997 -0.920898  0.012404 -0.109377 -0.208949  0.142386]
 [-0.140335 -0.208949  0.111997 -0.012404  0.920898 -0.109377  0.208949  0.142386]]
 Saved MO coefficients to FCIDUMP/FCIDUMP_AO_meta-xylylene_OS1_mo_coeff.npy
